[ai] Устройство: cuda
[ai] Мозг задачки bridge: сети legs, head, hands; загружен (316619 шагов, epsilon 0.01).
[demo] Загружено демо-переходов: 181 (задача: bridge)
[ai] Задача по умолчанию: bridge.
[sim] Мост: 12 ботов (учитель ведёт 4), учу 480 мин. Мозги — C:\Users\denis\mc-bot\data\sim\brains.
[ai] Новый бот в рое: id=1, задача bridge (сессий: 1)
[ai] Новый бот в рое: id=2, задача bridge (сессий: 2)
[ai] Новый бот в рое: id=3, задача bridge (сессий: 3)
[ai] Новый бот в рое: id=4, задача bridge (сессий: 4)
[ai] Новый бот в рое: id=5, задача bridge (сессий: 5)
[ai] Новый бот в рое: id=6, задача bridge (сессий: 6)
[ai] Новый бот в рое: id=7, задача bridge (сессий: 7)
[ai] Новый бот в рое: id=8, задача bridge (сессий: 8)
[ai] Новый бот в рое: id=9, задача bridge (сессий: 9)
[ai] Новый бот в рое: id=10, задача bridge (сессий: 10)
[ai] Новый бот в рое: id=11, задача bridge (сессий: 11)
[ai] Новый бот в рое: id=12, задача bridge (сессий: 12)
[ai] Мозги сохранены (шагов: bridge 321494).
[ai] Мозги сохранены (шагов: bridge 326372).
[ai] Мозги сохранены (шагов: bridge 331252).
[sim] игровое время 4.0 мин (быстрее настоящего в 0.5 раза), тиков 1600, шагов обучения 4589 (10.5/с), раундов 0, осалили всего 0 (0.0 в минуту игры); салки: ждём игроков (сейчас 0)
[sim] с прошлой сводки: поймали всех 0 раз, время вышло 0 раз; в охоте цель остановили всего 0 раз
[sim] блоки с прошлой сводки: поставили боты 1980
[ai] bridge · ботов 12 · перешёл пропасть 137 раз (2.93 в минуту на бота), в среднем за 9.7 с, упал 54 раза, застрял 37 раз · дошёл из попыток: прямо 61/95, вверх 26/53, вниз 31/47, Г 19/45 · случайных действий 1% · награда +0.593/тик · обучение 10.3 шагов/с по 65.7 мс · loss legs 2.111 head 2.430 hands 2.123
[ai] Мозги сохранены (шагов: bridge 335336).
[sim] Снимок мозгов (bridge): R:\mcbot-sim-snapshots\bridge6\004.0m
[ai] Мозги сохранены (шагов: bridge 336134).
[ai] Мозги сохранены (шагов: bridge 340990).
[ai] Мозги сохранены (шагов: bridge 345877).
[ai] Мозги сохранены (шагов: bridge 350764).
[sim] игровое время 8.0 мин (быстрее настоящего в 0.6 раза), тиков 3200, шагов обучения 9271 (11.9/с), раундов 0, осалили всего 0 (0.0 в минуту игры); салки: ждём игроков (сейчас 0)
[sim] с прошлой сводки: поймали всех 0 раз, время вышло 0 раз; в охоте цель остановили всего 0 раз
[sim] блоки с прошлой сводки: поставили боты 1968
[ai] bridge · ботов 12 · перешёл пропасть 149 раз (3.18 в минуту на бота), в среднем за 10.1 с, упал 50 раз, застрял 34 раза · дошёл из попыток: прямо 80/104, вверх 24/44, вниз 26/45, Г 19/40 · случайных действий 1% · награда +0.679/тик · обучение 13.8 шагов/с по 50.2 мс · loss legs 2.293 head 2.451 hands 2.214
[ai] Мозги сохранены (шагов: bridge 354062).
[sim] Снимок мозгов (bridge): R:\mcbot-sim-snapshots\bridge6\008.0m
[ai] Мозги сохранены (шагов: bridge 355650).
[ai] Мозги сохранены (шагов: bridge 360528).
[ai] Мозги сохранены (шагов: bridge 365410).
[ai] Мозги сохранены (шагов: bridge 370278).
[sim] игровое время 12.0 мин (быстрее настоящего в 0.5 раза), тиков 4801, шагов обучения 13951 (10.4/с), раундов 0, осалили всего 0 (0.0 в минуту игры); салки: ждём игроков (сейчас 0)
[sim] с прошлой сводки: поймали всех 0 раз, время вышло 0 раз; в охоте цель остановили всего 0 раз
[sim] блоки с прошлой сводки: поставили боты 2008
[ai] bridge · ботов 12 · перешёл пропасть 167 раз (3.57 в минуту на бота), в среднем за 10.2 с, упал 46 раз, застрял 32 раза · дошёл из попыток: прямо 62/90, вверх 32/52, вниз 50/64, Г 23/39 · случайных действий 1% · награда +0.791/тик · обучение 8.4 шагов/с по 82.9 мс · loss legs 2.252 head 2.396 hands 2.176
[ai] Мозги сохранены (шагов: bridge 372782).
[sim] Снимок мозгов (bridge): R:\mcbot-sim-snapshots\bridge6\012.0m
[ai] Мозги сохранены (шагов: bridge 375148).
[ai] Мозги сохранены (шагов: bridge 380020).
[sim] Попросили остановиться (data/sim/stop) — сохраняю и выхожу.
[sim] игровое время 14.1 мин (быстрее настоящего в 0.5 раза), тиков 5660, шагов обучения 16460 (10.2/с), раундов 0, осалили всего 0 (0.0 в минуту игры); салки: ждём игроков (сейчас 0)
[sim] с прошлой сводки: поймали всех 0 раз, время вышло 0 раз; в охоте цель остановили всего 0 раз
[sim] блоки с прошлой сводки: поставили боты 1124
[ai] bridge · ботов 12 · перешёл пропасть 93 раза (3.71 в минуту на бота), в среднем за 9.6 с, упал 29 раз, застрял 13 раз · дошёл из попыток: прямо 35/48, вверх 20/21, вниз 22/33, Г 16/32 · случайных действий 1% · награда +0.818/тик · обучение 9.0 шагов/с по 77.7 мс · loss legs 2.277 head 2.400 hands 2.199
[ai] Мозги сохранены (шагов: bridge 382817).
[sim] Снимок мозгов (bridge): R:\mcbot-sim-snapshots\bridge6\014.1m
