[ai] Устройство: cuda
[ai] Мозг задачки bridge: сети legs, head, hands; загружен (382817 шагов, epsilon 0.01).
[demo] Загружено демо-переходов: 181 (задача: bridge)
[ai] Задача по умолчанию: bridge.
[sim] Мост: 12 ботов (учитель ведёт 4), учу 480 мин. Мозги — C:\Users\denis\mc-bot\data\sim\brains.
[ai] Новый бот в рое: id=1, задача bridge (сессий: 1)
[ai] Новый бот в рое: id=2, задача bridge (сессий: 2)
[ai] Новый бот в рое: id=3, задача bridge (сессий: 3)
[ai] Новый бот в рое: id=4, задача bridge (сессий: 4)
[ai] Новый бот в рое: id=5, задача bridge (сессий: 5)
[ai] Новый бот в рое: id=6, задача bridge (сессий: 6)
[ai] Новый бот в рое: id=7, задача bridge (сессий: 7)
[ai] Новый бот в рое: id=8, задача bridge (сессий: 8)
[ai] Новый бот в рое: id=9, задача bridge (сессий: 9)
[ai] Новый бот в рое: id=10, задача bridge (сессий: 10)
[ai] Новый бот в рое: id=11, задача bridge (сессий: 11)
[ai] Новый бот в рое: id=12, задача bridge (сессий: 12)
[ai] Мозги сохранены (шагов: bridge 387693).
[ai] Мозги сохранены (шагов: bridge 392579).
[ai] Мозги сохранены (шагов: bridge 397453).
[sim] игровое время 4.0 мин (быстрее настоящего в 0.4 раза), тиков 1600, шагов обучения 4587 (8.2/с), раундов 0, осалили всего 0 (0.0 в минуту игры); салки: ждём игроков (сейчас 0)
[sim] с прошлой сводки: поймали всех 0 раз, время вышло 0 раз; в охоте цель остановили всего 0 раз
[sim] блоки с прошлой сводки: поставили боты 2067
[ai] bridge · ботов 12 · перешёл пропасть 153 раза (3.27 в минуту на бота), в среднем за 9.1 с, упал 36 раз, застрял 40 раз · дошёл из попыток: прямо 79/109, вверх 29/44, вниз 27/47, Г 18/41 · случайных действий 1% · награда +0.749/тик · обучение 8.2 шагов/с по 84.3 мс · loss legs 1.752 head 1.898 hands 1.721
[ai] Мозги сохранены (шагов: bridge 401527).
[sim] Снимок мозгов (bridge): R:\mcbot-sim-snapshots\bridge7\004.0m
[ai] Мозги сохранены (шагов: bridge 402315).
[ai] Мозги сохранены (шагов: bridge 407188).
[ai] Мозги сохранены (шагов: bridge 412070).
[ai] Мозги сохранены (шагов: bridge 416935).
[sim] игровое время 8.0 мин (быстрее настоящего в 0.5 раза), тиков 3200, шагов обучения 9260 (10.0/с), раундов 0, осалили всего 0 (0.0 в минуту игры); салки: ждём игроков (сейчас 0)
[sim] с прошлой сводки: поймали всех 0 раз, время вышло 0 раз; в охоте цель остановили всего 0 раз
[sim] блоки с прошлой сводки: поставили боты 2159
[ai] bridge · ботов 12 · перешёл пропасть 173 раза (3.70 в минуту на бота), в среднем за 9.5 с, упал 48 раз, застрял 29 раз · дошёл из попыток: прямо 72/97, вверх 40/55, вниз 26/40, Г 35/58 · случайных действий 1% · награда +0.819/тик · обучение 12.8 шагов/с по 54.5 мс · loss legs 2.021 head 2.079 hands 1.974
[ai] Мозги сохранены (шагов: bridge 420219).
[sim] Снимок мозгов (bridge): R:\mcbot-sim-snapshots\bridge7\008.0m
[ai] Мозги сохранены (шагов: bridge 421809).
[ai] Мозги сохранены (шагов: bridge 426693).
[ai] Мозги сохранены (шагов: bridge 431568).
[ai] Мозги сохранены (шагов: bridge 436445).
[sim] игровое время 12.0 мин (быстрее настоящего в 0.5 раза), тиков 4801, шагов обучения 13943 (9.5/с), раундов 0, осалили всего 0 (0.0 в минуту игры); салки: ждём игроков (сейчас 0)
[sim] с прошлой сводки: поймали всех 0 раз, время вышло 0 раз; в охоте цель остановили всего 0 раз
[sim] блоки с прошлой сводки: поставили боты 2029
[ai] bridge · ботов 12 · перешёл пропасть 162 раза (3.46 в минуту на бота), в среднем за 10.1 с, упал 45 раз, застрял 28 раз · дошёл из попыток: прямо 79/109, вверх 26/39, вниз 30/46, Г 27/41 · случайных действий 1% · награда +0.760/тик · обучение 8.6 шагов/с по 80.8 мс · loss legs 2.068 head 2.090 hands 2.009
[ai] Мозги сохранены (шагов: bridge 438949).
[sim] Снимок мозгов (bridge): R:\mcbot-sim-snapshots\bridge7\012.0m
[ai] Мозги сохранены (шагов: bridge 441325).
[ai] Мозги сохранены (шагов: bridge 446197).
[ai] Мозги сохранены (шагов: bridge 451065).
[ai] Мозги сохранены (шагов: bridge 455925).
[sim] игровое время 16.0 мин (быстрее настоящего в 0.5 раза), тиков 6401, шагов обучения 18613 (9.5/с), раундов 0, осалили всего 0 (0.0 в минуту игры); салки: ждём игроков (сейчас 0)
[sim] с прошлой сводки: поймали всех 0 раз, время вышло 0 раз; в охоте цель остановили всего 0 раз
[sim] блоки с прошлой сводки: поставили боты 2027
[ai] bridge · ботов 12 · перешёл пропасть 174 раза (3.73 в минуту на бота), в среднем за 9.5 с, упал 53 раза, застрял 27 раз · дошёл из попыток: прямо 88/112, вверх 26/44, вниз 33/47, Г 27/50 · случайных действий 1% · награда +0.815/тик · обучение 9.6 шагов/с по 72.8 мс · loss legs 2.040 head 2.042 hands 2.016
[ai] Мозги сохранены (шагов: bridge 457632).
[sim] Снимок мозгов (bridge): R:\mcbot-sim-snapshots\bridge7\016.0m
[ai] Мозги сохранены (шагов: bridge 460790).
[ai] Мозги сохранены (шагов: bridge 465661).
[ai] Мозги сохранены (шагов: bridge 470531).
[ai] Мозги сохранены (шагов: bridge 475395).
[sim] игровое время 20.0 мин (быстрее настоящего в 0.5 раза), тиков 8001, шагов обучения 23281 (9.2/с), раундов 0, осалили всего 0 (0.0 в минуту игры); салки: ждём игроков (сейчас 0)
[sim] с прошлой сводки: поймали всех 0 раз, время вышло 0 раз; в охоте цель остановили всего 0 раз
[sim] блоки с прошлой сводки: поставили боты 2254
[ai] bridge · ботов 12 · перешёл пропасть 188 раз (4.03 в минуту на бота), в среднем за 9.6 с, упал 47 раз, застрял 22 раза · дошёл из попыток: прямо 80/95, вверх 42/54, вниз 30/53, Г 36/56 · случайных действий 1% · награда +0.907/тик · обучение 8.3 шагов/с по 84.3 мс · loss legs 2.117 head 2.087 hands 2.101
[ai] Мозги сохранены (шагов: bridge 476301).
[sim] Снимок мозгов (bridge): R:\mcbot-sim-snapshots\bridge7\020.0m
[ai] Мозги сохранены (шагов: bridge 480251).
[ai] Мозги сохранены (шагов: bridge 485111).
[ai] Мозги сохранены (шагов: bridge 489977).
[ai] Мозги сохранены (шагов: bridge 494843).
[sim] игровое время 24.0 мин (быстрее настоящего в 0.5 раза), тиков 9601, шагов обучения 27946 (9.1/с), раундов 0, осалили всего 0 (0.0 в минуту игры); салки: ждём игроков (сейчас 0)
[sim] с прошлой сводки: поймали всех 0 раз, время вышло 0 раз; в охоте цель остановили всего 0 раз
[sim] блоки с прошлой сводки: поставили боты 2228
[ai] bridge · ботов 12 · перешёл пропасть 187 раз (4.01 в минуту на бота), в среднем за 10.0 с, упал 55 раз, застрял 16 раз · дошёл из попыток: прямо 72/99, вверх 37/46, вниз 36/51, Г 42/62 · случайных действий 1% · награда +0.887/тик · обучение 8.4 шагов/с по 83.3 мс · loss legs 2.179 head 2.118 hands 2.155
[ai] Мозги сохранены (шагов: bridge 494963).
[sim] Снимок мозгов (bridge): R:\mcbot-sim-snapshots\bridge7\024.0m
[sim] Попросили остановиться (data/sim/stop) — сохраняю и выхожу.
[sim] игровое время 24.2 мин (быстрее настоящего в 0.5 раза), тиков 9680, шагов обучения 28177 (9.1/с), раундов 0, осалили всего 0 (0.0 в минуту игры); салки: ждём игроков (сейчас 0)
[sim] с прошлой сводки: поймали всех 0 раз, время вышло 0 раз; в охоте цель остановили всего 0 раз
[sim] блоки с прошлой сводки: поставили боты 103
[ai] bridge · ботов 12 · перешёл пропасть 11 раз (4.77 в минуту на бота), в среднем за 10.5 с, застрял 2 раза · дошёл из попыток: прямо 4/4, вверх 2/3, вниз 2/1, Г 3/5 · случайных действий 1% · награда +1.190/тик · обучение 8.1 шагов/с по 86.7 мс · loss legs 2.173 head 2.128 hands 2.157
[ai] Мозги сохранены (шагов: bridge 495885).
[sim] Снимок мозгов (bridge): R:\mcbot-sim-snapshots\bridge7\024.2m
