[ai] Устройство: cuda
[ai] Мозг задачки hunt: сети legs, head, hands; загружен (596857 шагов, epsilon 0.05), доращён (legs: входов 150 -> 153; head: входов 150 -> 153; hands: входов 150 -> 153).
[ai] Задача по умолчанию: hunt.
[sim] Охота на человека: 8 ботов (учитель ведёт 4), учу 50 мин. Мозги — C:\Users\denis\mc-bot\data\sim\brains.
[ai] Новый бот в рое: id=1, задача hunt (сессий: 1)
[ai] Новый бот в рое: id=2, задача hunt (сессий: 2)
[ai] Новый бот в рое: id=3, задача hunt (сессий: 3)
[ai] Новый бот в рое: id=4, задача hunt (сессий: 4)
[ai] Новый бот в рое: id=5, задача hunt (сессий: 5)
[ai] Новый бот в рое: id=6, задача hunt (сессий: 6)
[ai] Новый бот в рое: id=7, задача hunt (сессий: 7)
[ai] Новый бот в рое: id=8, задача hunt (сессий: 8)
[ai] Охота (hunt): цель Target.
[cmd] [bot#1] Охота на Target! Через 3 с бежим.
[ai] Охота: цель остановлена — Target was slain by AI_1.
[ai] Охота (hunt): цель Target.
[cmd] [bot#1] Охота на Target! Через 3 с бежим.
[ai] Охота: цель остановлена — Target was slain by AI_3.
[ai] Охота (hunt): цель Target.
[cmd] [bot#1] Охота на Target! Через 3 с бежим.
[ai] Мозги сохранены (шагов: hunt 600977).
[ai] Охота: цель остановлена — Target was slain by AI_2.
[ai] Охота (hunt): цель Target.
[cmd] [bot#1] Охота на Target! Через 3 с бежим.
[ai] Мозги сохранены (шагов: hunt 605601).
[ai] Охота: цель остановлена — Target was slain by AI_4.
[ai] Охота (hunt): цель Target.
[cmd] [bot#1] Охота на Target! Через 3 с бежим.
[ai] Охота: цель остановлена — Target was slain by AI_3.
[ai] Охота (hunt): цель Target.
[cmd] [bot#1] Охота на Target! Через 3 с бежим.
[sim] игровое время 4.0 мин (быстрее настоящего в 1.0 раза), тиков 1600, шагов обучения 2550 (10.2/с), раундов 0, осалили всего 0 (0.0 в минуту игры); салки: ждём игроков (сейчас 0)
[sim] с прошлой сводки: поймали всех 0 раз, время вышло 0 раз; в охоте цель остановили всего 5 раз
[sim] блоки с прошлой сводки: поставили боты 158, выкопали боты 8, столбов цели 1, поставила цель 42, коробок цели 2
[ai] hunt · ботов 8 · попал по цели 135 раз (5.0 в минуту охоты, в полную силу 99%, критов 2%), остановили цель 5 раз, в среднем в 21.3 блоках от неё · случайных действий 5% · награда +0.371/тик · обучение 10.1 шагов/с по 63.8 мс · loss legs 0.798 head 0.837 hands 0.833
[ai] Мозги сохранены (шагов: hunt 607585).
[sim] Снимок мозгов (hunt): R:\mcbot-sim-snapshots\r5a\004.0m
[ai] Охота: цель остановлена — Target was slain by AI_7.
[ai] Охота (hunt): цель Target.
[cmd] [bot#1] Охота на Target! Через 3 с бежим.
[ai] Мозги сохранены (шагов: hunt 609473).
[ai] Охота: цель остановлена — Target was slain by AI_1.
[ai] Охота (hunt): цель Target.
[cmd] [bot#1] Охота на Target! Через 3 с бежим.
[ai] Охота: цель остановлена — Target was slain by AI_1.
[ai] Охота (hunt): цель Target.
[cmd] [bot#1] Охота на Target! Через 3 с бежим.
[ai] Мозги сохранены (шагов: hunt 613761).
[ai] Охота: цель остановлена — Target was slain by AI_3.
[ai] Охота (hunt): цель Target.
[cmd] [bot#1] Охота на Target! Через 3 с бежим.
[ai] Мозги сохранены (шагов: hunt 618385).
[ai] Охота: цель остановлена — Target was slain by AI_3.
[ai] Охота (hunt): цель Target.
[cmd] [bot#1] Охота на Target! Через 3 с бежим.
[sim] игровое время 8.0 мин (быстрее настоящего в 1.0 раза), тиков 3200, шагов обучения 5280 (10.7/с), раундов 0, осалили всего 0 (0.0 в минуту игры); салки: ждём игроков (сейчас 0)
[sim] с прошлой сводки: поймали всех 0 раз, время вышло 0 раз; в охоте цель остановили всего 10 раз
[sim] блоки с прошлой сводки: поставили боты 227, столбов цели 2, поставила цель 42, коробок цели 1
[ai] hunt · ботов 8 · попал по цели 134 раза (4.9 в минуту охоты, в полную силу 100%), остановили цель 5 раз, в среднем в 20.0 блоках от неё · случайных действий 5% · награда +0.357/тик · обучение 11.3 шагов/с по 60.0 мс · loss legs 0.985 head 1.076 hands 1.065
[ai] Мозги сохранены (шагов: hunt 618505).
[sim] Снимок мозгов (hunt): R:\mcbot-sim-snapshots\r5a\008.0m
[ai] Охота: цель остановлена — Target was slain by AI_1.
[ai] Охота (hunt): цель Target.
[cmd] [bot#1] Охота на Target! Через 3 с бежим.
[ai] Мозги сохранены (шагов: hunt 622625).
[ai] Охота: цель остановлена — Target was slain by AI_3.
[ai] Охота (hunt): цель Target.
[cmd] [bot#1] Охота на Target! Через 3 с бежим.
[ai] Охота: цель остановлена — Target was slain by AI_2.
[ai] Охота (hunt): цель Target.
[cmd] [bot#1] Охота на Target! Через 3 с бежим.
[ai] Мозги сохранены (шагов: hunt 626857).
[ai] Охота: цель остановлена — Target was slain by AI_4.
[ai] Охота (hunt): цель Target.
[cmd] [bot#1] Охота на Target! Через 3 с бежим.
[ai] Охота: цель остановлена — Target was slain by AI_3.
[ai] Охота (hunt): цель Target.
[cmd] [bot#1] Охота на Target! Через 3 с бежим.
[sim] Попросили остановиться (data/sim/stop) — сохраняю и выхожу.
[sim] игровое время 11.9 мин (быстрее настоящего в 1.0 раза), тиков 4780, шагов обучения 7960 (10.7/с), раундов 0, осалили всего 0 (0.0 в минуту игры); салки: ждём игроков (сейчас 0)
[sim] с прошлой сводки: поймали всех 0 раз, время вышло 0 раз; в охоте цель остановили всего 15 раз
[sim] блоки с прошлой сводки: поставили боты 224, выкопали боты 5, коробок цели 4, поставила цель 62
[ai] hunt · ботов 8 · попал по цели 131 раз (4.9 в минуту охоты, в полную силу 99%, критов 2%), остановили цель 5 раз, в среднем в 25.1 блоках от неё · случайных действий 5% · награда +0.366/тик · обучение 10.6 шагов/с по 60.4 мс · loss legs 0.997 head 1.107 hands 1.053
[ai] Мозги сохранены (шагов: hunt 629225).
[sim] Снимок мозгов (hunt): R:\mcbot-sim-snapshots\r5a\011.9m
