[ai] Устройство: cuda
[ai] Мозг задачки bridge: сети legs, head, hands; загружен (705003 шагов, epsilon 0.01).
[demo] Загружено демо-переходов: 181 (задача: bridge)
[ai] Задача по умолчанию: bridge.
[sim] Мост: 12 ботов (учитель ведёт 2), учу 480 мин. Мозги — C:\Users\denis\mc-bot\data\sim\brains.
[ai] Новый бот в рое: id=1, задача bridge (сессий: 1)
[ai] Новый бот в рое: id=2, задача bridge (сессий: 2)
[ai] Новый бот в рое: id=3, задача bridge (сессий: 3)
[ai] Новый бот в рое: id=4, задача bridge (сессий: 4)
[ai] Новый бот в рое: id=5, задача bridge (сессий: 5)
[ai] Новый бот в рое: id=6, задача bridge (сессий: 6)
[ai] Новый бот в рое: id=7, задача bridge (сессий: 7)
[ai] Новый бот в рое: id=8, задача bridge (сессий: 8)
[ai] Новый бот в рое: id=9, задача bridge (сессий: 9)
[ai] Новый бот в рое: id=10, задача bridge (сессий: 10)
[ai] Новый бот в рое: id=11, задача bridge (сессий: 11)
[ai] Новый бот в рое: id=12, задача bridge (сессий: 12)
[ai] Мозги сохранены (шагов: bridge 709879).
[ai] Мозги сохранены (шагов: bridge 714759).
[ai] Мозги сохранены (шагов: bridge 719633).
[sim] игровое время 4.0 мин (быстрее настоящего в 1.7 раза), тиков 1600, шагов обучения 0 (0.0/с), раундов 0, осалили всего 0 (0.0 в минуту игры); салки: ждём игроков (сейчас 0)
[sim] с прошлой сводки: поймали всех 0 раз, время вышло 0 раз; в охоте цель остановили всего 0 раз
[sim] блоки с прошлой сводки: поставили боты 2012
[ai] bridge · ботов 12 · перешёл пропасть 140 раз (3.00 в минуту на бота), в среднем за 10.3 с, упал 30 раз, застрял 43 раза · дошёл из попыток: прямо 74/103, вверх 25/42, вниз 23/40, Г 18/40 · случайных действий 1% · награда +0.650/тик · обучение — · loss —
[ai] Мозги сохранены (шагов: bridge 723697).
[sim] Снимок мозгов (bridge): R:\mcbot-sim-snapshots\bridge12\004.0m
[ai] Мозги сохранены (шагов: bridge 724487).
[ai] Мозги сохранены (шагов: bridge 729357).
[ai] Мозги сохранены (шагов: bridge 734211).
[ai] Мозги сохранены (шагов: bridge 739073).
[sim] игровое время 8.0 мин (быстрее настоящего в 0.8 раза), тиков 3200, шагов обучения 4376 (7.3/с), раундов 0, осалили всего 0 (0.0 в минуту игры); салки: ждём игроков (сейчас 0)
[sim] с прошлой сводки: поймали всех 0 раз, время вышло 0 раз; в охоте цель остановили всего 0 раз
[sim] блоки с прошлой сводки: поставили боты 2095
[ai] bridge · ботов 12 · перешёл пропасть 157 раз (3.37 в минуту на бота), в среднем за 10.0 с, упал 45 раз, застрял 32 раза · дошёл из попыток: прямо 58/87, вверх 46/59, вниз 31/44, Г 22/44 · случайных действий 1% · награда +0.717/тик · обучение 9.5 шагов/с по 75.4 мс · loss legs 1.752 head 1.725 hands 1.741
[ai] Мозги сохранены (шагов: bridge 742357).
[sim] Снимок мозгов (bridge): R:\mcbot-sim-snapshots\bridge12\008.0m
[ai] Мозги сохранены (шагов: bridge 743945).
[ai] Мозги сохранены (шагов: bridge 748794).
[ai] Мозги сохранены (шагов: bridge 753653).
[ai] Мозги сохранены (шагов: bridge 758518).
[sim] игровое время 12.0 мин (быстрее настоящего в 0.5 раза), тиков 4801, шагов обучения 9041 (6.5/с), раундов 0, осалили всего 0 (0.0 в минуту игры); салки: ждём игроков (сейчас 0)
[sim] с прошлой сводки: поймали всех 0 раз, время вышло 0 раз; в охоте цель остановили всего 0 раз
[sim] блоки с прошлой сводки: поставили боты 2162
[ai] bridge · ботов 12 · перешёл пропасть 175 раз (3.75 в минуту на бота), в среднем за 10.0 с, упал 49 раз, застрял 21 раз · дошёл из попыток: прямо 75/90, вверх 45/55, вниз 36/49, Г 19/50 · случайных действий 1% · награда +0.811/тик · обучение 5.8 шагов/с по 119.4 мс · loss legs 1.523 head 1.495 hands 1.512
[ai] Мозги сохранены (шагов: bridge 761018).
[sim] Снимок мозгов (bridge): R:\mcbot-sim-snapshots\bridge12\012.0m
[ai] Мозги сохранены (шагов: bridge 763380).
[ai] Мозги сохранены (шагов: bridge 768242).
[ai] Мозги сохранены (шагов: bridge 773079).
[ai] Мозги сохранены (шагов: bridge 777941).
[sim] Попросили остановиться (data/sim/stop) — сохраняю и выхожу.
[sim] игровое время 15.7 мин (быстрее настоящего в 0.4 раза), тиков 6280, шагов обучения 13344 (6.1/с), раундов 0, осалили всего 0 (0.0 в минуту игры); салки: ждём игроков (сейчас 0)
[sim] с прошлой сводки: поймали всех 0 раз, время вышло 0 раз; в охоте цель остановили всего 0 раз
[sim] блоки с прошлой сводки: поставили боты 1974
[ai] bridge · ботов 12 · перешёл пропасть 168 раз (3.90 в минуту на бота), в среднем за 10.0 с, упал 48 раз, застрял 17 раз · дошёл из попыток: прямо 83/105, вверх 35/41, вниз 32/47, Г 18/41 · случайных действий 1% · награда +0.859/тик · обучение 5.3 шагов/с по 127.1 мс · loss legs 1.568 head 1.522 hands 1.546
[ai] Мозги сохранены (шагов: bridge 778229).
[sim] Снимок мозгов (bridge): R:\mcbot-sim-snapshots\bridge12\015.7m
