[ai] Устройство: cuda
[ai] Мозг задачки bridge: сети legs, head, hands; загружен (68741 шагов, epsilon 0.05).
[ai] Задача по умолчанию: bridge.
[sim] Мост: 8 ботов (учитель ведёт 4), учу 150 мин. Мозги — C:\Users\denis\mc-bot\data\sim\brains.
[ai] Новый бот в рое: id=1, задача bridge (сессий: 1)
[ai] Новый бот в рое: id=2, задача bridge (сессий: 2)
[ai] Новый бот в рое: id=3, задача bridge (сессий: 3)
[ai] Новый бот в рое: id=4, задача bridge (сессий: 4)
[ai] Новый бот в рое: id=5, задача bridge (сессий: 5)
[ai] Новый бот в рое: id=6, задача bridge (сессий: 6)
[ai] Новый бот в рое: id=7, задача bridge (сессий: 7)
[ai] Новый бот в рое: id=8, задача bridge (сессий: 8)
[ai] Мозги сохранены (шагов: bridge 73640).
[ai] Мозги сохранены (шагов: bridge 78572).
[sim] игровое время 4.0 мин (быстрее настоящего в 0.6 раза), тиков 1600, шагов обучения 3006 (7.4/с), раундов 0, осалили всего 0 (0.0 в минуту игры); салки: ждём игроков (сейчас 0)
[sim] с прошлой сводки: поймали всех 0 раз, время вышло 0 раз; в охоте цель остановили всего 0 раз
[sim] блоки с прошлой сводки: поставили боты 646
[ai] bridge · ботов 8 · перешёл пропасть 89 раз (2.84 в минуту на бота), застрял 15 раз · случайных действий 5% · награда +0.649/тик · обучение 7.3 шагов/с по 89.1 мс · loss legs 1.609 head 1.569 hands 1.417
[ai] Мозги сохранены (шагов: bridge 81300).
[sim] Снимок мозгов (bridge): R:\mcbot-sim-snapshots\bridge3\004.0m
[ai] Мозги сохранены (шагов: bridge 83444).
[ai] Мозги сохранены (шагов: bridge 88347).
[ai] Мозги сохранены (шагов: bridge 93247).
[sim] игровое время 8.0 мин (быстрее настоящего в 0.5 раза), тиков 3200, шагов обучения 6137 (6.1/с), раундов 0, осалили всего 0 (0.0 в минуту игры); салки: ждём игроков (сейчас 0)
[sim] с прошлой сводки: поймали всех 0 раз, время вышло 0 раз; в охоте цель остановили всего 0 раз
[sim] блоки с прошлой сводки: поставили боты 745
[ai] bridge · ботов 8 · перешёл пропасть 97 раз (3.10 в минуту на бота), застрял 15 раз · случайных действий 5% · награда +0.732/тик · обучение 5.3 шагов/с по 129.1 мс · loss legs 1.443 head 1.712 hands 1.454
[ai] Мозги сохранены (шагов: bridge 93824).
[sim] Снимок мозгов (bridge): R:\mcbot-sim-snapshots\bridge3\008.0m
[ai] Мозги сохранены (шагов: bridge 98128).
[ai] Мозги сохранены (шагов: bridge 103031).
[sim] игровое время 12.0 мин (быстрее настоящего в 0.4 раза), тиков 4801, шагов обучения 9276 (5.7/с), раундов 0, осалили всего 0 (0.0 в минуту игры); салки: ждём игроков (сейчас 0)
[sim] с прошлой сводки: поймали всех 0 раз, время вышло 0 раз; в охоте цель остановили всего 0 раз
[sim] блоки с прошлой сводки: поставили боты 691
[ai] bridge · ботов 8 · перешёл пропасть 91 раз (2.90 в минуту на бота), застрял 19 раз · случайных действий 5% · награда +0.689/тик · обучение 5.1 шагов/с по 131.3 мс · loss legs 1.335 head 1.549 hands 1.373
[ai] Мозги сохранены (шагов: bridge 106380).
[sim] Снимок мозгов (bridge): R:\mcbot-sim-snapshots\bridge3\012.0m
[ai] Мозги сохранены (шагов: bridge 107933).
[ai] Мозги сохранены (шагов: bridge 112833).
[ai] Мозги сохранены (шагов: bridge 117705).
[sim] игровое время 16.0 мин (быстрее настоящего в 0.4 раза), тиков 6401, шагов обучения 12401 (5.1/с), раундов 0, осалили всего 0 (0.0 в минуту игры); салки: ждём игроков (сейчас 0)
[sim] с прошлой сводки: поймали всех 0 раз, время вышло 0 раз; в охоте цель остановили всего 0 раз
[sim] блоки с прошлой сводки: поставили боты 652
[ai] bridge · ботов 8 · перешёл пропасть 95 раз (3.04 в минуту на бота), застрял 14 раз · случайных действий 5% · награда +0.698/тик · обучение 3.9 шагов/с по 166.3 мс · loss legs 1.330 head 1.544 hands 1.461
[ai] Мозги сохранены (шагов: bridge 118880).
[sim] Снимок мозгов (bridge): R:\mcbot-sim-snapshots\bridge3\016.0m
[ai] Мозги сохранены (шагов: bridge 122613).
[ai] Мозги сохранены (шагов: bridge 127533).
[sim] игровое время 20.0 мин (быстрее настоящего в 0.4 раза), тиков 8001, шагов обучения 15550 (4.8/с), раундов 0, осалили всего 0 (0.0 в минуту игры); салки: ждём игроков (сейчас 0)
[sim] с прошлой сводки: поймали всех 0 раз, время вышло 0 раз; в охоте цель остановили всего 0 раз
[sim] блоки с прошлой сводки: поставили боты 716
[ai] bridge · ботов 8 · перешёл пропасть 103 раза (3.27 в минуту на бота), застрял 19 раз · случайных действий 5% · награда +0.851/тик · обучение 3.7 шагов/с по 183.0 мс · loss legs 1.360 head 1.609 hands 1.556
[ai] Мозги сохранены (шагов: bridge 131473).
[sim] Снимок мозгов (bridge): R:\mcbot-sim-snapshots\bridge3\020.0m
[ai] Мозги сохранены (шагов: bridge 132456).
[ai] Мозги сохранены (шагов: bridge 137381).
[ai] Мозги сохранены (шагов: bridge 142298).
[sim] Попросили остановиться (data/sim/stop) — сохраняю и выхожу.
[sim] игровое время 23.5 мин (быстрее настоящего в 0.4 раза), тиков 9400, шагов обучения 18306 (4.9/с), раундов 0, осалили всего 0 (0.0 в минуту игры); салки: ждём игроков (сейчас 0)
[sim] с прошлой сводки: поймали всех 0 раз, время вышло 0 раз; в охоте цель остановили всего 0 раз
[sim] блоки с прошлой сводки: поставили боты 559
[ai] bridge · ботов 8 · перешёл пропасть 72 раза (2.61 в минуту на бота), застрял 16 раз · случайных действий 5% · награда +0.661/тик · обучение 5.6 шагов/с по 116.1 мс · loss legs 1.381 head 1.586 hands 1.576
[ai] Мозги сохранены (шагов: bridge 142498).
[sim] Снимок мозгов (bridge): R:\mcbot-sim-snapshots\bridge3\023.5m
