[ai] Устройство: cuda
[ai] Мозг задачки bridge: сети legs, head, hands; загружен (693553 шагов, epsilon 0.01).
[demo] Загружено демо-переходов: 181 (задача: bridge)
[ai] Задача по умолчанию: bridge.
[sim] Мост: 12 ботов (учитель ведёт 2), учу 480 мин. Мозги — C:\Users\denis\mc-bot\data\sim\brains.
[ai] Новый бот в рое: id=1, задача bridge (сессий: 1)
[ai] Новый бот в рое: id=2, задача bridge (сессий: 2)
[ai] Новый бот в рое: id=3, задача bridge (сессий: 3)
[ai] Новый бот в рое: id=4, задача bridge (сессий: 4)
[ai] Новый бот в рое: id=5, задача bridge (сессий: 5)
[ai] Новый бот в рое: id=6, задача bridge (сессий: 6)
[ai] Новый бот в рое: id=7, задача bridge (сессий: 7)
[ai] Новый бот в рое: id=8, задача bridge (сессий: 8)
[ai] Новый бот в рое: id=9, задача bridge (сессий: 9)
[ai] Новый бот в рое: id=10, задача bridge (сессий: 10)
[ai] Новый бот в рое: id=11, задача bridge (сессий: 11)
[ai] Новый бот в рое: id=12, задача bridge (сессий: 12)
[ai] Мозги сохранены (шагов: bridge 698421).
[ai] Мозги сохранены (шагов: bridge 703290).
[sim] Попросили остановиться (data/sim/stop) — сохраняю и выхожу.
[sim] игровое время 2.4 мин (быстрее настоящего в 0.8 раза), тиков 980, шагов обучения 2772 (15.8/с), раундов 0, осалили всего 0 (0.0 в минуту игры); салки: ждём игроков (сейчас 0)
[sim] с прошлой сводки: поймали всех 0 раз, время вышло 0 раз; в охоте цель остановили всего 0 раз
[sim] блоки с прошлой сводки: поставили боты 1278
[ai] bridge · ботов 12 · перешёл пропасть 82 раза (2.87 в минуту на бота), в среднем за 11.1 с, упал 25 раз, застрял 23 раза · дошёл из попыток: прямо 44/62, вверх 19/33, вниз 8/16, Г 11/30 · случайных действий 1% · награда +0.569/тик · обучение 15.6 шагов/с по 44.9 мс · loss legs 1.416 head 1.314 hands 1.303
[ai] Мозги сохранены (шагов: bridge 705003).
[sim] Снимок мозгов (bridge): R:\mcbot-sim-snapshots\bridge11\002.4m
