[ai] Устройство: cuda
[ai] Мозг задачки hunt: сети legs, head, hands; загружен (714593 шагов, epsilon 0.05).
[ai] Задача по умолчанию: hunt.
[sim] Охота на ботов: 8 ботов (учитель ведёт 4), учу 20 мин. Мозги — C:\Users\denis\mc-bot\data\sim\brains.
[ai] Новый бот в рое: id=1, задача hunt (сессий: 1)
[ai] Новый бот в рое: id=2, задача hunt (сессий: 2)
[ai] Новый бот в рое: id=3, задача hunt (сессий: 3)
[ai] Новый бот в рое: id=4, задача hunt (сессий: 4)
[ai] Новый бот в рое: id=5, задача hunt (сессий: 5)
[ai] Новый бот в рое: id=6, задача hunt (сессий: 6)
[ai] Новый бот в рое: id=7, задача hunt (сессий: 7)
[ai] Новый бот в рое: id=8, задача hunt (сессий: 8)
[ai] Охота (hunt): цель AI_4.
[cmd] [bot#1] Охота на AI_4! Через 3 с бежим.
[ai] Мозг задачки flee: сети legs, head, hands; загружен (535640 шагов, epsilon 0.05).
[ai] Мозги сохранены (шагов: hunt 718814, flee 536263).
[ai] Мозги сохранены (шагов: hunt 723189, flee 536888).
[ai] Мозги сохранены (шагов: hunt 727564, flee 537513).
[sim] игровое время 5.0 мин (быстрее настоящего в 1.3 раза), тиков 2000, шагов обучения 3699 (16.4/с), раундов 0, осалили всего 0 (0.0 в минуту игры); салки: ждём игроков (сейчас 0)
[sim] с прошлой сводки: поймали всех 0 раз, время вышло 0 раз; в охоте цель остановили всего 0 раз
[sim] блоки с прошлой сводки: поставили боты 65, выкопали боты 1
[ai] hunt · ботов 7 · попал по цели 13 раз (0.4 в минуту охоты, в полную силу 100%), в среднем в 21.0 блоках от неё · случайных действий 5% · награда +0.017/тик · обучение 14.5 шагов/с по 41.5 мс · loss legs 0.398 head 0.488 hands 0.408
[ai] flee · ботов 1 · осалили 0 раз, водящий в среднем в 5.5 блоках, дразнили воду 91% времени · случайных действий 5% · награда +0.668/тик · обучение 1.6 шагов/с по 41.2 мс · loss legs 0.463 head 0.616 hands 0.395
[ai] Мозги сохранены (шагов: hunt 728439, flee 537639).
[ai] Мозги сохранены (шагов: hunt 731939, flee 538138).
[ai] Мозги сохранены (шагов: hunt 736314, flee 538763).
[ai] Мозги сохранены (шагов: hunt 740689, flee 539388).
[sim] игровое время 10.0 мин (быстрее настоящего в 1.3 раза), тиков 4000, шагов обучения 7699 (16.5/с), раундов 0, осалили всего 0 (0.0 в минуту игры); салки: ждём игроков (сейчас 0)
[sim] с прошлой сводки: поймали всех 0 раз, время вышло 0 раз; в охоте цель остановили всего 0 раз
[ai] hunt · ботов 7 · попал по цели 22 раза (0.6 в минуту охоты, в полную силу 100%), в среднем в 21.5 блоках от неё · случайных действий 5% · награда +0.010/тик · обучение 14.5 шагов/с по 41.4 мс · loss legs 0.400 head 0.457 hands 0.416
[ai] flee · ботов 1 · осалили 0 раз, водящий в среднем в 4.9 блоках, дразнили воду 94% времени · случайных действий 5% · награда +0.643/тик · обучение 2.1 шагов/с по 41.2 мс · loss legs 0.425 head 0.597 hands 0.443
[ai] Мозги сохранены (шагов: hunt 742439, flee 539639).
[ai] Мозги сохранены (шагов: hunt 745064, flee 540013).
[ai] Мозги сохранены (шагов: hunt 749439, flee 540638).
[ai] Мозги сохранены (шагов: hunt 753814, flee 541263).
[sim] игровое время 15.0 мин (быстрее настоящего в 1.3 раза), тиков 6001, шагов обучения 11701 (16.5/с), раундов 0, осалили всего 0 (0.0 в минуту игры); салки: ждём игроков (сейчас 0)
[sim] с прошлой сводки: поймали всех 0 раз, время вышло 0 раз; в охоте цель остановили всего 0 раз
[sim] блоки с прошлой сводки: выкопали боты 1, поставили боты 1
[ai] hunt · ботов 7 · попал по цели 23 раза (0.7 в минуту охоты, в полную силу 100%, критов 4%), в среднем в 20.6 блоках от неё · случайных действий 5% · награда +0.010/тик · обучение 14.5 шагов/с по 41.4 мс · loss legs 0.360 head 0.411 hands 0.375
[ai] flee · ботов 1 · осалили 0 раз, водящий в среднем в 4.6 блоках, дразнили воду 86% времени · случайных действий 5% · награда +0.615/тик · обучение 2.1 шагов/с по 41.2 мс · loss legs 0.326 head 0.429 hands 0.376
[ai] Мозги сохранены (шагов: hunt 756446, flee 541640).
[ai] Мозги сохранены (шагов: hunt 758189, flee 541888).
[ai] Мозги сохранены (шагов: hunt 762564, flee 542513).
[ai] Мозги сохранены (шагов: hunt 766939, flee 543138).
[sim] игровое время 20.0 мин (быстрее настоящего в 1.3 раза), тиков 8001, шагов обучения 15701 (16.5/с), раундов 0, осалили всего 0 (0.0 в минуту игры); салки: ждём игроков (сейчас 0)
[sim] с прошлой сводки: поймали всех 0 раз, время вышло 0 раз; в охоте цель остановили всего 0 раз
[sim] блоки с прошлой сводки: выкопали боты 1, поставили боты 1
[ai] hunt · ботов 7 · попал по цели 20 раз (0.6 в минуту охоты, в полную силу 100%), в среднем в 22.4 блоках от неё · случайных действий 5% · награда +0.016/тик · обучение 14.4 шагов/с по 41.4 мс · loss legs 0.312 head 0.358 hands 0.334
[ai] flee · ботов 1 · осалили 0 раз, водящий в среднем в 5.2 блоках, дразнили воду 93% времени · случайных действий 5% · награда +0.675/тик · обучение 2.1 шагов/с по 41.2 мс · loss legs 0.245 head 0.348 hands 0.269
[ai] Мозги сохранены (шагов: hunt 770446, flee 543640).
[ai] Мозги сохранены (шагов: hunt 771314, flee 543763).
[ai] Мозги сохранены (шагов: hunt 775689, flee 544388).
[ai] Мозги сохранены (шагов: hunt 780064, flee 545013).
[ai] Мозги сохранены (шагов: hunt 784439, flee 545638).
[sim] игровое время 25.0 мин (быстрее настоящего в 1.3 раза), тиков 10001, шагов обучения 19701 (16.5/с), раундов 0, осалили всего 0 (0.0 в минуту игры); салки: ждём игроков (сейчас 0)
[sim] с прошлой сводки: поймали всех 0 раз, время вышло 0 раз; в охоте цель остановили всего 0 раз
[ai] hunt · ботов 7 · попал по цели 13 раз (0.4 в минуту охоты, в полную силу 100%), в среднем в 21.6 блоках от неё · случайных действий 5% · награда +0.013/тик · обучение 14.6 шагов/с по 41.4 мс · loss legs 0.277 head 0.344 hands 0.313
[ai] flee · ботов 1 · осалили 0 раз, водящий в среднем в 5.4 блоках, дразнили воду 89% времени · случайных действий 5% · награда +0.640/тик · обучение 2.1 шагов/с по 41.2 мс · loss legs 0.217 head 0.324 hands 0.243
[ai] Мозги сохранены (шагов: hunt 784446, flee 545640).
[sim] игровое время 25.2 мин (быстрее настоящего в 1.3 раза), тиков 10073, шагов обучения 19845 (16.5/с), раундов 0, осалили всего 0 (0.0 в минуту игры); салки: ждём игроков (сейчас 0)
[sim] с прошлой сводки: поймали всех 0 раз, время вышло 0 раз; в охоте цель остановили всего 0 раз
[ai] hunt · ботов 7 · попал по цели 1 раз (0.8 в минуту охоты, в полную силу 100%), в среднем в 21.1 блоках от неё · случайных действий 5% · награда +0.040/тик · обучение 14.2 шагов/с по 41.7 мс · loss legs 0.257 head 0.338 hands 0.298
[ai] flee · ботов 1 · осалили 0 раз, водящий в среднем в 5.4 блоках, дразнили воду 96% времени · случайных действий 5% · награда +0.704/тик · обучение 2.0 шагов/с по 41.4 мс · loss legs 0.199 head 0.317 hands 0.263
[ai] Мозги сохранены (шагов: hunt 784950, flee 545712).
