[ai] Устройство: cuda
[ai] Мозг задачки hunt: сети legs, head, hands; загружен (596857 шагов, epsilon 0.05).
[ai] Задача по умолчанию: hunt.
[sim] Охота на человека: 8 ботов (учитель ведёт 4), учу 30 мин. Мозги — C:\Users\denis\mc-bot\data\sim\brains.
[ai] Новый бот в рое: id=1, задача hunt (сессий: 1)
[ai] Новый бот в рое: id=2, задача hunt (сессий: 2)
[ai] Новый бот в рое: id=3, задача hunt (сессий: 3)
[ai] Новый бот в рое: id=4, задача hunt (сессий: 4)
[ai] Новый бот в рое: id=5, задача hunt (сессий: 5)
[ai] Новый бот в рое: id=6, задача hunt (сессий: 6)
[ai] Новый бот в рое: id=7, задача hunt (сессий: 7)
[ai] Новый бот в рое: id=8, задача hunt (сессий: 8)
[ai] Охота (hunt): цель Target.
[cmd] [bot#1] Охота на Target! Через 3 с бежим.
[ai] Охота: цель остановлена — Target was slain by AI_2.
[ai] Охота (hunt): цель Target.
[cmd] [bot#1] Охота на Target! Через 3 с бежим.
[ai] Охота: цель остановлена — Target was slain by AI_6.
[ai] Охота (hunt): цель Target.
[cmd] [bot#1] Охота на Target! Через 3 с бежим.
[ai] Мозги сохранены (шагов: hunt 600921).
[ai] Охота: цель остановлена — Target was slain by AI_4.
[ai] Охота (hunt): цель Target.
[cmd] [bot#1] Охота на Target! Через 3 с бежим.
[ai] Охота: цель остановлена — Target was slain by AI_3.
[ai] Охота (hunt): цель Target.
[cmd] [bot#1] Охота на Target! Через 3 с бежим.
[ai] Мозги сохранены (шагов: hunt 605161).
[ai] Охота: цель остановлена — Target was slain by AI_1.
[ai] Охота (hunt): цель Target.
[cmd] [bot#1] Охота на Target! Через 3 с бежим.
[ai] Охота: цель остановлена — Target was slain by AI_3.
[ai] Охота (hunt): цель Target.
[cmd] [bot#1] Охота на Target! Через 3 с бежим.
[ai] Мозги сохранены (шагов: hunt 609409).
[ai] Охота: цель остановлена — Target was slain by AI_1.
[ai] Охота (hunt): цель Target.
[cmd] [bot#1] Охота на Target! Через 3 с бежим.
[sim] игровое время 5.0 мин (быстрее настоящего в 1.7 раза), тиков 2000, шагов обучения 3162 (17.4/с), раундов 0, осалили всего 0 (0.0 в минуту игры); салки: ждём игроков (сейчас 0)
[sim] с прошлой сводки: поймали всех 0 раз, время вышло 0 раз; в охоте цель остановили всего 7 раз
[sim] блоки с прошлой сводки: поставили боты 235, столбов цели 6, поставила цель 96, выкопали боты 1
[ai] hunt · ботов 8 · попал по цели 179 раз (5.4 в минуту охоты, в полную силу 98%, критов 2%), остановили цель 7 раз, в среднем в 20.4 блоках от неё · случайных действий 5% · награда +0.432/тик · обучение 17.3 шагов/с по 41.9 мс · loss legs 0.952 head 1.092 hands 1.068
[ai] Мозги сохранены (шагов: hunt 610033).
[ai] Охота: цель остановлена — Target was slain by AI_1.
[ai] Охота (hunt): цель Target.
[cmd] [bot#1] Охота на Target! Через 3 с бежим.
[ai] Мозги сохранены (шагов: hunt 613657).
[ai] Охота: цель остановлена — Target was slain by AI_2.
[ai] Охота (hunt): цель Target.
[cmd] [bot#1] Охота на Target! Через 3 с бежим.
[ai] Охота: цель остановлена — Target was slain by AI_8.
[ai] Охота (hunt): цель Target.
[cmd] [bot#1] Охота на Target! Через 3 с бежим.
[ai] Мозги сохранены (шагов: hunt 617905).
[ai] Охота: цель остановлена — Target was slain by AI_1.
[ai] Охота (hunt): цель Target.
[cmd] [bot#1] Охота на Target! Через 3 с бежим.
[ai] Охота: цель остановлена — Target was slain by AI_1.
[ai] Охота (hunt): цель Target.
[cmd] [bot#1] Охота на Target! Через 3 с бежим.
[ai] Мозги сохранены (шагов: hunt 622145).
[ai] Охота: цель остановлена — Target was slain by AI_3.
[ai] Охота (hunt): цель Target.
[cmd] [bot#1] Охота на Target! Через 3 с бежим.
[sim] игровое время 10.0 мин (быстрее настоящего в 1.4 раза), тиков 4000, шагов обучения 6594 (15.3/с), раундов 0, осалили всего 0 (0.0 в минуту игры); салки: ждём игроков (сейчас 0)
[sim] с прошлой сводки: поймали всех 0 раз, время вышло 0 раз; в охоте цель остановили всего 13 раз
[sim] блоки с прошлой сводки: поставили боты 331, столбов цели 5, поставила цель 80, выкопали боты 1
[ai] hunt · ботов 8 · попал по цели 158 раз (4.6 в минуту охоты, в полную силу 100%, критов 4%), остановили цель 6 раз, в среднем в 22.4 блоках от неё · случайных действий 5% · награда +0.313/тик · обучение 13.8 шагов/с по 42.5 мс · loss legs 1.088 head 1.188 hands 1.119
[ai] Мозги сохранены (шагов: hunt 623761).
[ai] Охота: цель остановлена — Target was slain by AI_4.
[ai] Охота (hunt): цель Target.
[cmd] [bot#1] Охота на Target! Через 3 с бежим.
[ai] Мозги сохранены (шагов: hunt 626377).
[ai] Охота: цель остановлена — Target was slain by AI_3.
[ai] Охота (hunt): цель Target.
[cmd] [bot#1] Охота на Target! Через 3 с бежим.
[ai] Мозги сохранены (шагов: hunt 630993).
[ai] Охота: цель остановлена — Target was slain by AI_3.
[ai] Охота (hunt): цель Target.
[cmd] [bot#1] Охота на Target! Через 3 с бежим.
[ai] Охота: цель остановлена — Target was slain by AI_2.
[ai] Охота (hunt): цель Target.
[cmd] [bot#1] Охота на Target! Через 3 с бежим.
[ai] Мозги сохранены (шагов: hunt 635225).
[ai] Охота: цель остановлена — Target was slain by AI_6.
[sim] игровое время 15.0 мин (быстрее настоящего в 1.4 раза), тиков 6001, шагов обучения 10208 (15.6/с), раундов 0, осалили всего 0 (0.0 в минуту игры); салки: ждём игроков (сейчас 0)
[sim] с прошлой сводки: поймали всех 0 раз, время вышло 0 раз; в охоте цель остановили всего 18 раз
[sim] блоки с прошлой сводки: поставили боты 255, выкопали боты 1, столбов цели 2, поставила цель 32
[ai] hunt · ботов 8 · попал по цели 149 раз (4.1 в минуту охоты, в полную силу 100%, критов 1%), остановили цель 5 раз, в среднем в 20.5 блоках от неё · случайных действий 5% · награда +0.254/тик · обучение 16.1 шагов/с по 42.1 мс · loss legs 1.027 head 1.111 hands 1.041
[ai] Мозги сохранены (шагов: hunt 638217).
[ai] Охота (hunt): цель Target.
[cmd] [bot#1] Охота на Target! Через 3 с бежим.
[ai] Охота: цель остановлена — Target was slain by AI_3.
[ai] Охота (hunt): цель Target.
[cmd] [bot#1] Охота на Target! Через 3 с бежим.
[ai] Мозги сохранены (шагов: hunt 639625).
[ai] Охота: цель остановлена — Target was slain by AI_4.
[ai] Охота (hunt): цель Target.
[cmd] [bot#1] Охота на Target! Через 3 с бежим.
[ai] Мозги сохранены (шагов: hunt 644241).
[ai] Охота: цель остановлена — Target was slain by AI_1.
[ai] Охота (hunt): цель Target.
[cmd] [bot#1] Охота на Target! Через 3 с бежим.
[ai] Охота: цель остановлена — Target was slain by AI_1.
[ai] Охота (hunt): цель Target.
[cmd] [bot#1] Охота на Target! Через 3 с бежим.
[ai] Мозги сохранены (шагов: hunt 648641).
[ai] Охота: цель остановлена — Target was slain by AI_2.
[ai] Охота (hunt): цель Target.
[cmd] [bot#1] Охота на Target! Через 3 с бежим.
[sim] игровое время 20.0 мин (быстрее настоящего в 1.4 раза), тиков 8001, шагов обучения 13636 (15.8/с), раундов 0, осалили всего 0 (0.0 в минуту игры); салки: ждём игроков (сейчас 0)
[sim] с прошлой сводки: поймали всех 0 раз, время вышло 0 раз; в охоте цель остановили всего 23 раз
[sim] блоки с прошлой сводки: поставили боты 293, столбов цели 2, поставила цель 32, выкопали боты 2
[ai] hunt · ботов 8 · попал по цели 151 раз (4.4 в минуту охоты, в полную силу 100%, критов 1%), остановили цель 5 раз, в среднем в 20.1 блоках от неё · случайных действий 5% · награда +0.255/тик · обучение 16.3 шагов/с по 42.7 мс · loss legs 1.011 head 1.084 hands 0.995
[ai] Мозги сохранены (шагов: hunt 651929).
[ai] Мозги сохранены (шагов: hunt 653257).
[ai] Охота: цель остановлена — Target was slain by AI_1.
[ai] Охота (hunt): цель Target.
[cmd] [bot#1] Охота на Target! Через 3 с бежим.
[ai] Охота: цель остановлена — Target was slain by AI_1.
[ai] Охота (hunt): цель Target.
[cmd] [bot#1] Охота на Target! Через 3 с бежим.
[ai] Мозги сохранены (шагов: hunt 657705).
[ai] Охота: цель остановлена — Target was slain by AI_4.
[ai] Охота (hunt): цель Target.
[cmd] [bot#1] Охота на Target! Через 3 с бежим.
[ai] Мозги сохранены (шагов: hunt 662321).
[ai] Охота: цель остановлена — Target was slain by AI_1.
[ai] Охота (hunt): цель Target.
[cmd] [bot#1] Охота на Target! Через 3 с бежим.
[ai] Охота: цель остановлена — Target was slain by AI_4.
[ai] Охота (hunt): цель Target.
[cmd] [bot#1] Охота на Target! Через 3 с бежим.
[sim] игровое время 25.0 мин (быстрее настоящего в 1.4 раза), тиков 10001, шагов обучения 17156 (16.1/с), раундов 0, осалили всего 0 (0.0 в минуту игры); салки: ждём игроков (сейчас 0)
[sim] с прошлой сводки: поймали всех 0 раз, время вышло 0 раз; в охоте цель остановили всего 28 раз
[sim] блоки с прошлой сводки: поставили боты 264, столбов цели 2, поставила цель 32
[ai] hunt · ботов 8 · попал по цели 153 раза (4.3 в минуту охоты, в полную силу 100%, критов 1%), остановили цель 5 раз, в среднем в 19.8 блоках от неё · случайных действий 5% · награда +0.267/тик · обучение 17.5 шагов/с по 42.0 мс · loss legs 1.015 head 1.101 hands 0.999
[ai] Мозги сохранены (шагов: hunt 666009).
[ai] Мозги сохранены (шагов: hunt 666553).
[ai] Охота: цель остановлена — Target was slain by AI_5.
[ai] Охота (hunt): цель Target.
[cmd] [bot#1] Охота на Target! Через 3 с бежим.
[ai] Охота: цель остановлена — Target was slain by AI_3.
[ai] Охота (hunt): цель Target.
[cmd] [bot#1] Охота на Target! Через 3 с бежим.
[ai] Мозги сохранены (шагов: hunt 670785).
[ai] Охота: цель остановлена — Target was slain by AI_1.
[ai] Охота (hunt): цель Target.
[cmd] [bot#1] Охота на Target! Через 3 с бежим.
[ai] Охота: цель остановлена — Target was slain by AI_2.
[ai] Охота (hunt): цель Target.
[cmd] [bot#1] Охота на Target! Через 3 с бежим.
[ai] Мозги сохранены (шагов: hunt 675017).
[ai] Охота: цель остановлена — Target was slain by AI_1.
[ai] Охота (hunt): цель Target.
[cmd] [bot#1] Охота на Target! Через 3 с бежим.
[ai] Мозги сохранены (шагов: hunt 679633).
[ai] Охота: цель остановлена — Target was slain by AI_3.
[ai] Охота (hunt): цель Target.
[cmd] [bot#1] Охота на Target! Через 3 с бежим.
[sim] игровое время 30.0 мин (быстрее настоящего в 1.4 раза), тиков 12001, шагов обучения 20594 (16.2/с), раундов 0, осалили всего 0 (0.0 в минуту игры); салки: ждём игроков (сейчас 0)
[sim] с прошлой сводки: поймали всех 0 раз, время вышло 0 раз; в охоте цель остановили всего 34 раз
[sim] блоки с прошлой сводки: поставили боты 249, столбов цели 4, поставила цель 57, выкопали боты 4
[ai] hunt · ботов 8 · попал по цели 164 раза (4.8 в минуту охоты, в полную силу 99%, критов 3%), остановили цель 6 раз, в среднем в 16.1 блоках от неё · случайных действий 5% · награда +0.261/тик · обучение 16.5 шагов/с по 42.1 мс · loss legs 1.042 head 1.160 hands 1.041
[ai] Мозги сохранены (шагов: hunt 679761).
[ai] Охота: цель остановлена — Target was slain by AI_2.
[ai] Охота (hunt): цель Target.
[cmd] [bot#1] Охота на Target! Через 3 с бежим.
[ai] Мозги сохранены (шагов: hunt 683865).
[ai] Охота: цель остановлена — Target was slain by AI_4.
[ai] Охота (hunt): цель Target.
[cmd] [bot#1] Охота на Target! Через 3 с бежим.
[ai] Мозги сохранены (шагов: hunt 688481).
[ai] Охота: цель остановлена — Target was slain by AI_2.
[ai] Охота (hunt): цель Target.
[cmd] [bot#1] Охота на Target! Через 3 с бежим.
[ai] Мозги сохранены (шагов: hunt 693097).
[ai] Охота: цель остановлена — Target was slain by AI_2.
[ai] Охота (hunt): цель Target.
[cmd] [bot#1] Охота на Target! Через 3 с бежим.
[sim] игровое время 35.0 мин (быстрее настоящего в 1.4 раза), тиков 14001, шагов обучения 24198 (16.2/с), раундов 0, осалили всего 0 (0.0 в минуту игры); салки: ждём игроков (сейчас 0)
[sim] с прошлой сводки: поймали всех 0 раз, время вышло 0 раз; в охоте цель остановили всего 38 раз
[sim] блоки с прошлой сводки: поставили боты 279, выкопали боты 2
[ai] hunt · ботов 8 · попал по цели 134 раза (3.7 в минуту охоты, в полную силу 100%), остановили цель 4 раза, в среднем в 19.4 блоках от неё · случайных действий 5% · награда +0.206/тик · обучение 16.6 шагов/с по 42.2 мс · loss legs 1.004 head 1.120 hands 1.013
[ai] Мозги сохранены (шагов: hunt 694177).
[ai] Охота: цель остановлена — Target was slain by AI_4.
[ai] Охота (hunt): цель Target.
[cmd] [bot#1] Охота на Target! Через 3 с бежим.
[ai] Мозги сохранены (шагов: hunt 697345).
[ai] Охота: цель остановлена — Target was slain by AI_2.
[ai] Охота (hunt): цель Target.
[cmd] [bot#1] Охота на Target! Через 3 с бежим.
[ai] Мозги сохранены (шагов: hunt 701969).
[ai] Охота: цель остановлена — Target was slain by AI_4.
[ai] Охота (hunt): цель Target.
[cmd] [bot#1] Охота на Target! Через 3 с бежим.
[ai] Мозги сохранены (шагов: hunt 706593).
[ai] Охота: цель остановлена — Target was slain by AI_4.
[ai] Охота (hunt): цель Target.
[cmd] [bot#1] Охота на Target! Через 3 с бежим.
[sim] игровое время 40.0 мин (быстрее настоящего в 1.4 раза), тиков 16001, шагов обучения 27822 (16.3/с), раундов 0, осалили всего 0 (0.0 в минуту игры); салки: ждём игроков (сейчас 0)
[sim] с прошлой сводки: поймали всех 0 раз, время вышло 0 раз; в охоте цель остановили всего 42 раз
[sim] блоки с прошлой сводки: поставили боты 213
[ai] hunt · ботов 8 · попал по цели 137 раз (3.8 в минуту охоты, в полную силу 100%), остановили цель 4 раза, в среднем в 19.0 блоках от неё · случайных действий 5% · награда +0.206/тик · обучение 16.4 шагов/с по 41.9 мс · loss legs 0.980 head 1.097 hands 0.998
[ai] Мозги сохранены (шагов: hunt 708673).
[ai] Мозги сохранены (шагов: hunt 711217).
[ai] Охота: цель остановлена — Target was slain by AI_2.
[ai] Охота (hunt): цель Target.
[cmd] [bot#1] Охота на Target! Через 3 с бежим.
[sim] игровое время 42.0 мин (быстрее настоящего в 1.4 раза), тиков 16788, шагов обучения 29302 (16.3/с), раундов 0, осалили всего 0 (0.0 в минуту игры); салки: ждём игроков (сейчас 0)
[sim] с прошлой сводки: поймали всех 0 раз, время вышло 0 раз; в охоте цель остановили всего 43 раз
[sim] блоки с прошлой сводки: поставили боты 94, выкопали боты 1
[ai] hunt · ботов 8 · попал по цели 44 раза (3.0 в минуту охоты, в полную силу 100%), остановили цель 1 раз, в среднем в 21.9 блоках от неё · случайных действий 5% · награда +0.180/тик · обучение 16.7 шагов/с по 41.5 мс · loss legs 1.007 head 1.116 hands 1.019
[ai] Мозги сохранены (шагов: hunt 714593).
