[ai] Устройство: cuda
[ai] Мозг задачки hunt: сети legs, head, hands; загружен (596857 шагов, epsilon 0.05), доращён (legs: входов 150 -> 152; head: входов 150 -> 152; hands: входов 150 -> 152).
[ai] Задача по умолчанию: hunt.
[sim] Охота на человека: 8 ботов (учитель ведёт 4), учу 30 мин. Мозги — C:\Users\denis\mc-bot\data\sim\brains.
[ai] Новый бот в рое: id=1, задача hunt (сессий: 1)
[ai] Новый бот в рое: id=2, задача hunt (сессий: 2)
[ai] Новый бот в рое: id=3, задача hunt (сессий: 3)
[ai] Новый бот в рое: id=4, задача hunt (сессий: 4)
[ai] Новый бот в рое: id=5, задача hunt (сессий: 5)
[ai] Новый бот в рое: id=6, задача hunt (сессий: 6)
[ai] Новый бот в рое: id=7, задача hunt (сессий: 7)
[ai] Новый бот в рое: id=8, задача hunt (сессий: 8)
[ai] Охота (hunt): цель Target.
[cmd] [bot#1] Охота на Target! Через 3 с бежим.
[ai] Охота: цель остановлена — Target was slain by AI_2.
[ai] Охота (hunt): цель Target.
[cmd] [bot#1] Охота на Target! Через 3 с бежим.
[ai] Охота: цель остановлена — Target was slain by AI_3.
[ai] Охота (hunt): цель Target.
[cmd] [bot#1] Охота на Target! Через 3 с бежим.
[ai] Мозги сохранены (шагов: hunt 600913).
[ai] Охота: цель остановлена — Target was slain by AI_6.
[ai] Охота (hunt): цель Target.
[cmd] [bot#1] Охота на Target! Через 3 с бежим.
[ai] Охота: цель остановлена — Target was slain by AI_3.
[ai] Охота (hunt): цель Target.
[cmd] [bot#1] Охота на Target! Через 3 с бежим.
[ai] Мозги сохранены (шагов: hunt 605153).
[ai] Охота: цель остановлена — Target was slain by AI_2.
[ai] Охота (hunt): цель Target.
[cmd] [bot#1] Охота на Target! Через 3 с бежим.
[ai] Мозги сохранены (шагов: hunt 609777).
[sim] игровое время 5.0 мин (быстрее настоящего в 1.4 раза), тиков 2000, шагов обучения 3348 (15.9/с), раундов 0, осалили всего 0 (0.0 в минуту игры); салки: ждём игроков (сейчас 0)
[sim] с прошлой сводки: поймали всех 0 раз, время вышло 0 раз; в охоте цель остановили всего 5 раз
[sim] блоки с прошлой сводки: поставили боты 153, столбов цели 3, поставила цель 40
[ai] hunt · ботов 8 · попал по цели 155 раз (4.5 в минуту охоты, в полную силу 99%, критов 1%), остановили цель 5 раз, в среднем в 19.3 блоках от неё · случайных действий 5% · награда +0.297/тик · обучение 15.7 шагов/с по 43.8 мс · loss legs 0.928 head 1.033 hands 0.979
[ai] Мозги сохранены (шагов: hunt 610777).
[ai] Охота: цель остановлена — Target was slain by AI_2.
[ai] Охота (hunt): цель Target.
[cmd] [bot#1] Охота на Target! Через 3 с бежим.
[ai] Мозги сохранены (шагов: hunt 614401).
[ai] Охота: цель остановлена — Target was slain by AI_6.
[ai] Охота (hunt): цель Target.
[cmd] [bot#1] Охота на Target! Через 3 с бежим.
[ai] Охота: цель остановлена — Target was slain by AI_1.
[ai] Охота (hunt): цель Target.
[cmd] [bot#1] Охота на Target! Через 3 с бежим.
[ai] Мозги сохранены (шагов: hunt 618721).
[ai] Охота: цель остановлена — Target was slain by AI_6.
[ai] Охота (hunt): цель Target.
[cmd] [bot#1] Охота на Target! Через 3 с бежим.
[ai] Охота: цель остановлена — Target was slain by AI_1.
[ai] Охота (hunt): цель Target.
[cmd] [bot#1] Охота на Target! Через 3 с бежим.
[ai] Мозги сохранены (шагов: hunt 622961).
[sim] игровое время 10.0 мин (быстрее настоящего в 1.3 раза), тиков 4000, шагов обучения 6876 (15.5/с), раундов 0, осалили всего 0 (0.0 в минуту игры); салки: ждём игроков (сейчас 0)
[sim] с прошлой сводки: поймали всех 0 раз, время вышло 0 раз; в охоте цель остановили всего 10 раз
[sim] блоки с прошлой сводки: поставили боты 211, столбов цели 3, поставила цель 48, выкопали боты 2
[ai] hunt · ботов 8 · попал по цели 149 раз (4.2 в минуту охоты, в полную силу 100%, критов 1%), остановили цель 5 раз, в среднем в 19.5 блоках от неё · случайных действий 5% · награда +0.268/тик · обучение 15.1 шагов/с по 42.1 мс · loss legs 0.949 head 1.039 hands 0.988
[ai] Мозги сохранены (шагов: hunt 624889).
[ai] Охота: цель остановлена — Target was slain by AI_1.
[ai] Охота (hunt): цель Target.
[cmd] [bot#1] Охота на Target! Через 3 с бежим.
[ai] Мозги сохранены (шагов: hunt 627577).
[ai] Охота: цель остановлена — Target was slain by AI_1.
[ai] Охота (hunt): цель Target.
[cmd] [bot#1] Охота на Target! Через 3 с бежим.
[ai] Охота: цель остановлена — Target was slain by AI_4.
[ai] Охота (hunt): цель Target.
[cmd] [bot#1] Охота на Target! Через 3 с бежим.
[ai] Мозги сохранены (шагов: hunt 631809).
[ai] Охота: цель остановлена — Target was slain by AI_3.
[ai] Охота (hunt): цель Target.
[cmd] [bot#1] Охота на Target! Через 3 с бежим.
[ai] Мозги сохранены (шагов: hunt 636425).
[ai] Охота: цель остановлена — Target was slain by AI_2.
[ai] Охота (hunt): цель Target.
[cmd] [bot#1] Охота на Target! Через 3 с бежим.
[sim] игровое время 15.0 мин (быстрее настоящего в 1.3 раза), тиков 6001, шагов обучения 10398 (15.5/с), раундов 0, осалили всего 0 (0.0 в минуту игры); салки: ждём игроков (сейчас 0)
[sim] с прошлой сводки: поймали всех 0 раз, время вышло 0 раз; в охоте цель остановили всего 15 раз
[sim] блоки с прошлой сводки: поставили боты 264, столбов цели 2, поставила цель 32
[ai] hunt · ботов 8 · попал по цели 151 раз (4.3 в минуту охоты, в полную силу 100%, критов 1%), остановили цель 5 раз, в среднем в 19.0 блоках от неё · случайных действий 5% · награда +0.261/тик · обучение 15.6 шагов/с по 45.3 мс · loss legs 0.965 head 1.058 hands 1.013
[ai] Мозги сохранены (шагов: hunt 638977).
[ai] Охота: цель остановлена — Target was slain by AI_4.
[ai] Охота (hunt): цель Target.
[cmd] [bot#1] Охота на Target! Через 3 с бежим.
[ai] Мозги сохранены (шагов: hunt 640913).
[ai] Охота: цель остановлена — Target was slain by AI_1.
[ai] Охота (hunt): цель Target.
[cmd] [bot#1] Охота на Target! Через 3 с бежим.
[ai] Мозги сохранены (шагов: hunt 645529).
[ai] Охота: цель остановлена — Target was slain by AI_2.
[ai] Охота (hunt): цель Target.
[cmd] [bot#1] Охота на Target! Через 3 с бежим.
[ai] Мозги сохранены (шагов: hunt 650145).
[ai] Охота: цель остановлена — Target was slain by AI_3.
[ai] Охота (hunt): цель Target.
[cmd] [bot#1] Охота на Target! Через 3 с бежим.
[ai] Охота: цель остановлена — Target was slain by AI_5.
[ai] Охота (hunt): цель Target.
[cmd] [bot#1] Охота на Target! Через 3 с бежим.
[sim] игровое время 20.0 мин (быстрее настоящего в 1.3 раза), тиков 8001, шагов обучения 13918 (15.4/с), раундов 0, осалили всего 0 (0.0 в минуту игры); салки: ждём игроков (сейчас 0)
[sim] с прошлой сводки: поймали всех 0 раз, время вышло 0 раз; в охоте цель остановили всего 20 раз
[sim] блоки с прошлой сводки: поставили боты 234, выкопали боты 1, столбов цели 1, поставила цель 16
[ai] hunt · ботов 8 · попал по цели 147 раз (4.2 в минуту охоты, в полную силу 100%), остановили цель 5 раз, в среднем в 17.1 блоках от неё · случайных действий 5% · награда +0.242/тик · обучение 15.2 шагов/с по 46.8 мс · loss legs 0.885 head 0.986 hands 0.934
[ai] Мозги сохранены (шагов: hunt 653057).
[ai] Охота: цель остановлена — Target was slain by AI_3.
[ai] Охота (hunt): цель Target.
[cmd] [bot#1] Охота на Target! Через 3 с бежим.
[ai] Мозги сохранены (шагов: hunt 654105).
[ai] Охота: цель остановлена — Target was slain by AI_3.
[ai] Охота (hunt): цель Target.
[cmd] [bot#1] Охота на Target! Через 3 с бежим.
[ai] Мозги сохранены (шагов: hunt 658721).
[ai] Охота: цель остановлена — Target was slain by AI_3.
[ai] Охота (hunt): цель Target.
[cmd] [bot#1] Охота на Target! Через 3 с бежим.
[ai] Охота: цель остановлена — Target was slain by AI_2.
[ai] Охота (hunt): цель Target.
[cmd] [bot#1] Охота на Target! Через 3 с бежим.
[ai] Мозги сохранены (шагов: hunt 663057).
[ai] Охота: цель остановлена — Target was slain by AI_1.
[ai] Охота (hunt): цель Target.
[cmd] [bot#1] Охота на Target! Через 3 с бежим.
[sim] игровое время 25.0 мин (быстрее настоящего в 1.3 раза), тиков 10001, шагов обучения 17438 (15.2/с), раундов 0, осалили всего 0 (0.0 в минуту игры); салки: ждём игроков (сейчас 0)
[sim] с прошлой сводки: поймали всех 0 раз, время вышло 0 раз; в охоте цель остановили всего 25 раз
[sim] блоки с прошлой сводки: поставили боты 291, столбов цели 3, поставила цель 43, выкопали боты 1
[ai] hunt · ботов 8 · попал по цели 149 раз (4.2 в минуту охоты, в полную силу 100%, критов 3%), остановили цель 5 раз, в среднем в 20.1 блоках от неё · случайных действий 5% · награда +0.251/тик · обучение 14.3 шагов/с по 48.2 мс · loss legs 0.934 head 1.056 hands 0.990
[ai] Мозги сохранены (шагов: hunt 667137).
[ai] Мозги сохранены (шагов: hunt 667673).
[ai] Охота: цель остановлена — Target was slain by AI_1.
[ai] Охота (hunt): цель Target.
[cmd] [bot#1] Охота на Target! Через 3 с бежим.
[ai] Охота: цель остановлена — Target was slain by AI_2.
[ai] Охота (hunt): цель Target.
[cmd] [bot#1] Охота на Target! Через 3 с бежим.
[ai] Мозги сохранены (шагов: hunt 671905).
[ai] Охота: цель остановлена — Target was slain by AI_1.
[ai] Охота (hunt): цель Target.
[cmd] [bot#1] Охота на Target! Через 3 с бежим.
[ai] Мозги сохранены (шагов: hunt 676521).
[ai] Охота: цель остановлена — Target was slain by AI_2.
[ai] Охота (hunt): цель Target.
[cmd] [bot#1] Охота на Target! Через 3 с бежим.
[ai] Охота: цель остановлена — Target was slain by AI_1.
[ai] Охота (hunt): цель Target.
[cmd] [bot#1] Охота на Target! Через 3 с бежим.
[ai] Мозги сохранены (шагов: hunt 680753).
[sim] игровое время 30.0 мин (быстрее настоящего в 1.2 раза), тиков 12001, шагов обучения 20958 (14.5/с), раундов 0, осалили всего 0 (0.0 в минуту игры); салки: ждём игроков (сейчас 0)
[sim] с прошлой сводки: поймали всех 0 раз, время вышло 0 раз; в охоте цель остановили всего 30 раз
[sim] блоки с прошлой сводки: поставили боты 263, столбов цели 3, поставила цель 48, выкопали боты 1
[ai] hunt · ботов 8 · попал по цели 158 раз (4.5 в минуту охоты, в полную силу 100%, критов 5%), остановили цель 5 раз, в среднем в 19.5 блоках от неё · случайных действий 5% · награда +0.259/тик · обучение 11.7 шагов/с по 62.0 мс · loss legs 0.940 head 1.058 hands 0.981
[ai] Мозги сохранены (шагов: hunt 681217).
[ai] Охота: цель остановлена — Target was slain by AI_2.
[ai] Охота (hunt): цель Target.
[cmd] [bot#1] Охота на Target! Через 3 с бежим.
[ai] Охота: цель остановлена — Target was slain by AI_2.
[ai] Охота (hunt): цель Target.
[cmd] [bot#1] Охота на Target! Через 3 с бежим.
[ai] Охота: цель остановлена — Target was slain by AI_1.
[ai] Охота (hunt): цель Target.
[cmd] [bot#1] Охота на Target! Через 3 с бежим.
[ai] Мозги сохранены (шагов: hunt 684929).
[ai] Охота: цель остановлена — Target was slain by AI_3.
[ai] Охота (hunt): цель Target.
[cmd] [bot#1] Охота на Target! Через 3 с бежим.
[ai] Мозги сохранены (шагов: hunt 689545).
[ai] Охота: цель остановлена — Target was slain by AI_1.
[ai] Охота (hunt): цель Target.
[cmd] [bot#1] Охота на Target! Через 3 с бежим.
[ai] Охота: цель остановлена — Target was slain by AI_1.
[ai] Охота (hunt): цель Target.
[cmd] [bot#1] Охота на Target! Через 3 с бежим.
[ai] Мозги сохранены (шагов: hunt 693785).
[sim] игровое время 35.0 мин (быстрее настоящего в 1.2 раза), тиков 14001, шагов обучения 24384 (14.2/с), раундов 0, осалили всего 0 (0.0 в минуту игры); салки: ждём игроков (сейчас 0)
[sim] с прошлой сводки: поймали всех 0 раз, время вышло 0 раз; в охоте цель остановили всего 36 раз
[sim] блоки с прошлой сводки: поставили боты 327, выкопали боты 1, столбов цели 4, поставила цель 64
[ai] hunt · ботов 8 · попал по цели 160 раз (4.7 в минуту охоты, в полную силу 100%, критов 4%), остановили цель 6 раз, в среднем в 19.7 блоках от неё · случайных действий 5% · награда +0.290/тик · обучение 13.0 шагов/с по 53.5 мс · loss legs 0.981 head 1.109 hands 1.025
[ai] Мозги сохранены (шагов: hunt 694921).
[ai] Охота: цель остановлена — Target was slain by AI_3.
[ai] Охота (hunt): цель Target.
[cmd] [bot#1] Охота на Target! Через 3 с бежим.
[ai] Охота: цель остановлена — Target was slain by AI_3.
[ai] Охота (hunt): цель Target.
[cmd] [bot#1] Охота на Target! Через 3 с бежим.
[ai] Мозги сохранены (шагов: hunt 698033).
[sim] игровое время 36.7 мин (быстрее настоящего в 1.2 раза), тиков 14679, шагов обучения 25552 (14.2/с), раундов 0, осалили всего 0 (0.0 в минуту игры); салки: ждём игроков (сейчас 0)
[sim] с прошлой сводки: поймали всех 0 раз, время вышло 0 раз; в охоте цель остановили всего 38 раз
[sim] блоки с прошлой сводки: поставили боты 81, столбов цели 1, поставила цель 16
[ai] hunt · ботов 8 · попал по цели 57 раз (4.9 в минуту охоты, в полную силу 100%, критов 2%), остановили цель 2 раза, в среднем в 19.7 блоках от неё · случайных действий 5% · награда +0.326/тик · обучение 13.2 шагов/с по 52.3 мс · loss legs 0.979 head 1.112 hands 1.023
[ai] Мозги сохранены (шагов: hunt 699593).
