[sim] Мозг walking: начинаю с копии игрового (C:\Users\denis\mc-bot\data\brains\walking).
[ai] Устройство: cuda
[ai] Мозг задачки bridge: сети legs, head, hands; warm start: legs <- мозг walking (доращён: входов 148 -> 178, действий 10 -> 12); head <- мозг walking (доращён: входов 148 -> 178).
[ai] Задача по умолчанию: bridge.
[sim] Мост: 8 ботов (учитель ведёт 4), учу 120 мин. Мозги — C:\Users\denis\mc-bot\data\sim\brains.
[ai] Новый бот в рое: id=1, задача bridge (сессий: 1)
[ai] Новый бот в рое: id=2, задача bridge (сессий: 2)
[ai] Новый бот в рое: id=3, задача bridge (сессий: 3)
[ai] Новый бот в рое: id=4, задача bridge (сессий: 4)
[ai] Новый бот в рое: id=5, задача bridge (сессий: 5)
[ai] Новый бот в рое: id=6, задача bridge (сессий: 6)
[ai] Новый бот в рое: id=7, задача bridge (сессий: 7)
[ai] Новый бот в рое: id=8, задача bridge (сессий: 8)
[ai] Мозги сохранены (шагов: bridge 4678).
[ai] Мозги сохранены (шагов: bridge 9347).
[sim] игровое время 4.0 мин (быстрее настоящего в 0.4 раза), тиков 1600, шагов обучения 2855 (5.0/с), раундов 0, осалили всего 0 (0.0 в минуту игры); салки: ждём игроков (сейчас 0)
[sim] с прошлой сводки: поймали всех 0 раз, время вышло 0 раз; в охоте цель остановили всего 0 раз
[sim] блоки с прошлой сводки: поставили боты 377
[ai] bridge · ботов 8 · перешёл пропасть 30 раз (1.00 в минуту на бота) · случайных действий 72% · награда -0.317/тик · обучение 5.0 шагов/с по 138.6 мс · loss legs 2.412 head 2.852 hands 2.432
[ai] Мозги сохранены (шагов: bridge 11953).
[sim] Снимок мозгов (bridge): R:\mcbot-sim-snapshots\bridge1\004.0m
[ai] Мозги сохранены (шагов: bridge 14030).
[ai] Мозги сохранены (шагов: bridge 18703).
[ai] Мозги сохранены (шагов: bridge 23470).
[sim] игровое время 8.0 мин (быстрее настоящего в 0.4 раза), тиков 3200, шагов обучения 5876 (5.3/с), раундов 0, осалили всего 0 (0.0 в минуту игры); салки: ждём игроков (сейчас 0)
[sim] с прошлой сводки: поймали всех 0 раз, время вышло 0 раз; в охоте цель остановили всего 0 раз
[sim] блоки с прошлой сводки: поставили боты 274
[ai] bridge · ботов 8 · перешёл пропасть 0 раз (0.00 в минуту на бота) · случайных действий 43% · награда -0.504/тик · обучение 5.6 шагов/с по 112.8 мс · loss legs 1.664 head 1.856 hands 1.849
[ai] Мозги сохранены (шагов: bridge 24038).
[sim] Снимок мозгов (bridge): R:\mcbot-sim-snapshots\bridge1\008.0m
[ai] Мозги сохранены (шагов: bridge 28310).
[ai] Мозги сохранены (шагов: bridge 33181).
[sim] игровое время 12.0 мин (быстрее настоящего в 0.4 раза), тиков 4801, шагов обучения 9007 (5.4/с), раундов 0, осалили всего 0 (0.0 в минуту игры); салки: ждём игроков (сейчас 0)
[sim] с прошлой сводки: поймали всех 0 раз, время вышло 0 раз; в охоте цель остановили всего 0 раз
[sim] блоки с прошлой сводки: поставили боты 225
[ai] bridge · ботов 8 · перешёл пропасть 0 раз (0.00 в минуту на бота) · случайных действий 13% · награда -0.200/тик · обучение 5.6 шагов/с по 119.5 мс · loss legs 1.464 head 1.590 hands 1.565
[ai] Мозги сохранены (шагов: bridge 36561).
[sim] Снимок мозгов (bridge): R:\mcbot-sim-snapshots\bridge1\012.0m
[ai] Мозги сохранены (шагов: bridge 38135).
[ai] Мозги сохранены (шагов: bridge 43121).
[sim] Попросили остановиться (data/sim/stop) — сохраняю и выхожу.
[sim] игровое время 14.9 мин (быстрее настоящего в 0.4 раза), тиков 5980, шагов обучения 11357 (5.4/с), раундов 0, осалили всего 0 (0.0 в минуту игры); салки: ждём игроков (сейчас 0)
[sim] с прошлой сводки: поймали всех 0 раз, время вышло 0 раз; в охоте цель остановили всего 0 раз
[sim] блоки с прошлой сводки: поставили боты 52
[ai] bridge · ботов 8 · перешёл пропасть 0 раз (0.00 в минуту на бота) · случайных действий 5% · награда +0.028/тик · обучение 5.4 шагов/с по 129.5 мс · loss legs 1.159 head 1.278 hands 1.237
[ai] Мозги сохранены (шагов: bridge 45961).
[sim] Снимок мозгов (bridge): R:\mcbot-sim-snapshots\bridge1\014.9m
