[ai] Устройство: cuda
[ai] Мозг задачки hunt: сети legs, head, hands; загружен (174939 шагов, epsilon 0.05).
[ai] Задача по умолчанию: hunt.
[sim] Охота на человека: 8 ботов (учитель ведёт 4), учу 60 мин. Мозги — C:\Users\denis\mc-bot\data\sim\brains.
[ai] Новый бот в рое: id=1, задача hunt (сессий: 1)
[ai] Новый бот в рое: id=2, задача hunt (сессий: 2)
[ai] Новый бот в рое: id=3, задача hunt (сессий: 3)
[ai] Новый бот в рое: id=4, задача hunt (сессий: 4)
[ai] Новый бот в рое: id=5, задача hunt (сессий: 5)
[ai] Новый бот в рое: id=6, задача hunt (сессий: 6)
[ai] Новый бот в рое: id=7, задача hunt (сессий: 7)
[ai] Новый бот в рое: id=8, задача hunt (сессий: 8)
[ai] Охота (hunt): цель Target.
[ai] Мозги сохранены (шагов: hunt 179763).
[ai] Мозги сохранены (шагов: hunt 184763).
[ai] Мозги сохранены (шагов: hunt 189763).
[sim] игровое время 5.0 мин (быстрее настоящего в 1.4 раза), тиков 2000, шагов обучения 3824 (18.3/с), раундов 0, осалили всего 0 (0.0 в минуту игры); салки: ждём игроков (сейчас 0)
[sim] с прошлой сводки: поймали всех 0 раз, время вышло 0 раз; в охоте цель остановили всего 0 раз
[ai] hunt · ботов 8 · попал по цели 170 раз (4.3 в минуту охоты, в полную силу 100%, критов 1%), в среднем в 11.5 блоках от неё · случайных действий 5% · награда +0.101/тик · обучение 18.2 шагов/с по 41.5 мс · loss legs 0.467 head 1.146 hands 0.460
[ai] Мозги сохранены (шагов: hunt 190763).
[ai] Мозги сохранены (шагов: hunt 194763).
[ai] Мозги сохранены (шагов: hunt 199763).
[ai] Мозги сохранены (шагов: hunt 204763).
[sim] игровое время 10.0 мин (быстрее настоящего в 1.4 раза), тиков 4000, шагов обучения 7824 (18.5/с), раундов 0, осалили всего 0 (0.0 в минуту игры); салки: ждём игроков (сейчас 0)
[sim] с прошлой сводки: поймали всех 0 раз, время вышло 0 раз; в охоте цель остановили всего 0 раз
[ai] hunt · ботов 8 · попал по цели 172 раза (4.3 в минуту охоты, в полную силу 100%, критов 1%), в среднем в 11.8 блоках от неё · случайных действий 5% · награда +0.115/тик · обучение 18.6 шагов/с по 41.5 мс · loss legs 0.406 head 0.852 hands 0.426
[ai] Мозги сохранены (шагов: hunt 206763).
[ai] Мозги сохранены (шагов: hunt 209763).
[ai] Мозги сохранены (шагов: hunt 214763).
[ai] Мозги сохранены (шагов: hunt 219763).
[sim] игровое время 15.0 мин (быстрее настоящего в 1.4 раза), тиков 6001, шагов обучения 11826 (18.4/с), раундов 0, осалили всего 0 (0.0 в минуту игры); салки: ждём игроков (сейчас 0)
[sim] с прошлой сводки: поймали всех 0 раз, время вышло 0 раз; в охоте цель остановили всего 0 раз
[ai] hunt · ботов 8 · попал по цели 174 раза (4.3 в минуту охоты, в полную силу 99%), в среднем в 11.0 блоках от неё · случайных действий 5% · награда +0.119/тик · обучение 18.2 шагов/с по 41.9 мс · loss legs 0.384 head 0.769 hands 0.422
[ai] Мозги сохранены (шагов: hunt 222771).
[ai] Мозги сохранены (шагов: hunt 224763).
[ai] Мозги сохранены (шагов: hunt 229763).
[ai] Мозги сохранены (шагов: hunt 234763).
[sim] игровое время 20.0 мин (быстрее настоящего в 1.4 раза), тиков 8001, шагов обучения 15826 (18.4/с), раундов 0, осалили всего 0 (0.0 в минуту игры); салки: ждём игроков (сейчас 0)
[sim] с прошлой сводки: поймали всех 0 раз, время вышло 0 раз; в охоте цель остановили всего 0 раз
[ai] hunt · ботов 8 · попал по цели 180 раз (4.5 в минуту охоты, в полную силу 100%), в среднем в 12.9 блоках от неё · случайных действий 5% · награда +0.115/тик · обучение 18.3 шагов/с по 41.4 мс · loss legs 0.376 head 0.716 hands 0.426
[ai] Мозги сохранены (шагов: hunt 238771).
[ai] Мозги сохранены (шагов: hunt 239763).
[ai] Мозги сохранены (шагов: hunt 244763).
[ai] Мозги сохранены (шагов: hunt 249763).
[ai] Мозги сохранены (шагов: hunt 254763).
[sim] игровое время 25.0 мин (быстрее настоящего в 1.4 раза), тиков 10001, шагов обучения 19826 (18.4/с), раундов 0, осалили всего 0 (0.0 в минуту игры); салки: ждём игроков (сейчас 0)
[sim] с прошлой сводки: поймали всех 0 раз, время вышло 0 раз; в охоте цель остановили всего 0 раз
[ai] hunt · ботов 8 · попал по цели 182 раза (4.5 в минуту охоты, в полную силу 100%, критов 1%), в среднем в 12.0 блоках от неё · случайных действий 5% · награда +0.116/тик · обучение 18.4 шагов/с по 43.2 мс · loss legs 0.375 head 0.669 hands 0.424
[ai] Мозги сохранены (шагов: hunt 254771).
[ai] Мозги сохранены (шагов: hunt 259763).
[ai] Мозги сохранены (шагов: hunt 264763).
[ai] Мозги сохранены (шагов: hunt 269763).
[sim] игровое время 30.0 мин (быстрее настоящего в 1.4 раза), тиков 12001, шагов обучения 23826 (18.2/с), раундов 0, осалили всего 0 (0.0 в минуту игры); салки: ждём игроков (сейчас 0)
[sim] с прошлой сводки: поймали всех 0 раз, время вышло 0 раз; в охоте цель остановили всего 0 раз
[ai] hunt · ботов 8 · попал по цели 170 раз (4.2 в минуту охоты, в полную силу 100%, критов 1%), в среднем в 13.1 блоках от неё · случайных действий 5% · награда +0.110/тик · обучение 17.1 шагов/с по 46.5 мс · loss legs 0.374 head 0.630 hands 0.423
[ai] Мозги сохранены (шагов: hunt 270771).
[ai] Мозги сохранены (шагов: hunt 274763).
[ai] Мозги сохранены (шагов: hunt 279763).
[ai] Мозги сохранены (шагов: hunt 284763).
[sim] игровое время 35.0 мин (быстрее настоящего в 1.3 раза), тиков 14001, шагов обучения 27826 (17.0/с), раундов 0, осалили всего 0 (0.0 в минуту игры); салки: ждём игроков (сейчас 0)
[sim] с прошлой сводки: поймали всех 0 раз, время вышло 0 раз; в охоте цель остановили всего 0 раз
[ai] hunt · ботов 8 · попал по цели 171 раз (4.3 в минуту охоты, в полную силу 100%), в среднем в 12.7 блоках от неё · случайных действий 5% · награда +0.106/тик · обучение 12.4 шагов/с по 58.5 мс · loss legs 0.379 head 0.616 hands 0.432
[ai] Мозги сохранены (шагов: hunt 286771).
[ai] Мозги сохранены (шагов: hunt 289763).
[ai] Мозги сохранены (шагов: hunt 294763).
[ai] Мозги сохранены (шагов: hunt 299763).
[sim] игровое время 40.0 мин (быстрее настоящего в 1.3 раза), тиков 16001, шагов обучения 31826 (16.9/с), раундов 0, осалили всего 0 (0.0 в минуту игры); салки: ждём игроков (сейчас 0)
[sim] с прошлой сводки: поймали всех 0 раз, время вышло 0 раз; в охоте цель остановили всего 0 раз
[ai] hunt · ботов 8 · попал по цели 180 раз (4.5 в минуту охоты, в полную силу 100%), в среднем в 13.1 блоках от неё · случайных действий 5% · награда +0.116/тик · обучение 15.9 шагов/с по 45.3 мс · loss legs 0.372 head 0.596 hands 0.428
[ai] Мозги сохранены (шагов: hunt 302771).
[ai] Мозги сохранены (шагов: hunt 304763).
[ai] Мозги сохранены (шагов: hunt 309763).
[ai] Мозги сохранены (шагов: hunt 314763).
[sim] игровое время 45.0 мин (быстрее настоящего в 1.3 раза), тиков 18000, шагов обучения 35824 (16.7/с), раундов 0, осалили всего 0 (0.0 в минуту игры); салки: ждём игроков (сейчас 0)
[sim] с прошлой сводки: поймали всех 0 раз, время вышло 0 раз; в охоте цель остановили всего 0 раз
[ai] hunt · ботов 8 · попал по цели 181 раз (4.5 в минуту охоты, в полную силу 99%), в среднем в 12.6 блоках от неё · случайных действий 5% · награда +0.112/тик · обучение 15.3 шагов/с по 46.1 мс · loss legs 0.374 head 0.581 hands 0.427
[ai] Мозги сохранены (шагов: hunt 318763).
[ai] Мозги сохранены (шагов: hunt 319763).
[ai] Мозги сохранены (шагов: hunt 324763).
[ai] Мозги сохранены (шагов: hunt 329763).
[ai] Мозги сохранены (шагов: hunt 334763).
[sim] игровое время 50.0 мин (быстрее настоящего в 1.1 раза), тиков 20000, шагов обучения 39824 (15.2/с), раундов 0, осалили всего 0 (0.0 в минуту игры); салки: ждём игроков (сейчас 0)
[sim] с прошлой сводки: поймали всех 0 раз, время вышло 0 раз; в охоте цель остановили всего 0 раз
[ai] hunt · ботов 8 · попал по цели 174 раза (4.3 в минуту охоты, в полную силу 100%), в среднем в 12.9 блоках от неё · случайных действий 5% · награда +0.115/тик · обучение 8.4 шагов/с по 94.8 мс · loss legs 0.379 head 0.584 hands 0.440
[ai] Мозги сохранены (шагов: hunt 334763).
[ai] Мозги сохранены (шагов: hunt 339763).
[ai] Мозги сохранены (шагов: hunt 344763).
[ai] Мозги сохранены (шагов: hunt 349763).
[sim] игровое время 55.0 мин (быстрее настоящего в 1.1 раза), тиков 22000, шагов обучения 43824 (14.0/с), раундов 0, осалили всего 0 (0.0 в минуту игры); салки: ждём игроков (сейчас 0)
[sim] с прошлой сводки: поймали всех 0 раз, время вышло 0 раз; в охоте цель остановили всего 0 раз
[ai] hunt · ботов 8 · попал по цели 181 раз (4.5 в минуту охоты, в полную силу 100%), в среднем в 15.1 блоках от неё · случайных действий 5% · награда +0.097/тик · обучение 7.8 шагов/с по 102.3 мс · loss legs 0.380 head 0.575 hands 0.442
[ai] Мозги сохранены (шагов: hunt 350763).
[ai] Мозги сохранены (шагов: hunt 354763).
[ai] Мозги сохранены (шагов: hunt 359763).
[ai] Мозги сохранены (шагов: hunt 364763).
[sim] игровое время 59.9 мин (быстрее настоящего в 1.0 раза), тиков 23957, шагов обучения 47738 (13.3/с), раундов 0, осалили всего 0 (0.0 в минуту игры); салки: ждём игроков (сейчас 0)
[sim] с прошлой сводки: поймали всех 0 раз, время вышло 0 раз; в охоте цель остановили всего 0 раз
[ai] hunt · ботов 8 · попал по цели 177 раз (4.5 в минуту охоты, в полную силу 99%), в среднем в 15.3 блоках от неё · случайных действий 5% · награда +0.103/тик · обучение 8.4 шагов/с по 93.7 мс · loss legs 0.392 head 0.580 hands 0.452
[ai] Мозги сохранены (шагов: hunt 366419).
