[ai] Устройство: cuda
[ai] Мозг задачки chase: сети legs, head, hands; загружен (286576 шагов, epsilon 0.05).
[ai] Мозг задачки flee: сети legs, head, hands; загружен (466396 шагов, epsilon 0.05).
[ai] Задача по умолчанию: tag.
[sim] Салки: 12 ботов (учитель ведёт 6), учу 30 мин. Мозги — C:\Users\denis\mc-bot\data\sim\brains.
[ai] Новый бот в рое: id=1, задача tag (сессий: 1)
[ai] Новый бот в рое: id=2, задача tag (сессий: 2)
[ai] Салки: раунд 1 — водит AI_2, игроков 2.
[ai] Новый бот в рое: id=3, задача tag (сессий: 3)
[ai] Новый бот в рое: id=4, задача tag (сессий: 4)
[ai] Новый бот в рое: id=5, задача tag (сессий: 5)
[ai] Новый бот в рое: id=6, задача tag (сессий: 6)
[ai] Новый бот в рое: id=7, задача tag (сессий: 7)
[ai] Новый бот в рое: id=8, задача tag (сессий: 8)
[ai] Новый бот в рое: id=9, задача tag (сессий: 9)
[ai] Новый бот в рое: id=10, задача tag (сессий: 10)
[ai] Новый бот в рое: id=11, задача tag (сессий: 11)
[ai] Новый бот в рое: id=12, задача tag (сессий: 12)
[ai] Салки: AI_2 осалил AI_8 — убегающих осталось 10.
[ai] Салки: AI_2 осалил AI_10 — убегающих осталось 9.
[ai] Салки: AI_2 осалил AI_3 — убегающих осталось 8.
[ai] Салки: AI_2 осалил AI_9 — убегающих осталось 7.
[ai] Салки: AI_8 осалил AI_7 — убегающих осталось 6.
[ai] Салки: AI_10 осалил AI_11 — убегающих осталось 5.
[ai] Салки: AI_3 осалил AI_12 — убегающих осталось 4.
[ai] Салки: AI_7 осалил AI_1 — убегающих осталось 3.
[ai] Салки: AI_12 осалил AI_6 — убегающих осталось 2.
[ai] Салки: AI_8 осалил AI_4 — убегающих осталось 1.
[ai] Мозги сохранены (шагов: chase 296401, flee 471454).
[ai] Мозги сохранены (шагов: chase 296401, flee 471454).
[ai] Мозги сохранены (шагов: chase 296401, flee 471454).
[ai] Мозги сохранены (шагов: chase 296401, flee 471454).
[ai] Мозги сохранены (шагов: chase 296401, flee 471454).
[ai] Мозги сохранены (шагов: chase 296401, flee 471454).
[ai] Мозги сохранены (шагов: chase 296401, flee 471454).
[ai] Мозги сохранены (шагов: chase 296401, flee 471454).
[ai] Мозги сохранены (шагов: chase 296401, flee 471454).
[ai] Мозги сохранены (шагов: chase 296401, flee 471454).
[ai] Мозги сохранены (шагов: chase 296401, flee 471454).
[ai] Мозги сохранены (шагов: chase 296401, flee 471455).
[ai] Салки: AI_10 осалил AI_5 — убегающих осталось 0.
[ai] Салки: раунд 1 — осалили всех за 223 с.
[ai] Салки: раунд 2 — водит AI_11, игроков 12.
[sim] игровое время 5.0 мин (быстрее настоящего в 0.7 раза), тиков 2000, шагов обучения 5646 (13.7/с), раундов 2, осалили всего 11 (2.2 в минуту игры); салки: раунд 2 идёт 74 с, водят 1, убегают 11, осалили всего 11
[sim] с прошлой сводки: поймали всех 1 раз, время вышло 0 раз; в охоте цель остановили всего 0 раз
[ai] салки: раунд 2 идёт 74 с, водят 1, убегают 11, осалили всего 11
[ai] flee · ботов 11 · осалили 11 раз (в среднем через 146 с беготни), водящий в среднем в 14.0 блоках, дразнили воду 14% времени · случайных действий 5% · награда +0.472/тик · обучение 6.1 шагов/с по 45.7 мс · loss legs 0.366 head 0.343 hands 0.282
[ai] chase · ботов 1 · осалил 11 раз (3.4 за 10 мин вождения), поймали всех 10 раз, в среднем в 21.0 блоках от убегающего · случайных действий 5% · награда +0.106/тик · обучение 7.5 шагов/с по 55.6 мс · loss legs 0.517 head 0.609 hands 0.540
[ai] Мозги сохранены (шагов: chase 299519, flee 477096).
[ai] Салки: AI_11 осалил AI_9 — убегающих осталось 10.
[ai] Салки: AI_11 осалил AI_7 — убегающих осталось 9.
[ai] Салки: AI_7 осалил AI_8 — убегающих осталось 8.
[ai] Салки: AI_7 осалил AI_10 — убегающих осталось 7.
[ai] Мозги сохранены (шагов: chase 300750, flee 481822).
[ai] Мозги сохранены (шагов: chase 300750, flee 481822).
[ai] Мозги сохранены (шагов: chase 300750, flee 481822).
[ai] Мозги сохранены (шагов: chase 300750, flee 481822).
[ai] Мозги сохранены (шагов: chase 300750, flee 481822).
[ai] Мозги сохранены (шагов: chase 300750, flee 481822).
[ai] Мозги сохранены (шагов: chase 300750, flee 481822).
[ai] Мозги сохранены (шагов: chase 300755, flee 481822).
[ai] Мозги сохранены (шагов: chase 300755, flee 481822).
[ai] Мозги сохранены (шагов: chase 300755, flee 481822).
[ai] Мозги сохранены (шагов: chase 300755, flee 481822).
[ai] Мозги сохранены (шагов: chase 300755, flee 481822).
[ai] Салки: AI_11 осалил AI_6 — убегающих осталось 6.
[ai] Салки: AI_11 осалил AI_12 — убегающих осталось 5.
[ai] Салки: AI_11 осалил AI_2 — убегающих осталось 4.
[ai] Салки: AI_2 осалил AI_3 — убегающих осталось 3.
[ai] Салки: AI_11 осалил AI_5 — убегающих осталось 2.
[ai] Салки: AI_11 осалил AI_4 — убегающих осталось 1.
[ai] Салки: AI_6 осалил AI_1 — убегающих осталось 0.
[ai] Салки: раунд 2 — осалили всех за 167 с.
[ai] Салки: раунд 3 — водит AI_5, игроков 12.
[ai] Салки: AI_5 осалил AI_12 — убегающих осталось 10.
[ai] Салки: AI_5 осалил AI_8 — убегающих осталось 9.
[ai] Салки: AI_5 осалил AI_10 — убегающих осталось 8.
[ai] Салки: AI_5 осалил AI_7 — убегающих осталось 7.
[ai] Салки: AI_5 осалил AI_11 — убегающих осталось 6.
[ai] Салки: AI_5 осалил AI_3 — убегающих осталось 5.
[ai] Салки: AI_8 осалил AI_9 — убегающих осталось 4.
[ai] Салки: AI_10 осалил AI_6 — убегающих осталось 3.
[ai] Салки: AI_9 осалил AI_2 — убегающих осталось 2.
[ai] Салки: AI_9 осалил AI_1 — убегающих осталось 1.
[ai] Салки: AI_5 осалил AI_4 — убегающих осталось 0.
[ai] Салки: раунд 3 — осалили всех за 118 с.
[ai] Салки: раунд 4 — водит AI_4, игроков 12.
[ai] Салки: AI_4 осалил AI_7 — убегающих осталось 10.
[ai] Салки: AI_4 осалил AI_12 — убегающих осталось 9.
[ai] Мозги сохранены (шагов: chase 307355, flee 489550).
[ai] Мозги сохранены (шагов: chase 307355, flee 489550).
[ai] Мозги сохранены (шагов: chase 307355, flee 489550).
[ai] Мозги сохранены (шагов: chase 307355, flee 489550).
[ai] Мозги сохранены (шагов: chase 307355, flee 489550).
[ai] Мозги сохранены (шагов: chase 307355, flee 489550).
[ai] Мозги сохранены (шагов: chase 307355, flee 489550).
[ai] Мозги сохранены (шагов: chase 307355, flee 489550).
[ai] Мозги сохранены (шагов: chase 307355, flee 489550).
[ai] Мозги сохранены (шагов: chase 307357, flee 489550).
[ai] Мозги сохранены (шагов: chase 307357, flee 489550).
[ai] Салки: AI_4 осалил AI_5 — убегающих осталось 8.
[ai] Салки: AI_12 осалил AI_9 — убегающих осталось 7.
[ai] Салки: AI_7 осалил AI_8 — убегающих осталось 6.
[ai] Салки: AI_9 осалил AI_11 — убегающих осталось 5.
[ai] Салки: AI_5 осалил AI_10 — убегающих осталось 4.
[ai] Салки: AI_7 осалил AI_2 — убегающих осталось 3.
[ai] Салки: AI_4 осалил AI_1 — убегающих осталось 2.
[ai] Салки: AI_4 осалил AI_6 — убегающих осталось 1.
[sim] игровое время 10.0 мин (быстрее настоящего в 0.8 раза), тиков 4000, шагов обучения 11445 (15.6/с), раундов 4, осалили всего 43 (4.3 в минуту игры); салки: раунд 4 идёт 83 с, водят 11, убегают 1, осалили всего 43
[sim] с прошлой сводки: поймали всех 2 раз, время вышло 0 раз; в охоте цель остановили всего 0 раз
[ai] салки: раунд 4 идёт 83 с, водят 11, убегают 1, осалили всего 43
[ai] flee · ботов 1 · осалили 32 раза (в среднем через 67 с беготни), водящий в среднем в 14.2 блоках, дразнили воду 10% времени · случайных действий 5% · награда +0.395/тик · обучение 11.0 шагов/с по 42.2 мс · loss legs 0.408 head 0.409 hands 0.290
[ai] chase · ботов 11 · осалил 32 раза (14.2 за 10 мин вождения), поймали всех 20 раз, в среднем в 21.6 блоках от убегающего · случайных действий 5% · награда +0.261/тик · обучение 6.9 шагов/с по 42.1 мс · loss legs 0.652 head 0.718 hands 0.681
[ai] Мозги сохранены (шагов: chase 308522, flee 491292).
[ai] Салки: AI_11 осалил AI_3 — убегающих осталось 0.
[ai] Салки: раунд 4 — осалили всех за 97 с.
[ai] Салки: раунд 5 — водит AI_11, игроков 12.
[ai] Салки: AI_11 осалил AI_7 — убегающих осталось 10.
[ai] Мозги сохранены (шагов: chase 310761, flee 500788).
[ai] Мозги сохранены (шагов: chase 310761, flee 500788).
[ai] Мозги сохранены (шагов: chase 310761, flee 500788).
[ai] Мозги сохранены (шагов: chase 310761, flee 500788).
[ai] Мозги сохранены (шагов: chase 310761, flee 500788).
[ai] Мозги сохранены (шагов: chase 310761, flee 500788).
[ai] Мозги сохранены (шагов: chase 310761, flee 500788).
[ai] Мозги сохранены (шагов: chase 310761, flee 500788).
[ai] Мозги сохранены (шагов: chase 310761, flee 500788).
[ai] Мозги сохранены (шагов: chase 310761, flee 500788).
[ai] Мозги сохранены (шагов: chase 310763, flee 500788).
[ai] Мозги сохранены (шагов: chase 310763, flee 500788).
[ai] Салки: AI_11 осалил AI_6 — убегающих осталось 9.
[ai] Салки: AI_6 осалил AI_12 — убегающих осталось 8.
[ai] Салки: AI_6 осалил AI_8 — убегающих осталось 7.
[ai] Салки: AI_6 осалил AI_10 — убегающих осталось 6.
[ai] Салки: AI_8 осалил AI_9 — убегающих осталось 5.
[ai] Салки: AI_6 осалил AI_2 — убегающих осталось 4.
[ai] Салки: AI_2 осалил AI_4 — убегающих осталось 3.
[sim] игровое время 15.0 мин (быстрее настоящего в 0.9 раза), тиков 6001, шагов обучения 17364 (16.4/с), раундов 5, осалили всего 52 (3.5 в минуту игры); салки: раунд 5 идёт 283 с, водят 9, убегают 3, осалили всего 52
[sim] с прошлой сводки: поймали всех 1 раз, время вышло 0 раз; в охоте цель остановили всего 0 раз
[ai] салки: раунд 5 идёт 283 с, водят 9, убегают 3, осалили всего 52
[ai] chase · ботов 9 · осалил 9 раз (4.9 за 10 мин вождения), поймали всех 10 раз, в среднем в 23.0 блоках от убегающего · случайных действий 5% · награда +0.103/тик · обучение 5.7 шагов/с по 41.8 мс · loss legs 0.733 head 0.793 hands 0.745
[ai] flee · ботов 3 · осалили 9 раз (в среднем через 272 с беготни), водящий в среднем в 15.2 блоках, дразнили воду 5% времени · случайных действий 5% · награда +0.478/тик · обучение 12.7 шагов/с по 41.9 мс · loss legs 0.417 head 0.421 hands 0.299
[ai] Мозги сохранены (шагов: chase 315898, flee 507590).
[ai] Салки: раунд 5 — время вышло, не поймали 3.
[ai] Салки: раунд 6 — водит AI_3, игроков 12.
[ai] Салки: AI_3 осалил AI_7 — убегающих осталось 10.
[ai] Салки: AI_3 осалил AI_11 — убегающих осталось 9.
[ai] Мозги сохранены (шагов: chase 317047, flee 509144).
[ai] Мозги сохранены (шагов: chase 317047, flee 509144).
[ai] Мозги сохранены (шагов: chase 317047, flee 509144).
[ai] Мозги сохранены (шагов: chase 317047, flee 509144).
[ai] Мозги сохранены (шагов: chase 317047, flee 509144).
[ai] Мозги сохранены (шагов: chase 317047, flee 509144).
[ai] Мозги сохранены (шагов: chase 317047, flee 509144).
[ai] Мозги сохранены (шагов: chase 317047, flee 509144).
[ai] Мозги сохранены (шагов: chase 317047, flee 509144).
[ai] Мозги сохранены (шагов: chase 317049, flee 509144).
[ai] Мозги сохранены (шагов: chase 317049, flee 509144).
[ai] Салки: AI_3 осалил AI_12 — убегающих осталось 8.
[ai] Салки: AI_3 осалил AI_10 — убегающих осталось 7.
[ai] Салки: AI_10 осалил AI_9 — убегающих осталось 6.
[ai] Салки: AI_3 осалил AI_8 — убегающих осталось 5.
[ai] Салки: AI_3 осалил AI_2 — убегающих осталось 4.
[ai] Салки: AI_3 осалил AI_1 — убегающих осталось 3.
[ai] Салки: AI_1 осалил AI_6 — убегающих осталось 2.
[ai] Салки: AI_1 осалил AI_5 — убегающих осталось 1.
[ai] Салки: AI_6 осалил AI_4 — убегающих осталось 0.
[ai] Салки: раунд 6 — осалили всех за 184 с.
[ai] Салки: раунд 7 — водит AI_2, игроков 12.
[ai] Мозги сохранены (шагов: chase 326544, flee 514303).
[ai] Мозги сохранены (шагов: chase 326544, flee 514303).
[ai] Мозги сохранены (шагов: chase 326544, flee 514303).
[ai] Мозги сохранены (шагов: chase 326544, flee 514303).
[ai] Мозги сохранены (шагов: chase 326544, flee 514303).
[ai] Мозги сохранены (шагов: chase 326544, flee 514303).
[ai] Мозги сохранены (шагов: chase 326544, flee 514303).
[ai] Мозги сохранены (шагов: chase 326544, flee 514303).
[ai] Мозги сохранены (шагов: chase 326544, flee 514303).
[ai] Мозги сохранены (шагов: chase 326544, flee 514303).
[ai] Мозги сохранены (шагов: chase 326544, flee 514303).
[ai] Мозги сохранены (шагов: chase 326545, flee 514303).
[ai] Салки: AI_2 осалил AI_6 — убегающих осталось 10.
[ai] Салки: AI_2 осалил AI_9 — убегающих осталось 9.
[ai] Салки: AI_2 осалил AI_10 — убегающих осталось 8.
[ai] Салки: AI_6 осалил AI_11 — убегающих осталось 7.
[ai] Салки: AI_6 осалил AI_8 — убегающих осталось 6.
[ai] Салки: AI_6 осалил AI_12 — убегающих осталось 5.
[sim] игровое время 20.0 мин (быстрее настоящего в 0.9 раза), тиков 8001, шагов обучения 23190 (16.8/с), раундов 7, осалили всего 69 (3.4 в минуту игры); салки: раунд 7 идёт 92 с, водят 7, убегают 5, осалили всего 69
[sim] с прошлой сводки: поймали всех 1 раз, время вышло 1 раз; в охоте цель остановили всего 0 раз
[ai] салки: раунд 7 идёт 92 с, водят 7, убегают 5, осалили всего 69
[ai] flee · ботов 5 · осалили 17 раз (в среднем через 96 с беготни), продержались до конца раунда 3 раза, водящий в среднем в 13.9 блоках, дразнили воду 14% времени · случайных действий 5% · награда +0.440/тик · обучение 8.3 шагов/с по 42.9 мс · loss legs 0.393 head 0.410 hands 0.290
[ai] chase · ботов 7 · осалил 17 раз (5.5 за 10 мин вождения), поймали всех 10 раз, не успели за раунд 9 раз, в среднем в 21.2 блоках от убегающего · случайных действий 5% · награда +0.122/тик · обучение 9.6 шагов/с по 42.9 мс · loss legs 0.662 head 0.727 hands 0.671
[ai] Мозги сохранены (шагов: chase 328365, flee 518429).
[ai] Салки: AI_8 осалил AI_7 — убегающих осталось 4.
[ai] Салки: AI_12 осалил AI_1 — убегающих осталось 3.
[ai] Салки: AI_8 осалил AI_4 — убегающих осталось 2.
[ai] Салки: AI_8 осалил AI_5 — убегающих осталось 1.
[ai] Салки: AI_6 осалил AI_3 — убегающих осталось 0.
[ai] Салки: раунд 7 — осалили всех за 195 с.
[ai] Салки: раунд 8 — водит AI_6, игроков 12.
[ai] Мозги сохранены (шагов: chase 335233, flee 520250).
[ai] Мозги сохранены (шагов: chase 335233, flee 520250).
[ai] Мозги сохранены (шагов: chase 335233, flee 520250).
[ai] Мозги сохранены (шагов: chase 335233, flee 520250).
[ai] Мозги сохранены (шагов: chase 335233, flee 520250).
[ai] Мозги сохранены (шагов: chase 335233, flee 520250).
[ai] Мозги сохранены (шагов: chase 335233, flee 520250).
[ai] Мозги сохранены (шагов: chase 335233, flee 520250).
[ai] Мозги сохранены (шагов: chase 335233, flee 520250).
[ai] Мозги сохранены (шагов: chase 335233, flee 520250).
[ai] Мозги сохранены (шагов: chase 335233, flee 520250).
[ai] Мозги сохранены (шагов: chase 335234, flee 520250).
[ai] Салки: AI_6 осалил AI_9 — убегающих осталось 10.
[ai] Салки: AI_6 осалил AI_12 — убегающих осталось 9.
[ai] Салки: AI_6 осалил AI_5 — убегающих осталось 8.
[ai] Салки: AI_6 осалил AI_11 — убегающих осталось 7.
[ai] Салки: AI_6 осалил AI_10 — убегающих осталось 6.
[ai] Салки: AI_5 осалил AI_7 — убегающих осталось 5.
[ai] Салки: AI_6 осалил AI_8 — убегающих осталось 4.
[ai] Салки: AI_11 осалил AI_4 — убегающих осталось 3.
[ai] Салки: AI_10 осалил AI_2 — убегающих осталось 2.
[ai] Салки: AI_6 осалил AI_3 — убегающих осталось 1.
[ai] Мозги сохранены (шагов: chase 344193, flee 526174).
[ai] Мозги сохранены (шагов: chase 344204, flee 526174).
[ai] Мозги сохранены (шагов: chase 344204, flee 526174).
[ai] Мозги сохранены (шагов: chase 344204, flee 526174).
[ai] Мозги сохранены (шагов: chase 344204, flee 526174).
[ai] Мозги сохранены (шагов: chase 344204, flee 526174).
[ai] Мозги сохранены (шагов: chase 344204, flee 526174).
[ai] Мозги сохранены (шагов: chase 344204, flee 526174).
[ai] Мозги сохранены (шагов: chase 344204, flee 526174).
[ai] Мозги сохранены (шагов: chase 344204, flee 526174).
[ai] Мозги сохранены (шагов: chase 344204, flee 526174).
[ai] Мозги сохранены (шагов: chase 344204, flee 526174).
[sim] игровое время 25.0 мин (быстрее настоящего в 0.9 раза), тиков 10001, шагов обучения 29090 (17.0/с), раундов 8, осалили всего 84 (3.4 в минуту игры); салки: раунд 8 идёт 194 с, водят 11, убегают 1, осалили всего 84
[sim] с прошлой сводки: поймали всех 1 раз, время вышло 0 раз; в охоте цель остановили всего 0 раз
[ai] салки: раунд 8 идёт 194 с, водят 11, убегают 1, осалили всего 84
[ai] flee · ботов 1 · осалили 15 раз (в среднем через 78 с беготни), водящий в среднем в 11.8 блоках, дразнили воду 29% времени · случайных действий 5% · награда +0.437/тик · обучение 5.8 шагов/с по 42.9 мс · loss legs 0.414 head 0.437 hands 0.337
[ai] chase · ботов 11 · осалил 15 раз (3.8 за 10 мин вождения), поймали всех 10 раз, в среднем в 17.6 блоках от убегающего · случайных действий 5% · награда +0.117/тик · обучение 11.9 шагов/с по 42.9 мс · loss legs 0.645 head 0.723 hands 0.640
[ai] Мозги сохранены (шагов: chase 344215, flee 526175).
[sim] игровое время 26.3 мин (быстрее настоящего в 0.9 раза), тиков 10516, шагов обучения 30635 (17.0/с), раундов 8, осалили всего 84 (3.2 в минуту игры); салки: раунд 8 идёт 271 с, водят 11, убегают 1, осалили всего 84
[sim] с прошлой сводки: поймали всех 0 раз, время вышло 0 раз; в охоте цель остановили всего 0 раз
[ai] салки: раунд 8 идёт 271 с, водят 11, убегают 1, осалили всего 84
[ai] flee · ботов 1 · осалили 0 раз, водящий в среднем в 4.7 блоках, дразнили воду 100% времени · случайных действий 5% · награда +0.623/тик · обучение 1.5 шагов/с по 41.3 мс · loss legs 0.434 head 0.450 hands 0.360
[ai] chase · ботов 11 · осалил 0 раз (0.0 за 10 мин вождения), в среднем в 18.6 блоках от убегающего · случайных действий 5% · награда +0.050/тик · обучение 16.7 шагов/с по 41.5 мс · loss legs 0.622 head 0.715 hands 0.619
[ai] Мозги сохранены (шагов: chase 349880, flee 526690).
