[ai] Устройство: cuda
[ai] Мозг задачки bridge: сети legs, head, hands; загружен (45961 шагов, epsilon 0.05).
[ai] Задача по умолчанию: bridge.
[sim] Мост: 8 ботов (учитель ведёт 4), учу 150 мин. Мозги — C:\Users\denis\mc-bot\data\sim\brains.
[ai] Новый бот в рое: id=1, задача bridge (сессий: 1)
[ai] Новый бот в рое: id=2, задача bridge (сессий: 2)
[ai] Новый бот в рое: id=3, задача bridge (сессий: 3)
[ai] Новый бот в рое: id=4, задача bridge (сессий: 4)
[ai] Новый бот в рое: id=5, задача bridge (сессий: 5)
[ai] Новый бот в рое: id=6, задача bridge (сессий: 6)
[ai] Новый бот в рое: id=7, задача bridge (сессий: 7)
[ai] Новый бот в рое: id=8, задача bridge (сессий: 8)
[ai] Мозги сохранены (шагов: bridge 50859).
[ai] Мозги сохранены (шагов: bridge 55729).
[sim] игровое время 4.0 мин (быстрее настоящего в 0.5 раза), тиков 1600, шагов обучения 2995 (5.7/с), раундов 0, осалили всего 0 (0.0 в минуту игры); салки: ждём игроков (сейчас 0)
[sim] с прошлой сводки: поймали всех 0 раз, время вышло 0 раз; в охоте цель остановили всего 0 раз
[sim] блоки с прошлой сводки: поставили боты 640
[ai] bridge · ботов 8 · перешёл пропасть 81 раз (2.59 в минуту на бота), застрял 20 раз · случайных действий 5% · награда +0.570/тик · обучение 5.7 шагов/с по 112.6 мс · loss legs 1.985 head 2.607 hands 2.029
[ai] Мозги сохранены (шагов: bridge 58476).
[sim] Снимок мозгов (bridge): R:\mcbot-sim-snapshots\bridge2\004.0m
[ai] Мозги сохранены (шагов: bridge 60662).
[ai] Мозги сохранены (шагов: bridge 65597).
[sim] Попросили остановиться (data/sim/stop) — сохраняю и выхожу.
[sim] игровое время 7.3 мин (быстрее настоящего в 0.4 раза), тиков 2900, шагов обучения 5561 (5.4/с), раундов 0, осалили всего 0 (0.0 в минуту игры); салки: ждём игроков (сейчас 0)
[sim] с прошлой сводки: поймали всех 0 раз, время вышло 0 раз; в охоте цель остановили всего 0 раз
[sim] блоки с прошлой сводки: поставили боты 509
[ai] bridge · ботов 8 · перешёл пропасть 57 раз (2.22 в минуту на бота), застрял 19 раз · случайных действий 5% · награда +0.540/тик · обучение 5.1 шагов/с по 128.3 мс · loss legs 1.190 head 1.940 hands 1.230
[ai] Мозги сохранены (шагов: bridge 68741).
[sim] Снимок мозгов (bridge): R:\mcbot-sim-snapshots\bridge2\007.3m
