[ai] Устройство: cuda
[ai] Мозг задачки hunt: сети legs, head, hands; загружен (699593 шагов, epsilon 0.05).
[ai] Задача по умолчанию: hunt.
[sim] Охота на ботов: 8 ботов (учитель ведёт 4), учу 15 мин. Мозги — C:\Users\denis\mc-bot\data\sim\brains.
[ai] Новый бот в рое: id=1, задача hunt (сессий: 1)
[ai] Новый бот в рое: id=2, задача hunt (сессий: 2)
[ai] Новый бот в рое: id=3, задача hunt (сессий: 3)
[ai] Новый бот в рое: id=4, задача hunt (сессий: 4)
[ai] Новый бот в рое: id=5, задача hunt (сессий: 5)
[ai] Новый бот в рое: id=6, задача hunt (сессий: 6)
[ai] Новый бот в рое: id=7, задача hunt (сессий: 7)
[ai] Новый бот в рое: id=8, задача hunt (сессий: 8)
[ai] Охота (hunt): цель AI_7.
[cmd] [bot#1] Охота на AI_7! Через 3 с бежим.
[ai] Мозг задачки flee: сети legs, head, hands; загружен (545712 шагов, epsilon 0.05), доращён (legs: входов 150 -> 152; head: входов 150 -> 152; hands: входов 150 -> 152).
[ai] Мозги сохранены (шагов: hunt 703814, flee 546335).
[ai] Охота: бот-цель AI_7 остановлен.
[ai] Охота (auto): цель AI_8.
[ai] Охота: бот-цель AI_8 остановлен.
[ai] Охота (auto): цель AI_5.
[ai] Мозги сохранены (шагов: hunt 707859, flee 546933).
[ai] Охота: бот-цель AI_5 остановлен.
[ai] Охота (auto): цель AI_4.
[ai] Мозги сохранены (шагов: hunt 711825, flee 547537).
[sim] игровое время 5.0 мин (быстрее настоящего в 1.1 раза), тиков 2000, шагов обучения 3478 (12.6/с), раундов 0, осалили всего 0 (0.0 в минуту игры); салки: ждём игроков (сейчас 0)
[sim] с прошлой сводки: поймали всех 0 раз, время вышло 0 раз; в охоте цель остановили всего 3 раз
[sim] блоки с прошлой сводки: поставили боты 137
[ai] hunt · ботов 7 · попал по цели 110 раз (3.4 в минуту охоты, в полную силу 100%), остановили цель 3 раза, в среднем в 14.0 блоках от неё · случайных действий 5% · награда +0.179/тик · обучение 11.2 шагов/с по 53.8 мс · loss legs 0.525 head 0.592 hands 0.555
[ai] flee · ботов 1 · осалили 0 раз, водящий в среднем в 5.2 блоках, дразнили воду 53% времени · случайных действий 5% · награда +0.408/тик · обучение 1.3 шагов/с по 53.9 мс · loss legs 1.867 head 2.301 hands 2.201
[ai] Мозги сохранены (шагов: hunt 712616, flee 547651).
[ai] Мозги сохранены (шагов: hunt 716200, flee 548162).
[ai] Мозги сохранены (шагов: hunt 720575, flee 548787).
[ai] Мозги сохранены (шагов: hunt 724950, flee 549412).
[sim] игровое время 10.0 мин (быстрее настоящего в 1.0 раза), тиков 4000, шагов обучения 7478 (12.8/с), раундов 0, осалили всего 0 (0.0 в минуту игры); салки: ждём игроков (сейчас 0)
[sim] с прошлой сводки: поймали всех 0 раз, время вышло 0 раз; в охоте цель остановили всего 3 раз
[sim] блоки с прошлой сводки: поставили боты 14
[ai] hunt · ботов 7 · попал по цели 36 раз (1.0 в минуту охоты, в полную силу 100%), в среднем в 20.9 блоках от неё · случайных действий 5% · награда +0.004/тик · обучение 11.3 шагов/с по 52.7 мс · loss legs 0.564 head 0.639 hands 0.604
[ai] flee · ботов 1 · осалили 0 раз, водящий в среднем в 4.9 блоках, дразнили воду 83% времени · случайных действий 5% · награда +0.606/тик · обучение 1.6 шагов/с по 52.3 мс · loss legs 0.636 head 0.915 hands 0.777
[ai] Мозги сохранены (шагов: hunt 726616, flee 549651).
[ai] Мозги сохранены (шагов: hunt 729325, flee 550037).
[ai] Мозги сохранены (шагов: hunt 733700, flee 550662).
[ai] Мозги сохранены (шагов: hunt 738075, flee 551287).
[sim] игровое время 15.0 мин (быстрее настоящего в 1.0 раза), тиков 6001, шагов обучения 11480 (13.0/с), раундов 0, осалили всего 0 (0.0 в минуту игры); салки: ждём игроков (сейчас 0)
[sim] с прошлой сводки: поймали всех 0 раз, время вышло 0 раз; в охоте цель остановили всего 3 раз
[sim] блоки с прошлой сводки: выкопали боты 1, поставили боты 1
[ai] hunt · ботов 7 · попал по цели 34 раза (1.0 в минуту охоты, в полную силу 100%), в среднем в 20.7 блоках от неё · случайных действий 5% · награда +0.018/тик · обучение 11.7 шагов/с по 52.0 мс · loss legs 0.510 head 0.593 hands 0.527
[ai] flee · ботов 1 · осалили 0 раз, водящий в среднем в 5.4 блоках, дразнили воду 80% времени · случайных действий 5% · награда +0.617/тик · обучение 1.7 шагов/с по 51.6 мс · loss legs 0.383 head 0.632 hands 0.448
[ai] Мозги сохранены (шагов: hunt 740623, flee 551652).
[sim] игровое время 15.3 мин (быстрее настоящего в 1.0 раза), тиков 6101, шагов обучения 11680 (13.0/с), раундов 0, осалили всего 0 (0.0 в минуту игры); салки: ждём игроков (сейчас 0)
[sim] с прошлой сводки: поймали всех 0 раз, время вышло 0 раз; в охоте цель остановили всего 3 раз
[ai] hunt · ботов 7 · попал по цели 3 раза (1.7 в минуту охоты, в полную силу 100%), в среднем в 22.7 блоках от неё · случайных действий 5% · награда +0.001/тик · обучение 11.4 шагов/с по 52.3 мс · loss legs 0.399 head 0.475 hands 0.406
[ai] flee · ботов 1 · осалили 0 раз, водящий в среднем в 4.7 блоках, дразнили воду 77% времени · случайных действий 5% · награда +0.594/тик · обучение 1.6 шагов/с по 52.2 мс · loss legs 0.324 head 0.550 hands 0.370
[ai] Мозги сохранены (шагов: hunt 741323, flee 551752).
