[ai] Устройство: cuda
[ai] Мозг задачки bridge: сети legs, head, hands; загружен (495885 шагов, epsilon 0.01).
[demo] Загружено демо-переходов: 181 (задача: bridge)
[ai] Задача по умолчанию: bridge.
[sim] Мост: 12 ботов (учитель ведёт 4), учу 480 мин. Мозги — C:\Users\denis\mc-bot\data\sim\brains.
[ai] Новый бот в рое: id=1, задача bridge (сессий: 1)
[ai] Новый бот в рое: id=2, задача bridge (сессий: 2)
[ai] Новый бот в рое: id=3, задача bridge (сессий: 3)
[ai] Новый бот в рое: id=4, задача bridge (сессий: 4)
[ai] Новый бот в рое: id=5, задача bridge (сессий: 5)
[ai] Новый бот в рое: id=6, задача bridge (сессий: 6)
[ai] Новый бот в рое: id=7, задача bridge (сессий: 7)
[ai] Новый бот в рое: id=8, задача bridge (сессий: 8)
[ai] Новый бот в рое: id=9, задача bridge (сессий: 9)
[ai] Новый бот в рое: id=10, задача bridge (сессий: 10)
[ai] Новый бот в рое: id=11, задача bridge (сессий: 11)
[ai] Новый бот в рое: id=12, задача bridge (сессий: 12)
[ai] Мозги сохранены (шагов: bridge 500747).
[ai] Мозги сохранены (шагов: bridge 505611).
[ai] Мозги сохранены (шагов: bridge 510463).
[sim] игровое время 4.0 мин (быстрее настоящего в 0.4 раза), тиков 1600, шагов обучения 4572 (6.7/с), раундов 0, осалили всего 0 (0.0 в минуту игры); салки: ждём игроков (сейчас 0)
[sim] с прошлой сводки: поймали всех 0 раз, время вышло 0 раз; в охоте цель остановили всего 0 раз
[sim] блоки с прошлой сводки: поставили боты 2138
[ai] bridge · ботов 12 · перешёл пропасть 192 раза (4.12 в минуту на бота), в среднем за 9.6 с, упал 35 раз, застрял 25 раз · дошёл из попыток: прямо 88/110, вверх 33/45, вниз 36/52, Г 35/55 · случайных действий 1% · награда +0.973/тик · обучение 6.6 шагов/с по 103.8 мс · loss legs 1.498 head 1.502 hands 1.491
[ai] Мозги сохранены (шагов: bridge 514535).
[sim] Снимок мозгов (bridge): R:\mcbot-sim-snapshots\bridge8\004.0m
[ai] Мозги сохранены (шагов: bridge 515330).
[ai] Мозги сохранены (шагов: bridge 520192).
[ai] Мозги сохранены (шагов: bridge 525048).
[ai] Мозги сохранены (шагов: bridge 529911).
[sim] игровое время 8.0 мин (быстрее настоящего в 0.5 раза), тиков 3200, шагов обучения 9232 (8.9/с), раундов 0, осалили всего 0 (0.0 в минуту игры); салки: ждём игроков (сейчас 0)
[sim] с прошлой сводки: поймали всех 0 раз, время вышло 0 раз; в охоте цель остановили всего 0 раз
[sim] блоки с прошлой сводки: поставили боты 2207
[ai] bridge · ботов 12 · перешёл пропасть 211 раз (4.53 в минуту на бота), в среднем за 9.6 с, упал 39 раз, застрял 16 раз · дошёл из попыток: прямо 109/120, вверх 28/40, вниз 40/54, Г 34/54 · случайных действий 1% · награда +1.062/тик · обучение 13.1 шагов/с по 54.0 мс · loss legs 1.669 head 1.606 hands 1.620
[ai] Мозги сохранены (шагов: bridge 533174).
[sim] Снимок мозгов (bridge): R:\mcbot-sim-snapshots\bridge8\008.0m
[ai] Мозги сохранены (шагов: bridge 534764).
[ai] Мозги сохранены (шагов: bridge 539632).
[ai] Мозги сохранены (шагов: bridge 544490).
[ai] Мозги сохранены (шагов: bridge 549348).
[sim] игровое время 12.0 мин (быстрее настоящего в 0.4 раза), тиков 4801, шагов обучения 13898 (8.6/с), раундов 0, осалили всего 0 (0.0 в минуту игры); салки: ждём игроков (сейчас 0)
[sim] с прошлой сводки: поймали всех 0 раз, время вышло 0 раз; в охоте цель остановили всего 0 раз
[sim] блоки с прошлой сводки: поставили боты 2209
[ai] bridge · ботов 12 · перешёл пропасть 210 раз (4.50 в минуту на бота), в среднем за 9.4 с, упал 42 раза, застрял 14 раз · дошёл из попыток: прямо 81/101, вверх 47/56, вниз 46/63, Г 36/46 · случайных действий 1% · награда +1.060/тик · обучение 8.2 шагов/с по 85.7 мс · loss legs 1.716 head 1.677 hands 1.699
[ai] Мозги сохранены (шагов: bridge 551840).
[sim] Снимок мозгов (bridge): R:\mcbot-sim-snapshots\bridge8\012.0m
[ai] Мозги сохранены (шагов: bridge 554214).
[ai] Мозги сохранены (шагов: bridge 559074).
[ai] Мозги сохранены (шагов: bridge 563931).
[ai] Мозги сохранены (шагов: bridge 568783).
[sim] игровое время 16.0 мин (быстрее настоящего в 0.5 раза), тиков 6401, шагов обучения 18558 (9.0/с), раундов 0, осалили всего 0 (0.0 в минуту игры); салки: ждём игроков (сейчас 0)
[sim] с прошлой сводки: поймали всех 0 раз, время вышло 0 раз; в охоте цель остановили всего 0 раз
[sim] блоки с прошлой сводки: поставили боты 2260
[ai] bridge · ботов 12 · перешёл пропасть 204 раза (4.38 в минуту на бота), в среднем за 9.9 с, упал 48 раз, застрял 13 раз · дошёл из попыток: прямо 87/108, вверх 49/61, вниз 27/35, Г 41/60 · случайных действий 1% · награда +0.991/тик · обучение 10.5 шагов/с по 66.4 мс · loss legs 1.773 head 1.742 hands 1.764
[ai] Мозги сохранены (шагов: bridge 570478).
[sim] Снимок мозгов (bridge): R:\mcbot-sim-snapshots\bridge8\016.0m
[ai] Мозги сохранены (шагов: bridge 573641).
[ai] Мозги сохранены (шагов: bridge 578492).
[sim] Попросили остановиться (data/sim/stop) — сохраняю и выхожу.
[sim] игровое время 17.8 мин (быстрее настоящего в 0.4 раза), тиков 7140, шагов обучения 20711 (8.2/с), раундов 0, осалили всего 0 (0.0 в минуту игры); салки: ждём игроков (сейчас 0)
[sim] с прошлой сводки: поймали всех 0 раз, время вышло 0 раз; в охоте цель остановили всего 0 раз
[sim] блоки с прошлой сводки: поставили боты 1009
[ai] bridge · ботов 12 · перешёл пропасть 95 раз (4.41 в минуту на бота), в среднем за 10.1 с, упал 16 раз, застрял 5 раз · дошёл из попыток: прямо 43/47, вверх 13/15, вниз 21/28, Г 18/27 · случайных действий 1% · награда +1.042/тик · обучение 4.6 шагов/с по 149.8 мс · loss legs 1.797 head 1.769 hands 1.790
[ai] Мозги сохранены (шагов: bridge 579090).
[sim] Снимок мозгов (bridge): R:\mcbot-sim-snapshots\bridge8\017.8m
