[ai] Устройство: cuda
[ai] Мозг задачки bridge: сети legs, head, hands; загружен (901357 шагов, epsilon 0.01).
[demo] Загружено демо-переходов: 181 (задача: bridge)
[ai] Задача по умолчанию: bridge.
[sim] Мост: 12 ботов (учитель ведёт 2), учу 480 мин. Мозги — C:\Users\denis\mc-bot\data\sim\brains.
[ai] Новый бот в рое: id=1, задача bridge (сессий: 1)
[ai] Новый бот в рое: id=2, задача bridge (сессий: 2)
[ai] Новый бот в рое: id=3, задача bridge (сессий: 3)
[ai] Новый бот в рое: id=4, задача bridge (сессий: 4)
[ai] Новый бот в рое: id=5, задача bridge (сессий: 5)
[ai] Новый бот в рое: id=6, задача bridge (сессий: 6)
[ai] Новый бот в рое: id=7, задача bridge (сессий: 7)
[ai] Новый бот в рое: id=8, задача bridge (сессий: 8)
[ai] Новый бот в рое: id=9, задача bridge (сессий: 9)
[ai] Новый бот в рое: id=10, задача bridge (сессий: 10)
[ai] Новый бот в рое: id=11, задача bridge (сессий: 11)
[ai] Новый бот в рое: id=12, задача bridge (сессий: 12)
[ai] Мозги сохранены (шагов: bridge 906207).
[ai] Мозги сохранены (шагов: bridge 911047).
[ai] Мозги сохранены (шагов: bridge 915900).
[sim] игровое время 4.0 мин (быстрее настоящего в 1.6 раза), тиков 1600, шагов обучения 0 (0.0/с), раундов 0, осалили всего 0 (0.0 в минуту игры); салки: ждём игроков (сейчас 0)
[sim] с прошлой сводки: поймали всех 0 раз, время вышло 0 раз; в охоте цель остановили всего 0 раз
[sim] блоки с прошлой сводки: поставили боты 2192
[ai] bridge · ботов 12 · перешёл пропасть 206 раз (4.43 в минуту на бота), в среднем за 9.9 с, упал 34 раза, застрял 15 раз · дошёл из попыток: прямо 90/103, вверх 44/58, вниз 38/54, Г 34/52 · случайных действий 1% · награда +1.035/тик · обучение — · loss —
[ai] Мозги сохранены (шагов: bridge 919955).
[sim] Снимок мозгов (bridge): R:\mcbot-sim-snapshots\bridge14\004.0m
[ai] Мозги сохранены (шагов: bridge 920751).
[ai] Мозги сохранены (шагов: bridge 925605).
[ai] Мозги сохранены (шагов: bridge 930446).
[ai] Мозги сохранены (шагов: bridge 935277).
[sim] игровое время 8.0 мин (быстрее настоящего в 0.6 раза), тиков 3200, шагов обучения 4333 (5.8/с), раундов 0, осалили всего 0 (0.0 в минуту игры); салки: ждём игроков (сейчас 0)
[sim] с прошлой сводки: поймали всех 0 раз, время вышло 0 раз; в охоте цель остановили всего 0 раз
[sim] блоки с прошлой сводки: поставили боты 2557
[ai] bridge · ботов 12 · перешёл пропасть 209 раз (4.50 в минуту на бота), в среднем за 9.3 с, упал 29 раз, застрял 23 раза · дошёл из попыток: прямо 99/110, вверх 50/57, вниз 29/44, Г 31/50 · случайных действий 1% · награда +1.066/тик · обучение 7.2 шагов/с по 93.9 мс · loss legs 1.815 head 1.715 hands 1.710
[ai] Мозги сохранены (шагов: bridge 938541).
[sim] Снимок мозгов (bridge): R:\mcbot-sim-snapshots\bridge14\008.0m
[ai] Мозги сохранены (шагов: bridge 940117).
[ai] Мозги сохранены (шагов: bridge 944957).
[ai] Мозги сохранены (шагов: bridge 949791).
[ai] Мозги сохранены (шагов: bridge 954632).
[sim] игровое время 12.0 мин (быстрее настоящего в 0.5 раза), тиков 4801, шагов обучения 8977 (5.7/с), раундов 0, осалили всего 0 (0.0 в минуту игры); салки: ждём игроков (сейчас 0)
[sim] с прошлой сводки: поймали всех 0 раз, время вышло 0 раз; в охоте цель остановили всего 0 раз
[sim] блоки с прошлой сводки: поставили боты 2356
[ai] bridge · ботов 12 · перешёл пропасть 214 раз (4.61 в минуту на бота), в среднем за 9.9 с, упал 43 раза, застрял 10 раз · дошёл из попыток: прямо 101/114, вверх 32/45, вниз 48/55, Г 33/53 · случайных действий 1% · награда +1.077/тик · обучение 5.7 шагов/с по 113.3 мс · loss legs 1.456 head 1.431 hands 1.416
[ai] Мозги сохранены (шагов: bridge 957116).
[sim] Снимок мозгов (bridge): R:\mcbot-sim-snapshots\bridge14\012.0m
[ai] Мозги сохранены (шагов: bridge 959470).
[ai] Мозги сохранены (шагов: bridge 964302).
[ai] Мозги сохранены (шагов: bridge 969138).
[ai] Мозги сохранены (шагов: bridge 973979).
[sim] игровое время 16.0 мин (быстрее настоящего в 0.4 раза), тиков 6401, шагов обучения 13614 (6.2/с), раундов 0, осалили всего 0 (0.0 в минуту игры); салки: ждём игроков (сейчас 0)
[sim] с прошлой сводки: поймали всех 0 раз, время вышло 0 раз; в охоте цель остановили всего 0 раз
[sim] блоки с прошлой сводки: поставили боты 2331
[ai] bridge · ботов 12 · перешёл пропасть 217 раз (4.68 в минуту на бота), в среднем за 9.7 с, упал 44 раза, застрял 13 раз · дошёл из попыток: прямо 101/120, вверх 50/53, вниз 37/46, Г 29/55 · случайных действий 1% · награда +1.091/тик · обучение 7.5 шагов/с по 90.7 мс · loss legs 1.441 head 1.410 hands 1.404
[ai] Мозги сохранены (шагов: bridge 975664).
[sim] Снимок мозгов (bridge): R:\mcbot-sim-snapshots\bridge14\016.0m
[ai] Мозги сохранены (шагов: bridge 978811).
[ai] Мозги сохранены (шагов: bridge 983670).
[ai] Мозги сохранены (шагов: bridge 988510).
[ai] Мозги сохранены (шагов: bridge 993362).
[sim] игровое время 20.0 мин (быстрее настоящего в 0.4 раза), тиков 8001, шагов обучения 18265 (6.2/с), раундов 0, осалили всего 0 (0.0 в минуту игры); салки: ждём игроков (сейчас 0)
[sim] с прошлой сводки: поймали всех 0 раз, время вышло 0 раз; в охоте цель остановили всего 0 раз
[sim] блоки с прошлой сводки: поставили боты 2270
[ai] bridge · ботов 12 · перешёл пропасть 215 раз (4.62 в минуту на бота), в среднем за 10.2 с, упал 28 раз, застрял 15 раз · дошёл из попыток: прямо 107/118, вверх 45/54, вниз 43/52, Г 20/34 · случайных действий 1% · награда +1.107/тик · обучение 6.2 шагов/с по 107.6 мс · loss legs 1.440 head 1.429 hands 1.433
[ai] Мозги сохранены (шагов: bridge 994270).
[sim] Снимок мозгов (bridge): R:\mcbot-sim-snapshots\bridge14\020.0m
[ai] Мозги сохранены (шагов: bridge 998215).
[ai] Мозги сохранены (шагов: bridge 1003063).
[ai] Мозги сохранены (шагов: bridge 1007903).
[ai] Мозги сохранены (шагов: bridge 1012743).
[sim] игровое время 24.0 мин (быстрее настоящего в 0.4 раза), тиков 9601, шагов обучения 22912 (6.5/с), раундов 0, осалили всего 0 (0.0 в минуту игры); салки: ждём игроков (сейчас 0)
[sim] с прошлой сводки: поймали всех 0 раз, время вышло 0 раз; в охоте цель остановили всего 0 раз
[sim] блоки с прошлой сводки: поставили боты 2345
[ai] bridge · ботов 12 · перешёл пропасть 217 раз (4.67 в минуту на бота), в среднем за 10.4 с, упал 38 раз, застрял 8 раз · дошёл из попыток: прямо 88/101, вверх 50/52, вниз 45/49, Г 34/60 · случайных действий 1% · награда +1.100/тик · обучение 7.7 шагов/с по 88.2 мс · loss legs 1.428 head 1.425 hands 1.439
[ai] Мозги сохранены (шагов: bridge 1012855).
[sim] Снимок мозгов (bridge): R:\mcbot-sim-snapshots\bridge14\024.0m
[ai] Мозги сохранены (шагов: bridge 1017588).
[ai] Мозги сохранены (шагов: bridge 1022449).
[ai] Мозги сохранены (шагов: bridge 1027294).
[sim] игровое время 28.0 мин (быстрее настоящего в 0.4 раза), тиков 11201, шагов обучения 27564 (6.4/с), раундов 0, осалили всего 0 (0.0 в минуту игры); салки: ждём игроков (сейчас 0)
[sim] с прошлой сводки: поймали всех 0 раз, время вышло 0 раз; в охоте цель остановили всего 0 раз
[sim] блоки с прошлой сводки: поставили боты 2280
[ai] bridge · ботов 12 · перешёл пропасть 225 раз (4.84 в минуту на бота), в среднем за 10.1 с, упал 32 раза, застрял 8 раз · дошёл из попыток: прямо 92/102, вверх 54/60, вниз 46/55, Г 33/49 · случайных действий 1% · награда +1.170/тик · обучение 5.8 шагов/с по 113.1 мс · loss legs 1.448 head 1.436 hands 1.452
[ai] Мозги сохранены (шагов: bridge 1031464).
[sim] Снимок мозгов (bridge): R:\mcbot-sim-snapshots\bridge14\028.0m
[ai] Мозги сохранены (шагов: bridge 1032138).
[ai] Мозги сохранены (шагов: bridge 1036990).
[ai] Мозги сохранены (шагов: bridge 1041831).
[ai] Мозги сохранены (шагов: bridge 1046676).
[sim] игровое время 32.0 мин (быстрее настоящего в 0.4 раза), тиков 12801, шагов обучения 32209 (6.7/с), раундов 0, осалили всего 0 (0.0 в минуту игры); салки: ждём игроков (сейчас 0)
[sim] с прошлой сводки: поймали всех 0 раз, время вышло 0 раз; в охоте цель остановили всего 0 раз
[sim] блоки с прошлой сводки: поставили боты 2248
[ai] bridge · ботов 12 · перешёл пропасть 234 раза (5.04 в минуту на бота), в среднем за 9.6 с, упал 32 раза, застрял 9 раз · дошёл из попыток: прямо 96/104, вверх 51/53, вниз 51/59, Г 36/59 · случайных действий 1% · награда +1.221/тик · обучение 10.1 шагов/с по 66.9 мс · loss legs 1.476 head 1.451 hands 1.479
[ai] Мозги сохранены (шагов: bridge 1050043).
[sim] Снимок мозгов (bridge): R:\mcbot-sim-snapshots\bridge14\032.0m
[ai] Мозги сохранены (шагов: bridge 1051515).
[ai] Мозги сохранены (шагов: bridge 1056367).
[ai] Мозги сохранены (шагов: bridge 1061205).
[ai] Мозги сохранены (шагов: bridge 1066047).
[sim] игровое время 36.0 мин (быстрее настоящего в 0.4 раза), тиков 14401, шагов обучения 36859 (6.9/с), раундов 0, осалили всего 0 (0.0 в минуту игры); салки: ждём игроков (сейчас 0)
[sim] с прошлой сводки: поймали всех 0 раз, время вышло 0 раз; в охоте цель остановили всего 0 раз
[sim] блоки с прошлой сводки: поставили боты 2391
[ai] bridge · ботов 12 · перешёл пропасть 220 раз (4.73 в минуту на бота), в среднем за 10.2 с, упал 36 раз, застрял 8 раз · дошёл из попыток: прямо 98/108, вверх 46/56, вниз 40/46, Г 36/54 · случайных действий 1% · награда +1.129/тик · обучение 8.9 шагов/с по 77.6 мс · loss legs 1.487 head 1.458 hands 1.480
[ai] Мозги сохранены (шагов: bridge 1068643).
[sim] Снимок мозгов (bridge): R:\mcbot-sim-snapshots\bridge14\036.0m
[ai] Мозги сохранены (шагов: bridge 1070887).
[ai] Мозги сохранены (шагов: bridge 1075723).
[ai] Мозги сохранены (шагов: bridge 1080561).
[ai] Мозги сохранены (шагов: bridge 1085416).
[sim] игровое время 40.0 мин (быстрее настоящего в 0.4 раза), тиков 16001, шагов обучения 41501 (7.3/с), раундов 0, осалили всего 0 (0.0 в минуту игры); салки: ждём игроков (сейчас 0)
[sim] с прошлой сводки: поймали всех 0 раз, время вышло 0 раз; в охоте цель остановили всего 0 раз
[sim] блоки с прошлой сводки: поставили боты 2337
[ai] bridge · ботов 12 · перешёл пропасть 226 раз (4.87 в минуту на бота), в среднем за 9.9 с, упал 41 раз, застрял 8 раз · дошёл из попыток: прямо 93/109, вверх 60/61, вниз 39/51, Г 34/53 · случайных действий 1% · награда +1.146/тик · обучение 13.1 шагов/с по 50.0 мс · loss legs 1.492 head 1.464 hands 1.474
[ai] Мозги сохранены (шагов: bridge 1087213).
[sim] Снимок мозгов (bridge): R:\mcbot-sim-snapshots\bridge14\040.0m
[ai] Мозги сохранены (шагов: bridge 1090267).
[ai] Мозги сохранены (шагов: bridge 1095099).
[ai] Мозги сохранены (шагов: bridge 1099926).
[ai] Мозги сохранены (шагов: bridge 1104771).
[sim] игровое время 44.0 мин (быстрее настоящего в 0.4 раза), тиков 17600, шагов обучения 46140 (7.4/с), раундов 0, осалили всего 0 (0.0 в минуту игры); салки: ждём игроков (сейчас 0)
[sim] с прошлой сводки: поймали всех 0 раз, время вышло 0 раз; в охоте цель остановили всего 0 раз
[sim] блоки с прошлой сводки: поставили боты 2397
[ai] bridge · ботов 12 · перешёл пропасть 226 раз (4.87 в минуту на бота), в среднем за 9.9 с, упал 40 раз, застрял 9 раз · дошёл из попыток: прямо 86/92, вверх 48/57, вниз 57/73, Г 35/53 · случайных действий 1% · награда +1.170/тик · обучение 8.9 шагов/с по 77.2 мс · loss legs 1.486 head 1.469 hands 1.475
[ai] Мозги сохранены (шагов: bridge 1105768).
[sim] Снимок мозгов (bridge): R:\mcbot-sim-snapshots\bridge14\044.0m
[ai] Мозги сохранены (шагов: bridge 1109605).
[ai] Мозги сохранены (шагов: bridge 1114432).
[ai] Мозги сохранены (шагов: bridge 1119270).
[ai] Мозги сохранены (шагов: bridge 1124114).
[sim] игровое время 48.0 мин (быстрее настоящего в 0.4 раза), тиков 19200, шагов обучения 50779 (7.7/с), раундов 0, осалили всего 0 (0.0 в минуту игры); салки: ждём игроков (сейчас 0)
[sim] с прошлой сводки: поймали всех 0 раз, время вышло 0 раз; в охоте цель остановили всего 0 раз
[sim] блоки с прошлой сводки: поставили боты 2300
[ai] bridge · ботов 12 · перешёл пропасть 229 раз (4.94 в минуту на бота), в среднем за 9.7 с, упал 42 раза, застрял 7 раз · дошёл из попыток: прямо 109/125, вверх 37/44, вниз 50/60, Г 33/50 · случайных действий 1% · награда +1.179/тик · обучение 12.6 шагов/с по 52.5 мс · loss legs 1.483 head 1.474 hands 1.490
[ai] Мозги сохранены (шагов: bridge 1124326).
[sim] Снимок мозгов (bridge): R:\mcbot-sim-snapshots\bridge14\048.0m
[ai] Мозги сохранены (шагов: bridge 1128950).
[ai] Мозги сохранены (шагов: bridge 1133812).
[ai] Мозги сохранены (шагов: bridge 1138658).
[sim] игровое время 52.0 мин (быстрее настоящего в 0.4 раза), тиков 20800, шагов обучения 55425 (7.8/с), раундов 0, осалили всего 0 (0.0 в минуту игры); салки: ждём игроков (сейчас 0)
[sim] с прошлой сводки: поймали всех 0 раз, время вышло 0 раз; в охоте цель остановили всего 0 раз
[sim] блоки с прошлой сводки: поставили боты 2343
[ai] bridge · ботов 12 · перешёл пропасть 239 раз (5.14 в минуту на бота), в среднем за 10.0 с, упал 30 раз, застрял 6 раз · дошёл из попыток: прямо 109/124, вверх 48/47, вниз 47/52, Г 35/51 · случайных действий 1% · награда +1.253/тик · обучение 9.0 шагов/с по 74.5 мс · loss legs 1.478 head 1.476 hands 1.488
[ai] Мозги сохранены (шагов: bridge 1142908).
[sim] Снимок мозгов (bridge): R:\mcbot-sim-snapshots\bridge14\052.0m
[ai] Мозги сохранены (шагов: bridge 1143476).
[ai] Мозги сохранены (шагов: bridge 1148322).
[ai] Мозги сохранены (шагов: bridge 1153182).
[ai] Мозги сохранены (шагов: bridge 1158020).
[sim] игровое время 56.0 мин (быстрее настоящего в 0.5 раза), тиков 22400, шагов обучения 60072 (8.1/с), раундов 0, осалили всего 0 (0.0 в минуту игры); салки: ждём игроков (сейчас 0)
[sim] с прошлой сводки: поймали всех 0 раз, время вышло 0 раз; в охоте цель остановили всего 0 раз
[sim] блоки с прошлой сводки: поставили боты 2261
[ai] bridge · ботов 12 · перешёл пропасть 235 раз (5.06 в минуту на бота), в среднем за 10.0 с, упал 35 раз, застрял 3 раза · дошёл из попыток: прямо 99/106, вверх 47/55, вниз 48/54, Г 41/59 · случайных действий 1% · награда +1.206/тик · обучение 12.7 шагов/с по 51.8 мс · loss legs 1.480 head 1.461 hands 1.477
[ai] Мозги сохранены (шагов: bridge 1161498).
[sim] Снимок мозгов (bridge): R:\mcbot-sim-snapshots\bridge14\056.0m
[ai] Мозги сохранены (шагов: bridge 1162870).
[ai] Мозги сохранены (шагов: bridge 1167718).
[ai] Мозги сохранены (шагов: bridge 1172552).
[ai] Мозги сохранены (шагов: bridge 1177399).
[sim] игровое время 60.0 мин (быстрее настоящего в 0.5 раза), тиков 24000, шагов обучения 64715 (8.2/с), раундов 0, осалили всего 0 (0.0 в минуту игры); салки: ждём игроков (сейчас 0)
[sim] с прошлой сводки: поймали всех 0 раз, время вышло 0 раз; в охоте цель остановили всего 0 раз
[sim] блоки с прошлой сводки: поставили боты 2369
[ai] bridge · ботов 12 · перешёл пропасть 230 раз (4.95 в минуту на бота), в среднем за 10.0 с, упал 41 раз, застрял 4 раза · дошёл из попыток: прямо 81/90, вверх 52/58, вниз 54/65, Г 43/61 · случайных действий 1% · награда +1.187/тик · обучение 9.6 шагов/с по 68.9 мс · loss legs 1.485 head 1.472 hands 1.495
[ai] Мозги сохранены (шагов: bridge 1180070).
[sim] Снимок мозгов (bridge): R:\mcbot-sim-snapshots\bridge14\060.0m
[ai] Мозги сохранены (шагов: bridge 1182238).
[ai] Мозги сохранены (шагов: bridge 1187092).
[ai] Мозги сохранены (шагов: bridge 1191939).
[ai] Мозги сохранены (шагов: bridge 1196777).
[sim] игровое время 64.0 мин (быстрее настоящего в 0.5 раза), тиков 25600, шагов обучения 69366 (8.3/с), раундов 0, осалили всего 0 (0.0 в минуту игры); салки: ждём игроков (сейчас 0)
[sim] с прошлой сводки: поймали всех 0 раз, время вышло 0 раз; в охоте цель остановили всего 0 раз
[sim] блоки с прошлой сводки: поставили боты 2324
[ai] bridge · ботов 12 · перешёл пропасть 240 раз (5.16 в минуту на бота), в среднем за 9.8 с, упал 28 раз, застрял 5 раз · дошёл из попыток: прямо 108/124, вверх 48/52, вниз 41/49, Г 43/49 · случайных действий 1% · награда +1.273/тик · обучение 12.2 шагов/с по 53.9 мс · loss legs 1.464 head 1.450 hands 1.480
[ai] Мозги сохранены (шагов: bridge 1198672).
[sim] Снимок мозгов (bridge): R:\mcbot-sim-snapshots\bridge14\064.0m
[ai] Мозги сохранены (шагов: bridge 1201622).
[ai] Мозги сохранены (шагов: bridge 1206460).
[ai] Мозги сохранены (шагов: bridge 1211284).
[ai] Мозги сохранены (шагов: bridge 1216122).
[sim] игровое время 68.0 мин (быстрее настоящего в 0.5 раза), тиков 27200, шагов обучения 74005 (8.4/с), раундов 0, осалили всего 0 (0.0 в минуту игры); салки: ждём игроков (сейчас 0)
[sim] с прошлой сводки: поймали всех 0 раз, время вышло 0 раз; в охоте цель остановили всего 0 раз
[sim] блоки с прошлой сводки: поставили боты 2404
[ai] bridge · ботов 12 · перешёл пропасть 232 раза (5.00 в минуту на бота), в среднем за 9.6 с, упал 39 раз, застрял 5 раз · дошёл из попыток: прямо 90/102, вверх 50/59, вниз 49/58, Г 43/57 · случайных действий 1% · награда +1.215/тик · обучение 9.3 шагов/с по 71.4 мс · loss legs 1.458 head 1.436 hands 1.468
[ai] Мозги сохранены (шагов: bridge 1217230).
[sim] Снимок мозгов (bridge): R:\mcbot-sim-snapshots\bridge14\068.0m
[ai] Мозги сохранены (шагов: bridge 1220968).
[ai] Мозги сохранены (шагов: bridge 1225813).
[ai] Мозги сохранены (шагов: bridge 1230655).
[ai] Мозги сохранены (шагов: bridge 1235486).
[sim] игровое время 72.0 мин (быстрее настоящего в 0.5 раза), тиков 28800, шагов обучения 78648 (8.6/с), раундов 0, осалили всего 0 (0.0 в минуту игры); салки: ждём игроков (сейчас 0)
[sim] с прошлой сводки: поймали всех 0 раз, время вышло 0 раз; в охоте цель остановили всего 0 раз
[sim] блоки с прошлой сводки: поставили боты 2339
[ai] bridge · ботов 12 · перешёл пропасть 232 раза (5.00 в минуту на бота), в среднем за 9.9 с, упал 40 раз, застрял 5 раз · дошёл из попыток: прямо 91/104, вверх 47/50, вниз 52/60, Г 42/63 · случайных действий 1% · награда +1.212/тик · обучение 12.5 шагов/с по 51.9 мс · loss legs 1.441 head 1.423 hands 1.451
[ai] Мозги сохранены (шагов: bridge 1235801).
[sim] Снимок мозгов (bridge): R:\mcbot-sim-snapshots\bridge14\072.0m
[ai] Мозги сохранены (шагов: bridge 1240337).
[ai] Мозги сохранены (шагов: bridge 1245169).
[ai] Мозги сохранены (шагов: bridge 1250022).
[sim] игровое время 76.0 мин (быстрее настоящего в 0.5 раза), тиков 30400, шагов обучения 83296 (8.6/с), раундов 0, осалили всего 0 (0.0 в минуту игры); салки: ждём игроков (сейчас 0)
[sim] с прошлой сводки: поймали всех 0 раз, время вышло 0 раз; в охоте цель остановили всего 0 раз
[sim] блоки с прошлой сводки: поставили боты 2419
[ai] bridge · ботов 12 · перешёл пропасть 225 раз (4.84 в минуту на бота), в среднем за 10.3 с, упал 35 раз, застрял 6 раз · дошёл из попыток: прямо 95/102, вверх 39/43, вниз 46/59, Г 45/62 · случайных действий 1% · награда +1.163/тик · обучение 9.8 шагов/с по 66.9 мс · loss legs 1.431 head 1.399 hands 1.430
[ai] Мозги сохранены (шагов: bridge 1254392).
[sim] Снимок мозгов (bridge): R:\mcbot-sim-snapshots\bridge14\076.0m
[ai] Мозги сохранены (шагов: bridge 1254859).
[ai] Мозги сохранены (шагов: bridge 1259686).
[ai] Мозги сохранены (шагов: bridge 1264515).
[ai] Мозги сохранены (шагов: bridge 1269345).
[sim] игровое время 80.0 мин (быстрее настоящего в 0.5 раза), тиков 32000, шагов обучения 87928 (8.8/с), раундов 0, осалили всего 0 (0.0 в минуту игры); салки: ждём игроков (сейчас 0)
[sim] с прошлой сводки: поймали всех 0 раз, время вышло 0 раз; в охоте цель остановили всего 0 раз
[sim] блоки с прошлой сводки: поставили боты 2354
[ai] bridge · ботов 12 · перешёл пропасть 243 раза (5.25 в минуту на бота), в среднем за 9.6 с, упал 46 раз, застрял 2 раза · дошёл из попыток: прямо 102/122, вверх 55/65, вниз 35/41, Г 51/63 · случайных действий 1% · награда +1.243/тик · обучение 11.9 шагов/с по 55.0 мс · loss legs 1.445 head 1.410 hands 1.432
[ai] Мозги сохранены (шагов: bridge 1272919).
[sim] Снимок мозгов (bridge): R:\mcbot-sim-snapshots\bridge14\080.0m
[ai] Мозги сохранены (шагов: bridge 1274187).
[ai] Мозги сохранены (шагов: bridge 1279023).
[ai] Мозги сохранены (шагов: bridge 1283859).
[ai] Мозги сохранены (шагов: bridge 1288701).
[sim] игровое время 84.0 мин (быстрее настоящего в 0.5 раза), тиков 33600, шагов обучения 92572 (8.8/с), раундов 0, осалили всего 0 (0.0 в минуту игры); салки: ждём игроков (сейчас 0)
[sim] с прошлой сводки: поймали всех 0 раз, время вышло 0 раз; в охоте цель остановили всего 0 раз
[sim] блоки с прошлой сводки: поставили боты 2340
[ai] bridge · ботов 12 · перешёл пропасть 234 раза (5.04 в минуту на бота), в среднем за 9.9 с, упал 38 раз, застрял 6 раз · дошёл из попыток: прямо 104/112, вверх 44/53, вниз 46/51, Г 40/62 · случайных действий 1% · награда +1.218/тик · обучение 9.1 шагов/с по 74.8 мс · loss legs 1.444 head 1.414 hands 1.447
[ai] Мозги сохранены (шагов: bridge 1291495).
[sim] Снимок мозгов (bridge): R:\mcbot-sim-snapshots\bridge14\084.0m
[ai] Мозги сохранены (шагов: bridge 1293538).
[ai] Мозги сохранены (шагов: bridge 1298370).
[ai] Мозги сохранены (шагов: bridge 1303200).
[ai] Мозги сохранены (шагов: bridge 1308044).
[sim] игровое время 88.0 мин (быстрее настоящего в 0.5 раза), тиков 35200, шагов обучения 97210 (8.9/с), раундов 0, осалили всего 0 (0.0 в минуту игры); салки: ждём игроков (сейчас 0)
[sim] с прошлой сводки: поймали всех 0 раз, время вышло 0 раз; в охоте цель остановили всего 0 раз
[sim] блоки с прошлой сводки: поставили боты 2424
[ai] bridge · ботов 12 · перешёл пропасть 248 раз (5.35 в минуту на бота), в среднем за 9.6 с, упал 35 раз, застрял 3 раза · дошёл из попыток: прямо 102/111, вверх 58/67, вниз 53/60, Г 35/48 · случайных действий 1% · награда +1.315/тик · обучение 12.4 шагов/с по 52.8 мс · loss legs 1.422 head 1.403 hands 1.426
[ai] Мозги сохранены (шагов: bridge 1310050).
[sim] Снимок мозгов (bridge): R:\mcbot-sim-snapshots\bridge14\088.0m
[ai] Мозги сохранены (шагов: bridge 1312894).
[ai] Мозги сохранены (шагов: bridge 1317720).
[ai] Мозги сохранены (шагов: bridge 1322553).
[ai] Мозги сохранены (шагов: bridge 1327384).
[sim] игровое время 92.0 мин (быстрее настоящего в 0.5 раза), тиков 36800, шагов обучения 101849 (8.9/с), раундов 0, осалили всего 0 (0.0 в минуту игры); салки: ждём игроков (сейчас 0)
[sim] с прошлой сводки: поймали всех 0 раз, время вышло 0 раз; в охоте цель остановили всего 0 раз
[sim] блоки с прошлой сводки: поставили боты 2344
[ai] bridge · ботов 12 · перешёл пропасть 247 раз (5.33 в минуту на бота), в среднем за 9.5 с, упал 34 раза, застрял 5 раз · дошёл из попыток: прямо 103/113, вверх 48/59, вниз 46/49, Г 50/65 · случайных действий 1% · награда +1.306/тик · обучение 9.4 шагов/с по 71.8 мс · loss legs 1.414 head 1.407 hands 1.432
[ai] Мозги сохранены (шагов: bridge 1328603).
[sim] Снимок мозгов (bridge): R:\mcbot-sim-snapshots\bridge14\092.0m
[ai] Мозги сохранены (шагов: bridge 1332235).
[ai] Мозги сохранены (шагов: bridge 1337077).
[ai] Мозги сохранены (шагов: bridge 1341921).
[ai] Мозги сохранены (шагов: bridge 1346764).
[sim] игровое время 96.0 мин (быстрее настоящего в 0.5 раза), тиков 38400, шагов обучения 106495 (9.0/с), раундов 0, осалили всего 0 (0.0 в минуту игры); салки: ждём игроков (сейчас 0)
[sim] с прошлой сводки: поймали всех 0 раз, время вышло 0 раз; в охоте цель остановили всего 0 раз
[sim] блоки с прошлой сводки: поставили боты 2360
[ai] bridge · ботов 12 · перешёл пропасть 229 раз (4.93 в минуту на бота), в среднем за 10.2 с, упал 38 раз, застрял 2 раза · дошёл из попыток: прямо 86/92, вверх 47/55, вниз 52/60, Г 44/62 · случайных действий 1% · награда +1.190/тик · обучение 11.9 шагов/с по 55.9 мс · loss legs 1.420 head 1.414 hands 1.444
[ai] Мозги сохранены (шагов: bridge 1347188).
[sim] Снимок мозгов (bridge): R:\mcbot-sim-snapshots\bridge14\096.0m
[ai] Мозги сохранены (шагов: bridge 1351597).
[ai] Мозги сохранены (шагов: bridge 1356422).
[ai] Мозги сохранены (шагов: bridge 1361269).
[sim] игровое время 100.0 мин (быстрее настоящего в 0.4 раза), тиков 40000, шагов обучения 111131 (7.8/с), раундов 0, осалили всего 0 (0.0 в минуту игры); салки: ждём игроков (сейчас 0)
[sim] с прошлой сводки: поймали всех 0 раз, время вышло 0 раз; в охоте цель остановили всего 0 раз
[sim] блоки с прошлой сводки: поставили боты 2362
[ai] bridge · ботов 12 · перешёл пропасть 245 раз (5.28 в минуту на бота), в среднем за 9.9 с, упал 40 раз, застрял 2 раза · дошёл из попыток: прямо 100/118, вверх 55/56, вниз 53/59, Г 37/54 · случайных действий 1% · награда +1.284/тик · обучение 1.9 шагов/с по 505.4 мс · loss legs 1.422 head 1.398 hands 1.441
[ai] Мозги сохранены (шагов: bridge 1365734).
[sim] Снимок мозгов (bridge): R:\mcbot-sim-snapshots\bridge14\100.0m
[ai] Мозги сохранены (шагов: bridge 1366103).
[ai] Мозги сохранены (шагов: bridge 1370934).
[ai] Мозги сохранены (шагов: bridge 1375752).
[ai] Мозги сохранены (шагов: bridge 1380598).
[sim] игровое время 104.0 мин (быстрее настоящего в 0.4 раза), тиков 41600, шагов обучения 115765 (8.0/с), раундов 0, осалили всего 0 (0.0 в минуту игры); салки: ждём игроков (сейчас 0)
[sim] с прошлой сводки: поймали всех 0 раз, время вышло 0 раз; в охоте цель остановили всего 0 раз
[sim] блоки с прошлой сводки: поставили боты 2277
[ai] bridge · ботов 12 · перешёл пропасть 244 раза (5.27 в минуту на бота), в среднем за 9.4 с, упал 44 раза, застрял 3 раза · дошёл из попыток: прямо 116/123, вверх 52/65, вниз 45/54, Г 31/49 · случайных действий 1% · награда +1.250/тик · обучение 19.1 шагов/с по 40.8 мс · loss legs 1.415 head 1.395 hands 1.421
[ai] Мозги сохранены (шагов: bridge 1384270).
[sim] Снимок мозгов (bridge): R:\mcbot-sim-snapshots\bridge14\104.0m
[ai] Мозги сохранены (шагов: bridge 1385416).
[ai] Мозги сохранены (шагов: bridge 1390266).
[ai] Мозги сохранены (шагов: bridge 1395110).
[ai] Мозги сохранены (шагов: bridge 1399936).
[sim] игровое время 108.0 мин (быстрее настоящего в 0.4 раза), тиков 43200, шагов обучения 120403 (8.2/с), раундов 0, осалили всего 0 (0.0 в минуту игры); салки: ждём игроков (сейчас 0)
[sim] с прошлой сводки: поймали всех 0 раз, время вышло 0 раз; в охоте цель остановили всего 0 раз
[sim] блоки с прошлой сводки: поставили боты 2306
[ai] bridge · ботов 12 · перешёл пропасть 247 раз (5.33 в минуту на бота), в среднем за 9.8 с, упал 33 раза, застрял 3 раза · дошёл из попыток: прямо 111/119, вверх 58/61, вниз 36/47, Г 42/56 · случайных действий 1% · награда +1.292/тик · обучение 18.8 шагов/с по 40.8 мс · loss legs 1.399 head 1.369 hands 1.403
[ai] Мозги сохранены (шагов: bridge 1402821).
[sim] Снимок мозгов (bridge): R:\mcbot-sim-snapshots\bridge14\108.0m
[ai] Мозги сохранены (шагов: bridge 1404767).
[ai] Мозги сохранены (шагов: bridge 1409597).
[ai] Мозги сохранены (шагов: bridge 1414445).
[ai] Мозги сохранены (шагов: bridge 1419289).
[sim] игровое время 112.0 мин (быстрее настоящего в 0.4 раза), тиков 44800, шагов обучения 125046 (8.1/с), раундов 0, осалили всего 0 (0.0 в минуту игры); салки: ждём игроков (сейчас 0)
[sim] с прошлой сводки: поймали всех 0 раз, время вышло 0 раз; в охоте цель остановили всего 0 раз
[sim] блоки с прошлой сводки: поставили боты 2294
[ai] bridge · ботов 12 · перешёл пропасть 248 раз (5.34 в минуту на бота), в среднем за 9.7 с, упал 33 раза, застрял 5 раз · дошёл из попыток: прямо 107/115, вверх 48/47, вниз 53/65, Г 40/59 · случайных действий 1% · награда +1.308/тик · обучение 7.2 шагов/с по 127.6 мс · loss legs 1.378 head 1.357 hands 1.392
[ai] Мозги сохранены (шагов: bridge 1421391).
[sim] Снимок мозгов (bridge): R:\mcbot-sim-snapshots\bridge14\112.0m
[sim] Попросили остановиться (data/sim/stop) — сохраняю и выхожу.
[sim] игровое время 112.3 мин (быстрее настоящего в 0.4 раза), тиков 44900, шагов обучения 125337 (8.1/с), раундов 0, осалили всего 0 (0.0 в минуту игры); салки: ждём игроков (сейчас 0)
[sim] с прошлой сводки: поймали всех 0 раз, время вышло 0 раз; в охоте цель остановили всего 0 раз
[sim] блоки с прошлой сводки: поставили боты 139
[ai] bridge · ботов 12 · перешёл пропасть 14 раз (4.81 в минуту на бота), в среднем за 9.0 с, упал 2 раза, застрял 1 раз · дошёл из попыток: прямо 7/7, вверх 0/5, вниз 4/1, Г 3/3 · случайных действий 1% · награда +1.189/тик · обучение 17.3 шагов/с по 42.3 мс · loss legs 1.356 head 1.348 hands 1.388
[ai] Мозги сохранены (шагов: bridge 1422555).
[sim] Снимок мозгов (bridge): R:\mcbot-sim-snapshots\bridge14\112.3m
