[ai] Устройство: cuda
[ai] Мозг задачки hunt: сети legs, head, hands; загружен (534635 шагов, epsilon 0.05).
[ai] Задача по умолчанию: hunt.
[sim] Охота на ботов: 8 ботов (учитель ведёт 4), учу 20 мин. Мозги — C:\Users\denis\mc-bot\data\sim\brains.
[ai] Новый бот в рое: id=1, задача hunt (сессий: 1)
[ai] Новый бот в рое: id=2, задача hunt (сессий: 2)
[ai] Новый бот в рое: id=3, задача hunt (сессий: 3)
[ai] Новый бот в рое: id=4, задача hunt (сессий: 4)
[ai] Новый бот в рое: id=5, задача hunt (сессий: 5)
[ai] Новый бот в рое: id=6, задача hunt (сессий: 6)
[ai] Новый бот в рое: id=7, задача hunt (сессий: 7)
[ai] Новый бот в рое: id=8, задача hunt (сессий: 8)
[ai] Охота (hunt): цель AI_7.
[cmd] [bot#1] Охота на AI_7! Через 3 с бежим.
[ai] Мозг задачки flee: сети legs, head, hands; загружен (526690 шагов, epsilon 0.05).
[ai] Охота: бот-цель AI_7 остановлен.
[ai] Охота (auto): цель AI_8.
[ai] Мозги сохранены (шагов: hunt 538568, flee 527292).
[ai] Охота: бот-цель AI_8 остановлен.
[ai] Охота (auto): цель AI_3.
[ai] Мозги сохранены (шагов: hunt 542656, flee 527896).
[ai] Мозги сохранены (шагов: hunt 547031, flee 528521).
[sim] игровое время 5.0 мин (быстрее настоящего в 1.2 раза), тиков 2000, шагов обучения 3544 (13.8/с), раундов 0, осалили всего 0 (0.0 в минуту игры); салки: ждём игроков (сейчас 0)
[sim] с прошлой сводки: поймали всех 0 раз, время вышло 0 раз; в охоте цель остановили всего 2 раз
[sim] блоки с прошлой сводки: поставили боты 154, выкопали боты 1
[ai] hunt · ботов 7 · попал по цели 68 раз (2.1 в минуту охоты, в полную силу 100%), остановили цель 2 раза, в среднем в 17.5 блоках от неё · случайных действий 5% · награда +0.112/тик · обучение 12.3 шагов/с по 45.6 мс · loss legs 0.470 head 0.570 hands 0.501
[ai] flee · ботов 1 · осалили 0 раз, водящий в среднем в 5.2 блоках, дразнили воду 70% времени · случайных действий 5% · награда +0.511/тик · обучение 1.4 шагов/с по 44.8 мс · loss legs 2.858 head 2.703 hands 2.592
[ai] Мозги сохранены (шагов: hunt 547906, flee 528647).
[ai] Мозги сохранены (шагов: hunt 551406, flee 529146).
[ai] Мозги сохранены (шагов: hunt 555781, flee 529771).
[ai] Мозги сохранены (шагов: hunt 560156, flee 530396).
[sim] игровое время 10.0 мин (быстрее настоящего в 1.1 раза), тиков 4000, шагов обучения 7544 (13.5/с), раундов 0, осалили всего 0 (0.0 в минуту игры); салки: ждём игроков (сейчас 0)
[sim] с прошлой сводки: поймали всех 0 раз, время вышло 0 раз; в охоте цель остановили всего 2 раз
[ai] hunt · ботов 7 · попал по цели 5 раз (0.1 в минуту охоты, в полную силу 100%), в среднем в 21.6 блоках от неё · случайных действий 5% · награда +0.012/тик · обучение 11.6 шагов/с по 47.7 мс · loss legs 0.501 head 0.591 hands 0.514
[ai] flee · ботов 1 · осалили 0 раз, водящий в среднем в 5.0 блоках, дразнили воду 99% времени · случайных действий 5% · награда +0.666/тик · обучение 1.7 шагов/с по 47.9 мс · loss legs 1.671 head 1.637 hands 1.476
[ai] Мозги сохранены (шагов: hunt 561906, flee 530647).
[ai] Мозги сохранены (шагов: hunt 564531, flee 531021).
[ai] Мозги сохранены (шагов: hunt 568906, flee 531646).
[ai] Мозги сохранены (шагов: hunt 573281, flee 532271).
[sim] игровое время 15.0 мин (быстрее настоящего в 1.1 раза), тиков 6001, шагов обучения 11547 (14.1/с), раундов 0, осалили всего 0 (0.0 в минуту игры); салки: ждём игроков (сейчас 0)
[sim] с прошлой сводки: поймали всех 0 раз, время вышло 0 раз; в охоте цель остановили всего 2 раз
[ai] hunt · ботов 7 · попал по цели 5 раз (0.1 в минуту охоты, в полную силу 100%), в среднем в 21.6 блоках от неё · случайных действий 5% · награда +0.023/тик · обучение 13.4 шагов/с по 42.9 мс · loss legs 0.427 head 0.510 hands 0.463
[ai] flee · ботов 1 · осалили 0 раз, водящий в среднем в 5.1 блоках, дразнили воду 99% времени · случайных действий 5% · награда +0.682/тик · обучение 1.9 шагов/с по 42.9 мс · loss legs 0.623 head 0.596 hands 0.569
[ai] Мозги сохранены (шагов: hunt 575913, flee 532648).
[ai] Мозги сохранены (шагов: hunt 577656, flee 532896).
[ai] Мозги сохранены (шагов: hunt 582031, flee 533521).
[ai] Мозги сохранены (шагов: hunt 586406, flee 534146).
[sim] игровое время 20.0 мин (быстрее настоящего в 1.1 раза), тиков 8001, шагов обучения 15547 (14.5/с), раундов 0, осалили всего 0 (0.0 в минуту игры); салки: ждём игроков (сейчас 0)
[sim] с прошлой сводки: поймали всех 0 раз, время вышло 0 раз; в охоте цель остановили всего 2 раз
[ai] hunt · ботов 7 · попал по цели 3 раза (0.1 в минуту охоты, в полную силу 100%), в среднем в 21.8 блоках от неё · случайных действий 5% · награда +0.014/тик · обучение 13.7 шагов/с по 42.1 мс · loss legs 0.362 head 0.437 hands 0.401
[ai] flee · ботов 1 · осалили 0 раз, водящий в среднем в 5.0 блоках, дразнили воду 99% времени · случайных действий 5% · награда +0.669/тик · обучение 2.0 шагов/с по 42.0 мс · loss legs 0.304 head 0.378 hands 0.274
[ai] Мозги сохранены (шагов: hunt 589913, flee 534648).
[ai] Мозги сохранены (шагов: hunt 590781, flee 534771).
[ai] Мозги сохранены (шагов: hunt 595156, flee 535396).
[sim] игровое время 22.5 мин (быстрее настоящего в 1.1 раза), тиков 8993, шагов обучения 17531 (14.6/с), раундов 0, осалили всего 0 (0.0 в минуту игры); салки: ждём игроков (сейчас 0)
[sim] с прошлой сводки: поймали всех 0 раз, время вышло 0 раз; в охоте цель остановили всего 2 раз
[ai] hunt · ботов 7 · попал по цели 2 раза (0.1 в минуту охоты, в полную силу 100%), в среднем в 20.7 блоках от неё · случайных действий 5% · награда +0.009/тик · обучение 13.8 шагов/с по 42.4 мс · loss legs 0.327 head 0.401 hands 0.356
[ai] flee · ботов 1 · осалили 0 раз, водящий в среднем в 5.1 блоках, дразнили воду 94% времени · случайных действий 5% · награда +0.657/тик · обучение 2.0 шагов/с по 42.2 мс · loss legs 0.240 head 0.334 hands 0.230
[ai] Мозги сохранены (шагов: hunt 596857, flee 535640).
