[ai] Устройство: cuda
[ai] Мозг задачки bridge: сети legs, head, hands; загружен (778229 шагов, epsilon 0.01).
[demo] Загружено демо-переходов: 181 (задача: bridge)
[ai] Задача по умолчанию: bridge.
[sim] Мост: 12 ботов (учитель ведёт 2), учу 480 мин. Мозги — C:\Users\denis\mc-bot\data\sim\brains.
[ai] Новый бот в рое: id=1, задача bridge (сессий: 1)
[ai] Новый бот в рое: id=2, задача bridge (сессий: 2)
[ai] Новый бот в рое: id=3, задача bridge (сессий: 3)
[ai] Новый бот в рое: id=4, задача bridge (сессий: 4)
[ai] Новый бот в рое: id=5, задача bridge (сессий: 5)
[ai] Новый бот в рое: id=6, задача bridge (сессий: 6)
[ai] Новый бот в рое: id=7, задача bridge (сессий: 7)
[ai] Новый бот в рое: id=8, задача bridge (сессий: 8)
[ai] Новый бот в рое: id=9, задача bridge (сессий: 9)
[ai] Новый бот в рое: id=10, задача bridge (сессий: 10)
[ai] Новый бот в рое: id=11, задача bridge (сессий: 11)
[ai] Новый бот в рое: id=12, задача bridge (сессий: 12)
[ai] Мозги сохранены (шагов: bridge 783063).
[ai] Мозги сохранены (шагов: bridge 787907).
[ai] Мозги сохранены (шагов: bridge 792757).
[sim] игровое время 4.0 мин (быстрее настоящего в 1.0 раза), тиков 1600, шагов обучения 0 (0.0/с), раундов 0, осалили всего 0 (0.0 в минуту игры); салки: ждём игроков (сейчас 0)
[sim] с прошлой сводки: поймали всех 0 раз, время вышло 0 раз; в охоте цель остановили всего 0 раз
[sim] блоки с прошлой сводки: поставили боты 2138
[ai] bridge · ботов 12 · перешёл пропасть 181 раз (3.90 в минуту на бота), в среднем за 9.7 с, упал 48 раз, застрял 19 раз · дошёл из попыток: прямо 74/95, вверх 36/49, вниз 34/46, Г 37/70 · случайных действий 1% · награда +0.864/тик · обучение — · loss —
[ai] Мозги сохранены (шагов: bridge 796809).
[sim] Снимок мозгов (bridge): R:\mcbot-sim-snapshots\bridge13\004.0m
[ai] Мозги сохранены (шагов: bridge 797597).
[ai] Мозги сохранены (шагов: bridge 802458).
[ai] Мозги сохранены (шагов: bridge 807305).
[ai] Мозги сохранены (шагов: bridge 812123).
[sim] игровое время 8.0 мин (быстрее настоящего в 0.5 раза), тиков 3200, шагов обучения 4331 (4.4/с), раундов 0, осалили всего 0 (0.0 в минуту игры); салки: ждём игроков (сейчас 0)
[sim] с прошлой сводки: поймали всех 0 раз, время вышло 0 раз; в охоте цель остановили всего 0 раз
[sim] блоки с прошлой сводки: поставили боты 2192
[ai] bridge · ботов 12 · перешёл пропасть 166 раз (3.57 в минуту на бота), в среднем за 10.2 с, упал 44 раза, застрял 27 раз · дошёл из попыток: прямо 72/85, вверх 32/46, вниз 34/54, Г 28/52 · случайных действий 1% · награда +0.774/тик · обучение 5.8 шагов/с по 114.8 мс · loss legs 2.068 head 1.919 hands 1.978
[ai] Мозги сохранены (шагов: bridge 815400).
[sim] Снимок мозгов (bridge): R:\mcbot-sim-snapshots\bridge13\008.0m
[ai] Мозги сохранены (шагов: bridge 816963).
[ai] Мозги сохранены (шагов: bridge 821814).
[ai] Мозги сохранены (шагов: bridge 826646).
[ai] Мозги сохранены (шагов: bridge 831500).
[sim] игровое время 12.0 мин (быстрее настоящего в 0.4 раза), тиков 4801, шагов обучения 8977 (5.4/с), раундов 0, осалили всего 0 (0.0 в минуту игры); салки: ждём игроков (сейчас 0)
[sim] с прошлой сводки: поймали всех 0 раз, время вышло 0 раз; в охоте цель остановили всего 0 раз
[sim] блоки с прошлой сводки: поставили боты 2113
[ai] bridge · ботов 12 · перешёл пропасть 186 раз (4.00 в минуту на бота), в среднем за 9.9 с, упал 43 раза, застрял 27 раз · дошёл из попыток: прямо 85/101, вверх 39/51, вниз 33/48, Г 29/56 · случайных действий 1% · награда +0.909/тик · обучение 6.9 шагов/с по 103.9 мс · loss legs 1.717 head 1.661 hands 1.693
[ai] Мозги сохранены (шагов: bridge 833982).
[sim] Снимок мозгов (bridge): R:\mcbot-sim-snapshots\bridge13\012.0m
[ai] Мозги сохранены (шагов: bridge 836331).
[ai] Мозги сохранены (шагов: bridge 841150).
[ai] Мозги сохранены (шагов: bridge 846010).
[ai] Мозги сохранены (шагов: bridge 850829).
[sim] игровое время 16.0 мин (быстрее настоящего в 0.4 раза), тиков 6401, шагов обучения 13610 (6.3/с), раундов 0, осалили всего 0 (0.0 в минуту игры); салки: ждём игроков (сейчас 0)
[sim] с прошлой сводки: поймали всех 0 раз, время вышло 0 раз; в охоте цель остановили всего 0 раз
[sim] блоки с прошлой сводки: поставили боты 2199
[ai] bridge · ботов 12 · перешёл пропасть 191 раз (4.12 в минуту на бота), в среднем за 9.5 с, упал 56 раз, застрял 19 раз · дошёл из попыток: прямо 92/108, вверх 30/47, вниз 38/51, Г 31/60 · случайных действий 1% · награда +0.910/тик · обучение 8.9 шагов/с по 79.7 мс · loss legs 1.713 head 1.646 hands 1.675
[ai] Мозги сохранены (шагов: bridge 852515).
[sim] Снимок мозгов (bridge): R:\mcbot-sim-snapshots\bridge13\016.0m
[ai] Мозги сохранены (шагов: bridge 855671).
[ai] Мозги сохранены (шагов: bridge 860497).
[ai] Мозги сохранены (шагов: bridge 865317).
[ai] Мозги сохранены (шагов: bridge 870133).
[sim] игровое время 20.0 мин (быстрее настоящего в 0.4 раза), тиков 8001, шагов обучения 18240 (6.3/с), раундов 0, осалили всего 0 (0.0 в минуту игры); салки: ждём игроков (сейчас 0)
[sim] с прошлой сводки: поймали всех 0 раз, время вышло 0 раз; в охоте цель остановили всего 0 раз
[sim] блоки с прошлой сводки: поставили боты 2258
[ai] bridge · ботов 12 · перешёл пропасть 168 раз (3.63 в минуту на бота), в среднем за 9.6 с, упал 71 раз, застрял 17 раз · дошёл из попыток: прямо 77/105, вверх 34/47, вниз 29/57, Г 28/46 · случайных действий 1% · награда +0.744/тик · обучение 6.3 шагов/с по 110.2 мс · loss legs 1.742 head 1.694 hands 1.722
[ai] Мозги сохранены (шагов: bridge 871036).
[sim] Снимок мозгов (bridge): R:\mcbot-sim-snapshots\bridge13\020.0m
[ai] Мозги сохранены (шагов: bridge 874965).
[ai] Мозги сохранены (шагов: bridge 879785).
[ai] Мозги сохранены (шагов: bridge 884613).
[ai] Мозги сохранены (шагов: bridge 889437).
[sim] игровое время 24.0 мин (быстрее настоящего в 0.4 раза), тиков 9601, шагов обучения 22870 (6.6/с), раундов 0, осалили всего 0 (0.0 в минуту игры); салки: ждём игроков (сейчас 0)
[sim] с прошлой сводки: поймали всех 0 раз, время вышло 0 раз; в охоте цель остановили всего 0 раз
[sim] блоки с прошлой сводки: поставили боты 2227
[ai] bridge · ботов 12 · перешёл пропасть 192 раза (4.15 в минуту на бота), в среднем за 9.7 с, упал 65 раз, застрял 13 раз · дошёл из попыток: прямо 79/102, вверх 41/56, вниз 39/58, Г 33/55 · случайных действий 1% · награда +0.911/тик · обучение 8.0 шагов/с по 89.0 мс · loss legs 1.763 head 1.727 hands 1.750
[ai] Мозги сохранены (шагов: bridge 889553).
[sim] Снимок мозгов (bridge): R:\mcbot-sim-snapshots\bridge13\024.0m
[ai] Мозги сохранены (шагов: bridge 894267).
[ai] Мозги сохранены (шагов: bridge 899104).
[sim] Попросили остановиться (data/sim/stop) — сохраняю и выхожу.
[sim] игровое время 26.5 мин (быстрее настоящего в 0.4 раза), тиков 10620, шагов обучения 25821 (6.5/с), раундов 0, осалили всего 0 (0.0 в минуту игры); салки: ждём игроков (сейчас 0)
[sim] с прошлой сводки: поймали всех 0 раз, время вышло 0 раз; в охоте цель остановили всего 0 раз
[sim] блоки с прошлой сводки: поставили боты 1443
[ai] bridge · ботов 12 · перешёл пропасть 123 раза (4.17 в минуту на бота), в среднем за 9.6 с, упал 34 раза, застрял 10 раз · дошёл из попыток: прямо 51/65, вверх 32/39, вниз 24/32, Г 16/31 · случайных действий 1% · награда +0.941/тик · обучение 6.4 шагов/с по 108.7 мс · loss legs 1.784 head 1.737 hands 1.770
[ai] Мозги сохранены (шагов: bridge 901357).
[sim] Снимок мозгов (bridge): R:\mcbot-sim-snapshots\bridge13\026.5m
