[ai] Устройство: cuda
[ai] Мозг задачки hunt: сети legs, head, hands; загружен (712049 шагов, epsilon 0.05), доращён (legs: входов 153 -> 154; head: входов 153 -> 154; hands: входов 153 -> 154).
[ai] Задача по умолчанию: hunt.
[sim] Охота на человека: 8 ботов (учитель ведёт 4), учу 60 мин. Мозги — C:\Users\denis\mc-bot\data\sim\brains.
[ai] Новый бот в рое: id=1, задача hunt (сессий: 1)
[ai] Новый бот в рое: id=2, задача hunt (сессий: 2)
[ai] Новый бот в рое: id=3, задача hunt (сессий: 3)
[ai] Новый бот в рое: id=4, задача hunt (сессий: 4)
[ai] Новый бот в рое: id=5, задача hunt (сессий: 5)
[ai] Новый бот в рое: id=6, задача hunt (сессий: 6)
[ai] Новый бот в рое: id=7, задача hunt (сессий: 7)
[ai] Новый бот в рое: id=8, задача hunt (сессий: 8)
[ai] Охота (hunt): цель Target.
[cmd] [bot#1] Охота на Target! Через 3 с бежим.
[ai] Охота: цель остановлена — Target was slain by AI_2.
[ai] Охота (hunt): цель Target.
[cmd] [bot#1] Охота на Target! Через 3 с бежим.
[ai] Охота: цель остановлена — Target was slain by AI_1.
[ai] Охота (hunt): цель Target.
[cmd] [bot#1] Охота на Target! Через 3 с бежим.
[ai] Охота: цель остановлена — Target was slain by AI_4.
[ai] Охота (hunt): цель Target.
[cmd] [bot#1] Охота на Target! Через 3 с бежим.
[ai] Охота: цель остановлена — Target was slain by AI_2.
[ai] Охота (hunt): цель Target.
[cmd] [bot#1] Охота на Target! Через 3 с бежим.
[ai] Охота: цель остановлена — Target was slain by AI_1.
[ai] Охота (hunt): цель Target.
[cmd] [bot#1] Охота на Target! Через 3 с бежим.
[ai] Мозги сохранены (шагов: hunt 715065).
[ai] Охота: цель остановлена — Target was slain by AI_3.
[ai] Охота (hunt): цель Target.
[cmd] [bot#1] Охота на Target! Через 3 с бежим.
[ai] Охота: цель остановлена — Target was slain by AI_1.
[ai] Охота (hunt): цель Target.
[cmd] [bot#1] Охота на Target! Через 3 с бежим.
[ai] Охота: цель остановлена — Target was slain by AI_4.
[ai] Охота (hunt): цель Target.
[cmd] [bot#1] Охота на Target! Через 3 с бежим.
[ai] Охота: цель остановлена — Target was slain by AI_3.
[ai] Охота (hunt): цель Target.
[cmd] [bot#1] Охота на Target! Через 3 с бежим.
[ai] Охота: цель остановлена — Target was slain by AI_2.
[ai] Охота (hunt): цель Target.
[cmd] [bot#1] Охота на Target! Через 3 с бежим.
[ai] Мозги сохранены (шагов: hunt 718177).
[ai] Охота: цель остановлена — Target was slain by AI_3.
[ai] Охота (hunt): цель Target.
[cmd] [bot#1] Охота на Target! Через 3 с бежим.
[ai] Охота: цель остановлена — Target was slain by AI_4.
[ai] Охота (hunt): цель Target.
[cmd] [bot#1] Охота на Target! Через 3 с бежим.
[ai] Охота: цель остановлена — Target was slain by AI_4.
[sim] игровое время 4.0 мин (быстрее настоящего в 1.0 раза), тиков 1600, шагов обучения 1838 (7.7/с), раундов 0, осалили всего 0 (0.0 в минуту игры); салки: ждём игроков (сейчас 0)
[sim] с прошлой сводки: поймали всех 0 раз, время вышло 0 раз; в охоте цель остановили всего 13 раз
[sim] блоки с прошлой сводки: столбов цели 5, поставила цель 104, поставили боты 377, выкопали боты 12, коробок цели 3
[sim] охота по укрытиям (всего): коробка 3 за 0.7 мин, столб 5 за 1.0 мин, бег 5 за 1.3 мин
[ai] hunt · ботов 8 · попал по цели 22 раза (1.1 в минуту охоты, в полную силу 91%, критов 18%), остановили цель 13 раз, в среднем в 26.6 блоках от неё · случайных действий 5% · награда +0.759/тик · обучение 7.6 шагов/с по 69.1 мс · loss legs 1.864 head 2.045 hands 1.853
[ai] Мозги сохранены (шагов: hunt 719929).
[sim] Снимок мозгов (hunt): R:\mcbot-sim-snapshots\r8\004.0m
[ai] Охота (hunt): цель Target.
[cmd] [bot#1] Охота на Target! Через 3 с бежим.
[ai] Охота: цель остановлена — Target was slain by AI_2.
[sim] Попросили остановиться (data/sim/stop) — сохраняю и выхожу.
[sim] игровое время 4.4 мин (быстрее настоящего в 1.0 раза), тиков 1740, шагов обучения 2062 (7.7/с), раундов 0, осалили всего 0 (0.0 в минуту игры); салки: ждём игроков (сейчас 0)
[sim] с прошлой сводки: поймали всех 0 раз, время вышло 0 раз; в охоте цель остановили всего 14 раз
[sim] блоки с прошлой сводки: поставили боты 53, коробок цели 1, поставила цель 11, выкопали боты 3
[sim] охота по укрытиям (всего): коробка 4 за 1.1 мин, столб 5 за 1.0 мин, бег 5 за 1.3 мин
[ai] hunt · ботов 8 · попал по цели 1 раз (0.4 в минуту охоты, в полную силу 100%), остановили цель 1 раз, в среднем в 38.1 блоках от неё · случайных действий 5% · награда +0.580/тик · обучение 8.3 шагов/с по 68.8 мс · loss legs 2.807 head 3.223 hands 2.760
[ai] Мозги сохранены (шагов: hunt 720825).
[sim] Снимок мозгов (hunt): R:\mcbot-sim-snapshots\r8\004.4m
