[ai] Устройство: cuda
[ai] Мозг задачки bridge: сети legs, head, hands; загружен (684225 шагов, epsilon 0.01).
[demo] Загружено демо-переходов: 181 (задача: bridge)
[ai] Задача по умолчанию: bridge.
[sim] Мост: 12 ботов (учитель ведёт 2), учу 480 мин. Мозги — C:\Users\denis\mc-bot\data\sim\brains.
[ai] Новый бот в рое: id=1, задача bridge (сессий: 1)
[ai] Новый бот в рое: id=2, задача bridge (сессий: 2)
[ai] Новый бот в рое: id=3, задача bridge (сессий: 3)
[ai] Новый бот в рое: id=4, задача bridge (сессий: 4)
[ai] Новый бот в рое: id=5, задача bridge (сессий: 5)
[ai] Новый бот в рое: id=6, задача bridge (сессий: 6)
[ai] Новый бот в рое: id=7, задача bridge (сессий: 7)
[ai] Новый бот в рое: id=8, задача bridge (сессий: 8)
[ai] Новый бот в рое: id=9, задача bridge (сессий: 9)
[ai] Новый бот в рое: id=10, задача bridge (сессий: 10)
[ai] Новый бот в рое: id=11, задача bridge (сессий: 11)
[ai] Новый бот в рое: id=12, задача bridge (сессий: 12)
[ai] Мозги сохранены (шагов: bridge 689095).
[sim] Попросили остановиться (data/sim/stop) — сохраняю и выхожу.
[sim] игровое время 2.0 мин (быстрее настоящего в 0.2 раза), тиков 800, шагов обучения 2242 (4.6/с), раундов 0, осалили всего 0 (0.0 в минуту игры); салки: ждём игроков (сейчас 0)
[sim] с прошлой сводки: поймали всех 0 раз, время вышло 0 раз; в охоте цель остановили всего 0 раз
[sim] блоки с прошлой сводки: поставили боты 1077
[ai] bridge · ботов 12 · перешёл пропасть 74 раза (3.18 в минуту на бота), в среднем за 9.9 с, упал 31 раз, застрял 11 раз · дошёл из попыток: прямо 36/55, вверх 15/21, вниз 14/30, Г 9/22 · случайных действий 1% · награда +0.622/тик · обучение 4.6 шагов/с по 139.2 мс · loss legs 1.292 head 1.398 hands 1.338
[ai] Мозги сохранены (шагов: bridge 693553).
[sim] Снимок мозгов (bridge): R:\mcbot-sim-snapshots\bridge10\002.0m
