[ai] Устройство: cuda
[ai] Мозг задачки hunt: сети legs, head, hands; загружен (662681 шагов, epsilon 0.05).
[ai] Задача по умолчанию: hunt.
[sim] Охота на человека: 8 ботов (учитель ведёт 4), учу 45 мин. Мозги — C:\Users\denis\mc-bot\data\sim\brains.
[ai] Новый бот в рое: id=1, задача hunt (сессий: 1)
[ai] Новый бот в рое: id=2, задача hunt (сессий: 2)
[ai] Новый бот в рое: id=3, задача hunt (сессий: 3)
[ai] Новый бот в рое: id=4, задача hunt (сессий: 4)
[ai] Новый бот в рое: id=5, задача hunt (сессий: 5)
[ai] Новый бот в рое: id=6, задача hunt (сессий: 6)
[ai] Новый бот в рое: id=7, задача hunt (сессий: 7)
[ai] Новый бот в рое: id=8, задача hunt (сессий: 8)
[ai] Охота (hunt): цель Target.
[cmd] [bot#1] Охота на Target! Через 3 с бежим.
[ai] Охота: цель остановлена — Target was slain by AI_4.
[ai] Охота (hunt): цель Target.
[cmd] [bot#1] Охота на Target! Через 3 с бежим.
[ai] Охота: цель остановлена — Target was slain by AI_1.
[ai] Охота (hunt): цель Target.
[cmd] [bot#1] Охота на Target! Через 3 с бежим.
[ai] Охота: цель остановлена — Target was slain by AI_7.
[ai] Охота (hunt): цель Target.
[cmd] [bot#1] Охота на Target! Через 3 с бежим.
[ai] Охота: цель остановлена — Target was slain by AI_7.
[ai] Охота (hunt): цель Target.
[cmd] [bot#1] Охота на Target! Через 3 с бежим.
[ai] Охота: цель остановлена — Target was slain by AI_3.
[ai] Охота (hunt): цель Target.
[cmd] [bot#1] Охота на Target! Через 3 с бежим.
[ai] Охота: цель остановлена — Target was slain by AI_3.
[ai] Охота (hunt): цель Target.
[cmd] [bot#1] Охота на Target! Через 3 с бежим.
[ai] Мозги сохранены (шагов: hunt 665217).
[ai] Охота: цель остановлена — Target was slain by AI_3.
[ai] Охота (hunt): цель Target.
[cmd] [bot#1] Охота на Target! Через 3 с бежим.
[ai] Охота: цель остановлена — Target was slain by AI_1.
[ai] Охота (hunt): цель Target.
[cmd] [bot#1] Охота на Target! Через 3 с бежим.
[ai] Охота: цель остановлена — Target was slain by AI_2.
[ai] Охота (hunt): цель Target.
[cmd] [bot#1] Охота на Target! Через 3 с бежим.
[ai] Мозги сохранены (шагов: hunt 669081).
[ai] Охота: цель остановлена — Target was slain by AI_5.
[ai] Охота (hunt): цель Target.
[cmd] [bot#1] Охота на Target! Через 3 с бежим.
[ai] Охота: цель остановлена — Target was slain by AI_2.
[ai] Охота (hunt): цель Target.
[cmd] [bot#1] Охота на Target! Через 3 с бежим.
[sim] игровое время 4.0 мин (быстрее настоящего в 0.5 раза), тиков 1600, шагов обучения 1980 (4.2/с), раундов 0, осалили всего 0 (0.0 в минуту игры); салки: ждём игроков (сейчас 0)
[sim] с прошлой сводки: поймали всех 0 раз, время вышло 0 раз; в охоте цель остановили всего 11 раз
[sim] блоки с прошлой сводки: поставили боты 204, коробок цели 4, поставила цель 135, столбов цели 4, выкопали боты 59
[sim] охота по укрытиям (всего): коробка 4 за 0.8 мин, столб 4 за 1.8 мин, бег 3 за 0.7 мин
[ai] hunt · ботов 8 · попал по цели 12 раз (0.6 в минуту охоты, в полную силу 92%), остановили цель 11 раз, в среднем в 21.7 блоках от неё, застаивались 3 раза · случайных действий 5% · награда +0.429/тик · обучение 4.2 шагов/с по 85.5 мс · loss legs 2.047 head 2.172 hands 2.137
[ai] Мозги сохранены (шагов: hunt 671129).
[sim] Снимок мозгов (hunt): R:\mcbot-sim-snapshots\r7\004.0m
[ai] Охота: цель остановлена — Target was slain by AI_3.
[ai] Охота (hunt): цель Target.
[cmd] [bot#1] Охота на Target! Через 3 с бежим.
[ai] Охота: цель остановлена — Target was slain by AI_4.
[ai] Охота (hunt): цель Target.
[cmd] [bot#1] Охота на Target! Через 3 с бежим.
[ai] Мозги сохранены (шагов: hunt 672737).
[ai] Охота: цель остановлена — Target was slain by AI_2.
[ai] Охота (hunt): цель Target.
[cmd] [bot#1] Охота на Target! Через 3 с бежим.
[ai] Охота: цель остановлена — Target was slain by AI_4.
[ai] Охота (hunt): цель Target.
[cmd] [bot#1] Охота на Target! Через 3 с бежим.
[ai] Охота: цель остановлена — Target was slain by AI_4.
[ai] Охота (hunt): цель Target.
[cmd] [bot#1] Охота на Target! Через 3 с бежим.
[ai] Охота: цель остановлена — Target was slain by AI_2.
[ai] Охота (hunt): цель Target.
[cmd] [bot#1] Охота на Target! Через 3 с бежим.
[ai] Мозги сохранены (шагов: hunt 676313).
[ai] Охота: цель остановлена — Target was slain by AI_3.
[ai] Охота (hunt): цель Target.
[cmd] [bot#1] Охота на Target! Через 3 с бежим.
[ai] Охота: цель остановлена — Target was slain by AI_4.
[ai] Охота (hunt): цель Target.
[cmd] [bot#1] Охота на Target! Через 3 с бежим.
[ai] Охота: цель остановлена — Target was slain by AI_4.
[ai] Охота (hunt): цель Target.
[cmd] [bot#1] Охота на Target! Через 3 с бежим.
[ai] Охота: цель остановлена — Target was slain by AI_1.
[ai] Охота (hunt): цель Target.
[cmd] [bot#1] Охота на Target! Через 3 с бежим.
[ai] Мозги сохранены (шагов: hunt 679809).
[sim] игровое время 8.0 мин (быстрее настоящего в 0.5 раза), тиков 3200, шагов обучения 4240 (4.6/с), раундов 0, осалили всего 0 (0.0 в минуту игры); салки: ждём игроков (сейчас 0)
[sim] с прошлой сводки: поймали всех 0 раз, время вышло 0 раз; в охоте цель остановили всего 21 раз
[sim] блоки с прошлой сводки: поставили боты 237, столбов цели 4, поставила цель 109, выкопали боты 26, коробок цели 4
[sim] охота по укрытиям (всего): коробка 8 за 1.8 мин, столб 7 за 3.0 мин, бег 6 за 1.7 мин
[ai] hunt · ботов 8 · попал по цели 17 раз (0.8 в минуту охоты, в полную силу 88%, критов 12%), остановили цель 10 раз, в среднем в 30.8 блоках от неё · случайных действий 5% · награда +0.542/тик · обучение 5.0 шагов/с по 88.5 мс · loss legs 2.043 head 2.234 hands 2.160
[ai] Мозги сохранены (шагов: hunt 680169).
[sim] Снимок мозгов (hunt): R:\mcbot-sim-snapshots\r7\008.0m
[ai] Охота (hunt): цель Target.
[cmd] [bot#1] Охота на Target! Через 3 с бежим.
[ai] Охота: цель остановлена — Target was slain by AI_3.
[ai] Охота (hunt): цель Target.
[cmd] [bot#1] Охота на Target! Через 3 с бежим.
[ai] Охота: цель остановлена — Target was slain by AI_1.
[ai] Охота (hunt): цель Target.
[cmd] [bot#1] Охота на Target! Через 3 с бежим.
[ai] Мозги сохранены (шагов: hunt 683873).
[ai] Охота: цель остановлена — Target was slain by AI_1.
[ai] Охота (hunt): цель Target.
[cmd] [bot#1] Охота на Target! Через 3 с бежим.
[ai] Охота: цель остановлена — Target was slain by AI_4.
[ai] Охота (hunt): цель Target.
[cmd] [bot#1] Охота на Target! Через 3 с бежим.
[ai] Охота: цель остановлена — Target was slain by AI_1.
[ai] Охота (hunt): цель Target.
[cmd] [bot#1] Охота на Target! Через 3 с бежим.
[ai] Охота: цель остановлена — Target was slain by AI_1.
[ai] Охота (hunt): цель Target.
[cmd] [bot#1] Охота на Target! Через 3 с бежим.
[ai] Охота: цель остановлена — Target was slain by AI_1.
[ai] Охота (hunt): цель Target.
[cmd] [bot#1] Охота на Target! Через 3 с бежим.
[ai] Мозги сохранены (шагов: hunt 686953).
[ai] Охота: цель остановлена — Target was slain by AI_2.
[ai] Охота (hunt): цель Target.
[cmd] [bot#1] Охота на Target! Через 3 с бежим.
[sim] Попросили остановиться (data/sim/stop) — сохраняю и выхожу.
[sim] игровое время 11.4 мин (быстрее настоящего в 0.5 раза), тиков 4560, шагов обучения 6150 (4.3/с), раундов 0, осалили всего 0 (0.0 в минуту игры); салки: ждём игроков (сейчас 0)
[sim] с прошлой сводки: поймали всех 0 раз, время вышло 0 раз; в охоте цель остановили всего 29 раз
[sim] блоки с прошлой сводки: поставили боты 225, выкопали боты 18, столбов цели 4, поставила цель 68, коробок цели 2
[sim] охота по укрытиям (всего): коробка 10 за 2.3 мин, столб 11 за 4.8 мин (не успели 1), бег 8 за 2.3 мин
[ai] hunt · ботов 8 · попал по цели 13 раз (0.7 в минуту охоты, в полную силу 100%, критов 8%), остановили цель 8 раз, в среднем в 21.8 блоках от неё, застаивались 4 раза · случайных действий 5% · награда +0.223/тик · обучение 3.8 шагов/с по 84.7 мс · loss legs 1.946 head 2.046 hands 2.010
[ai] Мозги сохранены (шагов: hunt 687809).
[sim] Снимок мозгов (hunt): R:\mcbot-sim-snapshots\r7\011.4m
