[ai] Устройство: cuda
[ai] Мозг задачки hunt: сети legs, head, hands; загружен (366419 шагов, epsilon 0.05).
[ai] Задача по умолчанию: hunt.
[sim] Охота на человека: 8 ботов (учитель ведёт 4), учу 45 мин. Мозги — C:\Users\denis\mc-bot\data\sim\brains.
[ai] Новый бот в рое: id=1, задача hunt (сессий: 1)
[ai] Новый бот в рое: id=2, задача hunt (сессий: 2)
[ai] Новый бот в рое: id=3, задача hunt (сессий: 3)
[ai] Новый бот в рое: id=4, задача hunt (сессий: 4)
[ai] Новый бот в рое: id=5, задача hunt (сессий: 5)
[ai] Новый бот в рое: id=6, задача hunt (сессий: 6)
[ai] Новый бот в рое: id=7, задача hunt (сессий: 7)
[ai] Новый бот в рое: id=8, задача hunt (сессий: 8)
[ai] Охота (hunt): цель Target.
[cmd] [bot#1] Охота на Target! Через 3 с бежим.
[ai] Охота: цель остановлена — Target was slain by AI_2.
[ai] Охота (hunt): цель Target.
[cmd] [bot#1] Охота на Target! Через 3 с бежим.
[ai] Охота: цель остановлена — Target was slain by AI_4.
[ai] Охота (hunt): цель Target.
[cmd] [bot#1] Охота на Target! Через 3 с бежим.
[ai] Мозги сохранены (шагов: hunt 370475).
[ai] Охота: цель остановлена — Target was slain by AI_3.
[ai] Охота (hunt): цель Target.
[cmd] [bot#1] Охота на Target! Через 3 с бежим.
[ai] Охота: цель остановлена — Target was slain by AI_5.
[ai] Охота (hunt): цель Target.
[cmd] [bot#1] Охота на Target! Через 3 с бежим.
[ai] Мозги сохранены (шагов: hunt 374723).
[ai] Охота: цель остановлена — Target was slain by AI_2.
[ai] Охота (hunt): цель Target.
[cmd] [bot#1] Охота на Target! Через 3 с бежим.
[ai] Мозги сохранены (шагов: hunt 379347).
[ai] Охота: цель остановлена — Target was slain by AI_1.
[ai] Охота (hunt): цель Target.
[cmd] [bot#1] Охота на Target! Через 3 с бежим.
[sim] игровое время 5.0 мин (быстрее настоящего в 1.3 раза), тиков 2000, шагов обучения 3256 (13.7/с), раундов 0, осалили всего 0 (0.0 в минуту игры); салки: ждём игроков (сейчас 0)
[sim] с прошлой сводки: поймали всех 0 раз, время вышло 0 раз; в охоте цель остановили всего 6 раз
[sim] блоки с прошлой сводки: поставили боты 215, столбов цели 4, поставила цель 47
[ai] hunt · ботов 8 · попал по цели 160 раз (4.7 в минуту охоты, в полную силу 100%, критов 4%), остановили цель 6 раз, в среднем в 21.3 блоках от неё · случайных действий 5% · награда +0.304/тик · обучение 13.6 шагов/с по 47.7 мс · loss legs 0.706 head 0.861 hands 0.746
[ai] Мозги сохранены (шагов: hunt 379971).
[ai] Охота: цель остановлена — Target was slain by AI_1.
[ai] Охота (hunt): цель Target.
[cmd] [bot#1] Охота на Target! Через 3 с бежим.
[ai] Охота: цель остановлена — Target was slain by AI_2.
[ai] Охота (hunt): цель Target.
[cmd] [bot#1] Охота на Target! Через 3 с бежим.
[ai] Мозги сохранены (шагов: hunt 383219).
[ai] Охота: цель остановлена — Target was slain by AI_1.
[ai] Охота (hunt): цель Target.
[cmd] [bot#1] Охота на Target! Через 3 с бежим.
[ai] Мозги сохранены (шагов: hunt 387843).
[ai] Охота: цель остановлена — Target was slain by AI_1.
[ai] Охота (hunt): цель Target.
[cmd] [bot#1] Охота на Target! Через 3 с бежим.
[ai] Мозги сохранены (шагов: hunt 392467).
[ai] Охота: цель остановлена — Target was slain by AI_4.
[ai] Охота (hunt): цель Target.
[cmd] [bot#1] Охота на Target! Через 3 с бежим.
[sim] игровое время 10.0 мин (быстрее настоящего в 1.4 раза), тиков 4000, шагов обучения 6784 (15.4/с), раундов 0, осалили всего 0 (0.0 в минуту игры); салки: ждём игроков (сейчас 0)
[sim] с прошлой сводки: поймали всех 0 раз, время вышло 0 раз; в охоте цель остановили всего 11 раз
[sim] блоки с прошлой сводки: поставили боты 237, столбов цели 3, поставила цель 48
[ai] hunt · ботов 8 · попал по цели 159 раз (4.5 в минуту охоты, в полную силу 100%, критов 3%), остановили цель 5 раз, в среднем в 21.2 блоках от неё · случайных действий 5% · награда +0.296/тик · обучение 17.3 шагов/с по 43.5 мс · loss legs 0.902 head 1.033 hands 0.912
[ai] Мозги сохранены (шагов: hunt 394083).
[ai] Охота: цель остановлена — Target was slain by AI_4.
[ai] Охота (hunt): цель Target.
[cmd] [bot#1] Охота на Target! Через 3 с бежим.
[ai] Мозги сохранены (шагов: hunt 396699).
[ai] Охота: цель остановлена — Target was slain by AI_2.
[ai] Охота (hunt): цель Target.
[cmd] [bot#1] Охота на Target! Через 3 с бежим.
[ai] Охота: цель остановлена — Target was slain by AI_3.
[ai] Охота (hunt): цель Target.
[cmd] [bot#1] Охота на Target! Через 3 с бежим.
[ai] Мозги сохранены (шагов: hunt 400931).
[ai] Охота: цель остановлена — Target was slain by AI_5.
[ai] Охота (hunt): цель Target.
[cmd] [bot#1] Охота на Target! Через 3 с бежим.
[ai] Охота: цель остановлена — Target was slain by AI_2.
[ai] Охота (hunt): цель Target.
[cmd] [bot#1] Охота на Target! Через 3 с бежим.
[ai] Мозги сохранены (шагов: hunt 405163).
[ai] Охота: цель остановлена — Target was slain by AI_1.
[ai] Охота (hunt): цель Target.
[cmd] [bot#1] Охота на Target! Через 3 с бежим.
[sim] игровое время 15.0 мин (быстрее настоящего в 1.4 раза), тиков 6001, шагов обучения 10210 (16.0/с), раундов 0, осалили всего 0 (0.0 в минуту игры); салки: ждём игроков (сейчас 0)
[sim] с прошлой сводки: поймали всех 0 раз, время вышло 0 раз; в охоте цель остановили всего 17 раз
[sim] блоки с прошлой сводки: поставили боты 233, выкопали боты 1, столбов цели 2, поставила цель 31
[ai] hunt · ботов 8 · попал по цели 151 раз (4.4 в минуту охоты, в полную силу 100%, критов 2%), остановили цель 6 раз, в среднем в 20.3 блоках от неё · случайных действий 5% · награда +0.314/тик · обучение 17.4 шагов/с по 42.1 мс · loss legs 0.907 head 1.053 hands 0.915
[ai] Мозги сохранены (шагов: hunt 407787).
[ai] Охота: цель остановлена — Target was slain by AI_2.
[ai] Охота (hunt): цель Target.
[cmd] [bot#1] Охота на Target! Через 3 с бежим.
[ai] Мозги сохранены (шагов: hunt 409395).
[ai] Охота: цель остановлена — Target was slain by AI_3.
[ai] Охота (hunt): цель Target.
[cmd] [bot#1] Охота на Target! Через 3 с бежим.
[ai] Мозги сохранены (шагов: hunt 414011).
[ai] Охота: цель остановлена — Target was slain by AI_1.
[ai] Охота (hunt): цель Target.
[cmd] [bot#1] Охота на Target! Через 3 с бежим.
[ai] Охота: цель остановлена — Target was slain by AI_1.
[ai] Охота (hunt): цель Target.
[cmd] [bot#1] Охота на Target! Через 3 с бежим.
[ai] Мозги сохранены (шагов: hunt 418243).
[ai] Охота: цель остановлена — Target was slain by AI_3.
[ai] Охота (hunt): цель Target.
[cmd] [bot#1] Охота на Target! Через 3 с бежим.
[ai] Охота: цель остановлена — Target was slain by AI_2.
[ai] Охота (hunt): цель Target.
[cmd] [bot#1] Охота на Target! Через 3 с бежим.
[sim] игровое время 20.0 мин (быстрее настоящего в 1.4 раза), тиков 8001, шагов обучения 13634 (16.2/с), раундов 0, осалили всего 0 (0.0 в минуту игры); салки: ждём игроков (сейчас 0)
[sim] с прошлой сводки: поймали всех 0 раз, время вышло 0 раз; в охоте цель остановили всего 23 раз
[sim] блоки с прошлой сводки: поставили боты 274, столбов цели 4, поставила цель 60, выкопали боты 1
[ai] hunt · ботов 8 · попал по цели 159 раз (4.6 в минуту охоты, в полную силу 100%, критов 2%), остановили цель 6 раз, в среднем в 21.7 блоках от неё · случайных действий 5% · награда +0.316/тик · обучение 16.6 шагов/с по 42.1 мс · loss legs 0.950 head 1.116 hands 0.961
[ai] Мозги сохранены (шагов: hunt 421483).
[ai] Мозги сохранены (шагов: hunt 422475).
[ai] Охота: цель остановлена — Target was slain by AI_2.
[ai] Охота (hunt): цель Target.
[cmd] [bot#1] Охота на Target! Через 3 с бежим.
[ai] Охота: цель остановлена — Target was slain by AI_2.
[ai] Охота (hunt): цель Target.
[cmd] [bot#1] Охота на Target! Через 3 с бежим.
[ai] Мозги сохранены (шагов: hunt 426707).
[ai] Охота: цель остановлена — Target was slain by AI_3.
[ai] Охота (hunt): цель Target.
[cmd] [bot#1] Охота на Target! Через 3 с бежим.
[ai] Мозги сохранены (шагов: hunt 431323).
[ai] Охота: цель остановлена — Target was slain by AI_1.
[ai] Охота (hunt): цель Target.
[cmd] [bot#1] Охота на Target! Через 3 с бежим.
[ai] Охота: цель остановлена — Target was slain by AI_1.
[ai] Охота (hunt): цель Target.
[cmd] [bot#1] Охота на Target! Через 3 с бежим.
[ai] Мозги сохранены (шагов: hunt 435555).
[sim] игровое время 25.0 мин (быстрее настоящего в 1.4 раза), тиков 10001, шагов обучения 17154 (16.5/с), раундов 0, осалили всего 0 (0.0 в минуту игры); салки: ждём игроков (сейчас 0)
[sim] с прошлой сводки: поймали всех 0 раз, время вышло 0 раз; в охоте цель остановили всего 28 раз
[sim] блоки с прошлой сводки: поставили боты 299, столбов цели 2, поставила цель 32
[ai] hunt · ботов 8 · попал по цели 147 раз (4.2 в минуту охоты, в полную силу 100%, критов 2%), остановили цель 5 раз, в среднем в 18.7 блоках от неё · случайных действий 5% · награда +0.279/тик · обучение 18.2 шагов/с по 42.1 мс · loss legs 0.964 head 1.141 hands 0.974
[ai] Мозги сохранены (шагов: hunt 435563).
[ai] Охота: цель остановлена — Target was slain by AI_3.
[ai] Охота (hunt): цель Target.
[cmd] [bot#1] Охота на Target! Через 3 с бежим.
[ai] Охота: цель остановлена — Target was slain by AI_5.
[ai] Охота (hunt): цель Target.
[cmd] [bot#1] Охота на Target! Через 3 с бежим.
[ai] Охота: цель остановлена — Target was slain by AI_1.
[ai] Охота (hunt): цель Target.
[cmd] [bot#1] Охота на Target! Через 3 с бежим.
[ai] Мозги сохранены (шагов: hunt 439403).
[ai] Охота: цель остановлена — Target was slain by AI_1.
[ai] Охота (hunt): цель Target.
[cmd] [bot#1] Охота на Target! Через 3 с бежим.
[ai] Мозги сохранены (шагов: hunt 444019).
[ai] Охота: цель остановлена — Target was slain by AI_1.
[ai] Охота (hunt): цель Target.
[cmd] [bot#1] Охота на Target! Через 3 с бежим.
[ai] Охота: цель остановлена — Target was slain by AI_1.
[ai] Охота (hunt): цель Target.
[cmd] [bot#1] Охота на Target! Через 3 с бежим.
[ai] Охота: цель остановлена — Target was slain by AI_4.
[ai] Охота (hunt): цель Target.
[cmd] [bot#1] Охота на Target! Через 3 с бежим.
[ai] Мозги сохранены (шагов: hunt 447867).
[sim] игровое время 30.0 мин (быстрее настоящего в 1.5 раза), тиков 12001, шагов обучения 20482 (16.6/с), раундов 0, осалили всего 0 (0.0 в минуту игры); салки: ждём игроков (сейчас 0)
[sim] с прошлой сводки: поймали всех 0 раз, время вышло 0 раз; в охоте цель остановили всего 35 раз
[sim] блоки с прошлой сводки: столбов цели 6, поставила цель 93, поставили боты 307
[ai] hunt · ботов 8 · попал по цели 178 раз (5.3 в минуту охоты, в полную силу 100%, критов 6%), остановили цель 7 раз, в среднем в 22.0 блоках от неё · случайных действий 5% · награда +0.331/тик · обучение 16.6 шагов/с по 42.1 мс · loss legs 1.007 head 1.179 hands 1.020
[ai] Мозги сохранены (шагов: hunt 448875).
[ai] Охота: цель остановлена — Target was slain by AI_4.
[ai] Охота (hunt): цель Target.
[cmd] [bot#1] Охота на Target! Через 3 с бежим.
[ai] Мозги сохранены (шагов: hunt 452483).
[ai] Охота: цель остановлена — Target was slain by AI_3.
[ai] Охота (hunt): цель Target.
[cmd] [bot#1] Охота на Target! Через 3 с бежим.
[ai] Охота: цель остановлена — Target was slain by AI_1.
[ai] Охота (hunt): цель Target.
[cmd] [bot#1] Охота на Target! Через 3 с бежим.
[ai] Мозги сохранены (шагов: hunt 456715).
[ai] Охота: цель остановлена — Target was slain by AI_4.
[ai] Охота (hunt): цель Target.
[cmd] [bot#1] Охота на Target! Через 3 с бежим.
[ai] Охота: цель остановлена — Target was slain by AI_1.
[ai] Охота (hunt): цель Target.
[cmd] [bot#1] Охота на Target! Через 3 с бежим.
[ai] Мозги сохранены (шагов: hunt 460995).
[ai] Охота: цель остановлена — Target was slain by AI_4.
[ai] Охота (hunt): цель Target.
[cmd] [bot#1] Охота на Target! Через 3 с бежим.
[sim] игровое время 35.0 мин (быстрее настоящего в 1.5 раза), тиков 14001, шагов обучения 23910 (16.8/с), раундов 0, осалили всего 0 (0.0 в минуту игры); салки: ждём игроков (сейчас 0)
[sim] с прошлой сводки: поймали всех 0 раз, время вышло 0 раз; в охоте цель остановили всего 41 раз
[sim] блоки с прошлой сводки: поставили боты 363, столбов цели 3, поставила цель 48
[ai] hunt · ботов 8 · попал по цели 165 раз (4.8 в минуту охоты, в полную силу 100%, критов 2%), остановили цель 6 раз, в среднем в 19.6 блоках от неё · случайных действий 5% · награда +0.293/тик · обучение 18.0 шагов/с по 42.1 мс · loss legs 1.014 head 1.196 hands 1.025
[ai] Мозги сохранены (шагов: hunt 462587).
[ai] Мозги сохранены (шагов: hunt 465619).
[ai] Охота: цель остановлена — Target was slain by AI_4.
[ai] Охота (hunt): цель Target.
[cmd] [bot#1] Охота на Target! Через 3 с бежим.
[ai] Охота: цель остановлена — Target was slain by AI_3.
[ai] Охота (hunt): цель Target.
[cmd] [bot#1] Охота на Target! Через 3 с бежим.
[ai] Охота: цель остановлена — Target was slain by AI_2.
[ai] Охота (hunt): цель Target.
[cmd] [bot#1] Охота на Target! Через 3 с бежим.
[ai] Мозги сохранены (шагов: hunt 469523).
[ai] Охота: цель остановлена — Target was slain by AI_4.
[ai] Охота (hunt): цель Target.
[cmd] [bot#1] Охота на Target! Через 3 с бежим.
[ai] Мозги сохранены (шагов: hunt 474147).
[ai] Охота: цель остановлена — Target was slain by AI_3.
[ai] Охота (hunt): цель Target.
[cmd] [bot#1] Охота на Target! Через 3 с бежим.
[sim] игровое время 40.0 мин (быстрее настоящего в 1.5 раза), тиков 16001, шагов обучения 27440 (16.9/с), раундов 0, осалили всего 0 (0.0 в минуту игры); салки: ждём игроков (сейчас 0)
[sim] с прошлой сводки: поймали всех 0 раз, время вышло 0 раз; в охоте цель остановили всего 46 раз
[sim] блоки с прошлой сводки: поставили боты 342, столбов цели 2, поставила цель 32
[ai] hunt · ботов 8 · попал по цели 146 раз (4.1 в минуту охоты, в полную силу 100%, критов 2%), остановили цель 5 раз, в среднем в 21.0 блоках от неё · случайных действий 5% · награда +0.287/тик · обучение 17.9 шагов/с по 42.3 мс · loss legs 1.045 head 1.238 hands 1.059
[ai] Мозги сохранены (шагов: hunt 476707).
[ai] Мозги сохранены (шагов: hunt 478771).
[ai] Охота: цель остановлена — Target was slain by AI_1.
[ai] Охота (hunt): цель Target.
[cmd] [bot#1] Охота на Target! Через 3 с бежим.
[ai] Охота: цель остановлена — Target was slain by AI_2.
[ai] Охота (hunt): цель Target.
[cmd] [bot#1] Охота на Target! Через 3 с бежим.
[ai] Охота: цель остановлена — Target was slain by AI_2.
[ai] Охота (hunt): цель Target.
[cmd] [bot#1] Охота на Target! Через 3 с бежим.
[ai] Мозги сохранены (шагов: hunt 482643).
[ai] Охота: цель остановлена — Target was slain by AI_1.
[ai] Охота (hunt): цель Target.
[cmd] [bot#1] Охота на Target! Через 3 с бежим.
[ai] Охота: цель остановлена — Target was slain by AI_4.
[ai] Охота (hunt): цель Target.
[cmd] [bot#1] Охота на Target! Через 3 с бежим.
[ai] Мозги сохранены (шагов: hunt 486891).
[ai] Охота: цель остановлена — Target was slain by AI_3.
[ai] Охота (hunt): цель Target.
[cmd] [bot#1] Охота на Target! Через 3 с бежим.
[sim] игровое время 45.0 мин (быстрее настоящего в 1.5 раза), тиков 18000, шагов обучения 30874 (16.6/с), раундов 0, осалили всего 0 (0.0 в минуту игры); салки: ждём игроков (сейчас 0)
[sim] с прошлой сводки: поймали всех 0 раз, время вышло 0 раз; в охоте цель остановили всего 52 раз
[sim] блоки с прошлой сводки: поставили боты 319, столбов цели 4, поставила цель 64
[ai] hunt · ботов 8 · попал по цели 171 раз (5.0 в минуту охоты, в полную силу 100%, критов 3%), остановили цель 6 раз, в среднем в 19.5 блоках от неё · случайных действий 5% · награда +0.281/тик · обучение 14.9 шагов/с по 46.1 мс · loss legs 1.048 head 1.238 hands 1.083
[ai] Мозги сохранены (шагов: hunt 490443).
[ai] Мозги сохранены (шагов: hunt 491515).
[ai] Охота: цель остановлена — Target was slain by AI_2.
[ai] Охота (hunt): цель Target.
[cmd] [bot#1] Охота на Target! Через 3 с бежим.
[ai] Охота: цель остановлена — Target was slain by AI_3.
[ai] Охота (hunt): цель Target.
[cmd] [bot#1] Охота на Target! Через 3 с бежим.
[ai] Охота: цель остановлена — Target was slain by AI_3.
[ai] Охота (hunt): цель Target.
[cmd] [bot#1] Охота на Target! Через 3 с бежим.
[ai] Мозги сохранены (шагов: hunt 495419).
[ai] Охота: цель остановлена — Target was slain by AI_4.
[ai] Охота (hunt): цель Target.
[cmd] [bot#1] Охота на Target! Через 3 с бежим.
[ai] Мозги сохранены (шагов: hunt 500043).
[ai] Охота: цель остановлена — Target was slain by AI_1.
[ai] Охота (hunt): цель Target.
[cmd] [bot#1] Охота на Target! Через 3 с бежим.
[ai] Охота: цель остановлена — Target was slain by AI_1.
[ai] Охота (hunt): цель Target.
[cmd] [bot#1] Охота на Target! Через 3 с бежим.
[sim] игровое время 50.0 мин (быстрее настоящего в 1.4 раза), тиков 20000, шагов обучения 34310 (16.5/с), раундов 0, осалили всего 0 (0.0 в минуту игры); салки: ждём игроков (сейчас 0)
[sim] с прошлой сводки: поймали всех 0 раз, время вышло 0 раз; в охоте цель остановили всего 58 раз
[sim] блоки с прошлой сводки: поставили боты 285, столбов цели 3, поставила цель 48
[ai] hunt · ботов 8 · попал по цели 158 раз (4.6 в минуту охоты, в полную силу 100%, критов 3%), остановили цель 6 раз, в среднем в 19.5 блоках от неё · случайных действий 5% · награда +0.317/тик · обучение 15.1 шагов/с по 44.6 мс · loss legs 1.072 head 1.264 hands 1.116
[ai] Мозги сохранены (шагов: hunt 504187).
[ai] Мозги сохранены (шагов: hunt 504291).
[ai] Охота: цель остановлена — Target was slain by AI_2.
[ai] Охота (hunt): цель Target.
[cmd] [bot#1] Охота на Target! Через 3 с бежим.
[ai] Охота: цель остановлена — Target was slain by AI_3.
[ai] Охота (hunt): цель Target.
[cmd] [bot#1] Охота на Target! Через 3 с бежим.
[ai] Охота: цель остановлена — Target was slain by AI_3.
[ai] Охота (hunt): цель Target.
[cmd] [bot#1] Охота на Target! Через 3 с бежим.
[ai] Мозги сохранены (шагов: hunt 508363).
[ai] Охота: цель остановлена — Target was slain by AI_1.
[ai] Охота (hunt): цель Target.
[cmd] [bot#1] Охота на Target! Через 3 с бежим.
[ai] Охота: цель остановлена — Target was slain by AI_6.
[ai] Охота (hunt): цель Target.
[cmd] [bot#1] Охота на Target! Через 3 с бежим.
[ai] Мозги сохранены (шагов: hunt 512611).
[ai] Охота: цель остановлена — Target was slain by AI_1.
[ai] Охота (hunt): цель Target.
[cmd] [bot#1] Охота на Target! Через 3 с бежим.
[ai] Охота: цель остановлена — Target was slain by AI_1.
[ai] Охота (hunt): цель Target.
[cmd] [bot#1] Охота на Target! Через 3 с бежим.
[ai] Мозги сохранены (шагов: hunt 516859).
[sim] игровое время 55.0 мин (быстрее настоящего в 1.4 раза), тиков 22000, шагов обучения 37652 (16.3/с), раундов 0, осалили всего 0 (0.0 в минуту игры); салки: ждём игроков (сейчас 0)
[sim] с прошлой сводки: поймали всех 0 раз, время вышло 0 раз; в охоте цель остановили всего 65 раз
[sim] блоки с прошлой сводки: поставили боты 390, столбов цели 6, поставила цель 96
[ai] hunt · ботов 8 · попал по цели 178 раз (5.3 в минуту охоты, в полную силу 100%, критов 7%), остановили цель 7 раз, в среднем в 22.2 блоках от неё · случайных действий 5% · награда +0.328/тик · обучение 14.4 шагов/с по 46.3 мс · loss legs 1.089 head 1.276 hands 1.134
[ai] Мозги сохранены (шагов: hunt 517555).
[ai] Охота: цель остановлена — Target was slain by AI_2.
[ai] Охота (hunt): цель Target.
[cmd] [bot#1] Охота на Target! Через 3 с бежим.
[ai] Охота: цель остановлена — Target was slain by AI_1.
[ai] Охота (hunt): цель Target.
[cmd] [bot#1] Охота на Target! Через 3 с бежим.
[ai] Мозги сохранены (шагов: hunt 521107).
[ai] Охота: цель остановлена — Target was slain by AI_3.
[ai] Охота (hunt): цель Target.
[cmd] [bot#1] Охота на Target! Через 3 с бежим.
[ai] Охота: цель остановлена — Target was slain by AI_2.
[ai] Охота (hunt): цель Target.
[cmd] [bot#1] Охота на Target! Через 3 с бежим.
[ai] Мозги сохранены (шагов: hunt 525355).
[ai] Охота: цель остановлена — Target was slain by AI_4.
[ai] Охота (hunt): цель Target.
[cmd] [bot#1] Охота на Target! Через 3 с бежим.
[ai] Охота: цель остановлена — Target was slain by AI_4.
[ai] Охота (hunt): цель Target.
[cmd] [bot#1] Охота на Target! Через 3 с бежим.
[ai] Мозги сохранены (шагов: hunt 529603).
[ai] Охота: цель остановлена — Target was slain by AI_1.
[ai] Охота (hunt): цель Target.
[cmd] [bot#1] Охота на Target! Через 3 с бежим.
[sim] игровое время 60.0 мин (быстрее настоящего в 1.4 раза), тиков 24000, шагов обучения 40994 (15.8/с), раундов 0, осалили всего 0 (0.0 в минуту игры); салки: ждём игроков (сейчас 0)
[sim] с прошлой сводки: поймали всех 0 раз, время вышло 0 раз; в охоте цель остановили всего 72 раз
[sim] блоки с прошлой сводки: поставили боты 296, столбов цели 6, поставила цель 84
[ai] hunt · ботов 8 · попал по цели 172 раза (5.1 в минуту охоты, в полную силу 100%, критов 4%), остановили цель 7 раз, в среднем в 21.0 блоках от неё · случайных действий 5% · награда +0.334/тик · обучение 11.9 шагов/с по 45.5 мс · loss legs 1.114 head 1.296 hands 1.149
[ai] Мозги сохранены (шагов: hunt 530923).
[ai] Охота: цель остановлена — Target was slain by AI_2.
[ai] Охота (hunt): цель Target.
[cmd] [bot#1] Охота на Target! Через 3 с бежим.
[ai] Охота: цель остановлена — Target was slain by AI_1.
[ai] Охота (hunt): цель Target.
[cmd] [bot#1] Охота на Target! Через 3 с бежим.
[ai] Мозги сохранены (шагов: hunt 533475).
[sim] игровое время 61.4 мин (быстрее настоящего в 1.4 раза), тиков 24558, шагов обучения 41922 (15.5/с), раундов 0, осалили всего 0 (0.0 в минуту игры); салки: ждём игроков (сейчас 0)
[sim] с прошлой сводки: поймали всех 0 раз, время вышло 0 раз; в охоте цель остановили всего 74 раз
[sim] блоки с прошлой сводки: поставила цель 24, поставили боты 73, столбов цели 1
[ai] hunt · ботов 8 · попал по цели 53 раза (5.7 в минуту охоты, в полную силу 98%, критов 8%), остановили цель 2 раза, в среднем в 21.6 блоках от неё · случайных действий 5% · награда +0.340/тик · обучение 8.8 шагов/с по 52.7 мс · loss legs 1.151 head 1.336 hands 1.183
[ai] Мозги сохранены (шагов: hunt 534635).
