[ai] Устройство: cuda
[ai] Мозг задачки chase: сети legs, head, hands; загружен (61243 шагов, epsilon 0.05).
[ai] Мозг задачки flee: сети legs, head, hands; загружен (206566 шагов, epsilon 0.05).
[ai] Задача по умолчанию: tag.
[sim] Салки: 12 ботов (учитель ведёт 6), учу 40 мин. Мозги — C:\Users\denis\mc-bot\data\sim\brains.
[ai] Новый бот в рое: id=1, задача tag (сессий: 1)
[ai] Новый бот в рое: id=2, задача tag (сессий: 2)
[ai] Салки: раунд 1 — водит AI_2, игроков 2.
[ai] Новый бот в рое: id=3, задача tag (сессий: 3)
[ai] Новый бот в рое: id=4, задача tag (сессий: 4)
[ai] Новый бот в рое: id=5, задача tag (сессий: 5)
[ai] Новый бот в рое: id=6, задача tag (сессий: 6)
[ai] Новый бот в рое: id=7, задача tag (сессий: 7)
[ai] Новый бот в рое: id=8, задача tag (сессий: 8)
[ai] Новый бот в рое: id=9, задача tag (сессий: 9)
[ai] Новый бот в рое: id=10, задача tag (сессий: 10)
[ai] Новый бот в рое: id=11, задача tag (сессий: 11)
[ai] Новый бот в рое: id=12, задача tag (сессий: 12)
[ai] Салки: AI_2 осалил AI_10 — убегающих осталось 10.
[ai] Салки: AI_2 осалил AI_4 — убегающих осталось 9.
[ai] Салки: AI_2 осалил AI_6 — убегающих осталось 8.
[ai] Салки: AI_4 осалил AI_7 — убегающих осталось 7.
[ai] Салки: AI_6 осалил AI_5 — убегающих осталось 6.
[ai] Салки: AI_4 осалил AI_11 — убегающих осталось 5.
[ai] Салки: AI_6 осалил AI_12 — убегающих осталось 4.
[ai] Салки: AI_4 осалил AI_1 — убегающих осталось 3.
[ai] Салки: AI_4 осалил AI_3 — убегающих осталось 2.
[ai] Салки: AI_4 осалил AI_8 — убегающих осталось 1.
[ai] Салки: AI_6 осалил AI_9 — убегающих осталось 0.
[ai] Салки: раунд 1 — осалили всех за 50 с.
[ai] Салки: раунд 2 — водит AI_4, игроков 12.
[ai] Салки: AI_4 осалил AI_7 — убегающих осталось 10.
[ai] Салки: AI_4 осалил AI_8 — убегающих осталось 9.
[ai] Салки: AI_4 осалил AI_10 — убегающих осталось 8.
[ai] Салки: AI_4 осалил AI_12 — убегающих осталось 7.
[ai] Салки: AI_4 осалил AI_1 — убегающих осталось 6.
[ai] Салки: AI_4 осалил AI_9 — убегающих осталось 5.
[ai] Салки: AI_7 осалил AI_3 — убегающих осталось 4.
[ai] Салки: AI_1 осалил AI_5 — убегающих осталось 3.
[ai] Салки: AI_4 осалил AI_11 — убегающих осталось 2.
[ai] Салки: AI_4 осалил AI_2 — убегающих осталось 1.
[ai] Салки: AI_4 осалил AI_6 — убегающих осталось 0.
[ai] Салки: раунд 2 — осалили всех за 53 с.
[ai] Салки: раунд 3 — водит AI_7, игроков 12.
[ai] Салки: AI_7 осалил AI_8 — убегающих осталось 10.
[ai] Салки: бот 9 стоит на месте 45 с — /kill.
[ai] Салки: бот 1 стоит на месте 45 с — /kill.
[ai] Салки: бот 6 стоит на месте 45 с — /kill.
[ai] Салки: AI_7 осалил AI_11 — убегающих осталось 9.
