[ai] Устройство: cuda
[ai] Мозг задачки bridge: сети legs, head, hands; загружен (228266 шагов, epsilon 0.01), доращён (legs: входов 178 -> 182; head: входов 178 -> 182; hands: входов 178 -> 182).
[demo] Загружено демо-переходов: 181 (задача: bridge)
[ai] Задача по умолчанию: bridge.
[sim] Мост: 12 ботов (учитель ведёт 4), учу 480 мин. Мозги — C:\Users\denis\mc-bot\data\sim\brains.
[ai] Новый бот в рое: id=1, задача bridge (сессий: 1)
[ai] Новый бот в рое: id=2, задача bridge (сессий: 2)
[ai] Новый бот в рое: id=3, задача bridge (сессий: 3)
[ai] Новый бот в рое: id=4, задача bridge (сессий: 4)
[ai] Новый бот в рое: id=5, задача bridge (сессий: 5)
[ai] Новый бот в рое: id=6, задача bridge (сессий: 6)
[ai] Новый бот в рое: id=7, задача bridge (сессий: 7)
[ai] Новый бот в рое: id=8, задача bridge (сессий: 8)
[ai] Новый бот в рое: id=9, задача bridge (сессий: 9)
[ai] Новый бот в рое: id=10, задача bridge (сессий: 10)
[ai] Новый бот в рое: id=11, задача bridge (сессий: 11)
[ai] Новый бот в рое: id=12, задача bridge (сессий: 12)
[ai] Мозги сохранены (шагов: bridge 233166).
[ai] Мозги сохранены (шагов: bridge 238066).
[ai] Мозги сохранены (шагов: bridge 242956).
[sim] игровое время 4.0 мин (быстрее настоящего в 0.4 раза), тиков 1600, шагов обучения 4604 (7.6/с), раундов 0, осалили всего 0 (0.0 в минуту игры); салки: ждём игроков (сейчас 0)
[sim] с прошлой сводки: поймали всех 0 раз, время вышло 0 раз; в охоте цель остановили всего 0 раз
[sim] блоки с прошлой сводки: поставили боты 1130
[ai] bridge · ботов 12 · перешёл пропасть 110 раз (2.34 в минуту на бота), в среднем за 9.6 с, упал 37 раз, застрял 57 раз · дошёл из попыток: прямо 51/88, вверх 17/49, вниз 24/46, Г 18/33 · случайных действий 1% · награда +0.500/тик · обучение 7.6 шагов/с по 90.5 мс · loss legs 3.007 head 2.593 hands 2.183
[ai] Мозги сохранены (шагов: bridge 247044).
[sim] Снимок мозгов (bridge): R:\mcbot-sim-snapshots\bridge5\004.0m
[ai] Мозги сохранены (шагов: bridge 247846).
[ai] Мозги сохранены (шагов: bridge 252737).
[ai] Мозги сохранены (шагов: bridge 257627).
[ai] Мозги сохранены (шагов: bridge 262515).
[sim] игровое время 8.0 мин (быстрее настоящего в 0.5 раза), тиков 3200, шагов обучения 9295 (9.1/с), раундов 0, осалили всего 0 (0.0 в минуту игры); салки: ждём игроков (сейчас 0)
[sim] с прошлой сводки: поймали всех 0 раз, время вышло 0 раз; в охоте цель остановили всего 0 раз
[sim] блоки с прошлой сводки: поставили боты 1209
[ai] bridge · ботов 12 · перешёл пропасть 122 раза (2.60 в минуту на бота), в среднем за 10.0 с, упал 43 раза, застрял 53 раза · дошёл из попыток: прямо 52/91, вверх 24/51, вниз 30/46, Г 16/30 · случайных действий 1% · награда +0.547/тик · обучение 11.3 шагов/с по 62.2 мс · loss legs 2.665 head 2.381 hands 2.139
[ai] Мозги сохранены (шагов: bridge 265807).
[sim] Снимок мозгов (bridge): R:\mcbot-sim-snapshots\bridge5\008.0m
[ai] Мозги сохранены (шагов: bridge 267401).
[ai] Мозги сохранены (шагов: bridge 272297).
[ai] Мозги сохранены (шагов: bridge 277175).
[ai] Мозги сохранены (шагов: bridge 282056).
[sim] игровое время 12.0 мин (быстрее настоящего в 0.5 раза), тиков 4801, шагов обучения 13983 (8.8/с), раундов 0, осалили всего 0 (0.0 в минуту игры); салки: ждём игроков (сейчас 0)
[sim] с прошлой сводки: поймали всех 0 раз, время вышло 0 раз; в охоте цель остановили всего 0 раз
[sim] блоки с прошлой сводки: поставили боты 1306
[ai] bridge · ботов 12 · перешёл пропасть 135 раз (2.88 в минуту на бота), в среднем за 9.6 с, упал 46 раз, застрял 49 раз · дошёл из попыток: прямо 72/95, вверх 16/49, вниз 28/47, Г 19/39 · случайных действий 1% · награда +0.616/тик · обучение 8.2 шагов/с по 86.0 мс · loss legs 2.503 head 2.370 hands 2.190
[ai] Мозги сохранены (шагов: bridge 284559).
[sim] Снимок мозгов (bridge): R:\mcbot-sim-snapshots\bridge5\012.0m
[ai] Мозги сохранены (шагов: bridge 286933).
[ai] Мозги сохранены (шагов: bridge 291817).
[ai] Мозги сохранены (шагов: bridge 296701).
[ai] Мозги сохранены (шагов: bridge 301583).
[sim] игровое время 16.0 мин (быстрее настоящего в 0.5 раза), тиков 6401, шагов обучения 18666 (9.3/с), раундов 0, осалили всего 0 (0.0 в минуту игры); салки: ждём игроков (сейчас 0)
[sim] с прошлой сводки: поймали всех 0 раз, время вышло 0 раз; в охоте цель остановили всего 0 раз
[sim] блоки с прошлой сводки: поставили боты 1531
[ai] bridge · ботов 12 · перешёл пропасть 154 раза (3.29 в минуту на бота), в среднем за 9.6 с, упал 37 раз, застрял 43 раза · дошёл из попыток: прямо 70/100, вверх 23/47, вниз 34/44, Г 27/43 · случайных действий 1% · награда +0.754/тик · обучение 11.0 шагов/с по 64.2 мс · loss legs 2.541 head 2.497 hands 2.346
[ai] Мозги сохранены (шагов: bridge 303291).
[sim] Снимок мозгов (bridge): R:\mcbot-sim-snapshots\bridge5\016.0m
[ai] Мозги сохранены (шагов: bridge 306464).
[ai] Мозги сохранены (шагов: bridge 311349).
[ai] Мозги сохранены (шагов: bridge 316225).
[sim] Попросили остановиться (data/sim/stop) — сохраняю и выхожу.
[sim] игровое время 18.8 мин (быстрее настоящего в 0.5 раза), тиков 7540, шагов обучения 21998 (9.2/с), раундов 0, осалили всего 0 (0.0 в минуту игры); салки: ждём игроков (сейчас 0)
[sim] с прошлой сводки: поймали всех 0 раз, время вышло 0 раз; в охоте цель остановили всего 0 раз
[sim] блоки с прошлой сводки: поставили боты 1074
[ai] bridge · ботов 12 · перешёл пропасть 116 раз (3.48 в минуту на бота), в среднем за 9.5 с, упал 26 раз, застрял 28 раз · дошёл из попыток: прямо 62/78, вверх 13/29, вниз 22/31, Г 19/32 · случайных действий 1% · награда +0.798/тик · обучение 8.6 шагов/с по 81.5 мс · loss legs 2.585 head 2.591 hands 2.439
[ai] Мозги сохранены (шагов: bridge 316619).
[sim] Снимок мозгов (bridge): R:\mcbot-sim-snapshots\bridge5\018.8m
