[ai] Устройство: cuda
[ai] Мозг задачки hunt: сети legs, head, hands; загружен (643465 шагов, epsilon 0.05).
[ai] Задача по умолчанию: hunt.
[sim] Охота на человека: 8 ботов (учитель ведёт 4), учу 40 мин. Мозги — C:\Users\denis\mc-bot\data\sim\brains.
[ai] Новый бот в рое: id=1, задача hunt (сессий: 1)
[ai] Новый бот в рое: id=2, задача hunt (сессий: 2)
[ai] Новый бот в рое: id=3, задача hunt (сессий: 3)
[ai] Новый бот в рое: id=4, задача hunt (сессий: 4)
[ai] Новый бот в рое: id=5, задача hunt (сессий: 5)
[ai] Новый бот в рое: id=6, задача hunt (сессий: 6)
[ai] Новый бот в рое: id=7, задача hunt (сессий: 7)
[ai] Новый бот в рое: id=8, задача hunt (сессий: 8)
[ai] Охота (hunt): цель Target.
[cmd] [bot#1] Охота на Target! Через 3 с бежим.
[ai] Охота: цель остановлена — Target was slain by AI_3.
[ai] Охота (hunt): цель Target.
[cmd] [bot#1] Охота на Target! Через 3 с бежим.
[ai] Охота: цель остановлена — Target was slain by AI_3.
[ai] Охота (hunt): цель Target.
[cmd] [bot#1] Охота на Target! Через 3 с бежим.
[ai] Охота: цель остановлена — Target was slain by AI_2.
[ai] Охота (hunt): цель Target.
[cmd] [bot#1] Охота на Target! Через 3 с бежим.
[ai] Охота: цель остановлена — Target was slain by AI_1.
[ai] Охота (hunt): цель Target.
[cmd] [bot#1] Охота на Target! Через 3 с бежим.
[ai] Охота: цель остановлена — Target was slain by AI_2.
[ai] Охота (hunt): цель Target.
[cmd] [bot#1] Охота на Target! Через 3 с бежим.
[ai] Охота: цель остановлена — Target was slain by AI_2.
[ai] Охота (hunt): цель Target.
[cmd] [bot#1] Охота на Target! Через 3 с бежим.
[ai] Мозги сохранены (шагов: hunt 646289).
[ai] Охота: цель остановлена — Target was slain by AI_2.
[ai] Охота (hunt): цель Target.
[cmd] [bot#1] Охота на Target! Через 3 с бежим.
[ai] Охота: цель остановлена — Target was slain by AI_2.
[ai] Охота (hunt): цель Target.
[cmd] [bot#1] Охота на Target! Через 3 с бежим.
[ai] Охота: цель остановлена — Target was slain by AI_1.
[ai] Охота (hunt): цель Target.
[cmd] [bot#1] Охота на Target! Через 3 с бежим.
[ai] Охота: цель остановлена — Target was slain by AI_3.
[ai] Охота (hunt): цель Target.
[cmd] [bot#1] Охота на Target! Через 3 с бежим.
[ai] Охота: цель остановлена — Target was slain by AI_3.
[ai] Охота (hunt): цель Target.
[cmd] [bot#1] Охота на Target! Через 3 с бежим.
[ai] Мозги сохранены (шагов: hunt 649777).
[ai] Охота: цель остановлена — Target was slain by AI_2.
[ai] Охота (hunt): цель Target.
[cmd] [bot#1] Охота на Target! Через 3 с бежим.
[ai] Охота: цель остановлена — Target was slain by AI_2.
[sim] игровое время 4.0 мин (быстрее настоящего в 1.2 раза), тиков 1600, шагов обучения 1882 (9.5/с), раундов 0, осалили всего 0 (0.0 в минуту игры); салки: ждём игроков (сейчас 0)
[sim] с прошлой сводки: поймали всех 0 раз, время вышло 0 раз; в охоте цель остановили всего 13 раз
[sim] блоки с прошлой сводки: поставили боты 144, столбов цели 2, поставила цель 48, коробок цели 3, выкопали боты 11
[sim] охота по укрытиям (всего): коробка 3 за 0.7 мин, столб 2 за 0.5 мин, бег 8 за 1.9 мин
[ai] hunt · ботов 8 · попал по цели 13 раз (0.6 в минуту охоты, в полную силу 100%), остановили цель 13 раз, в среднем в 31.1 блоках от неё · случайных действий 5% · награда +0.837/тик · обучение 9.4 шагов/с по 56.1 мс · loss legs 1.909 head 2.046 hands 2.036
[ai] Мозги сохранены (шагов: hunt 651521).
[sim] Снимок мозгов (hunt): R:\mcbot-sim-snapshots\r6\004.0m
[ai] Охота (hunt): цель Target.
[cmd] [bot#1] Охота на Target! Через 3 с бежим.
[ai] Охота: цель остановлена — Target was slain by AI_3.
[ai] Охота (hunt): цель Target.
[cmd] [bot#1] Охота на Target! Через 3 с бежим.
[ai] Охота: цель остановлена — Target was slain by AI_1.
[ai] Охота (hunt): цель Target.
[cmd] [bot#1] Охота на Target! Через 3 с бежим.
[ai] Мозги сохранены (шагов: hunt 653273).
[ai] Охота: цель остановлена — Target was slain by AI_5.
[ai] Охота (hunt): цель Target.
[cmd] [bot#1] Охота на Target! Через 3 с бежим.
[ai] Охота: цель остановлена — Target was slain by AI_3.
[ai] Охота (hunt): цель Target.
[cmd] [bot#1] Охота на Target! Через 3 с бежим.
[ai] Охота: цель остановлена — Target was slain by AI_4.
[ai] Охота (hunt): цель Target.
[cmd] [bot#1] Охота на Target! Через 3 с бежим.
[ai] Охота: цель остановлена — Target was slain by AI_1.
[ai] Охота (hunt): цель Target.
[cmd] [bot#1] Охота на Target! Через 3 с бежим.
[ai] Охота: цель остановлена — Target was slain by AI_1.
[ai] Охота (hunt): цель Target.
[cmd] [bot#1] Охота на Target! Через 3 с бежим.
[ai] Мозги сохранены (шагов: hunt 656569).
[ai] Охота: цель остановлена — Target was slain by AI_4.
[ai] Охота (hunt): цель Target.
[cmd] [bot#1] Охота на Target! Через 3 с бежим.
[ai] Охота: цель остановлена — Target was slain by AI_1.
[ai] Охота (hunt): цель Target.
[cmd] [bot#1] Охота на Target! Через 3 с бежим.
[ai] Охота: цель остановлена — Target was slain by AI_4.
[ai] Охота (hunt): цель Target.
[cmd] [bot#1] Охота на Target! Через 3 с бежим.
[ai] Охота: цель остановлена — Target was slain by AI_1.
[ai] Охота (hunt): цель Target.
[cmd] [bot#1] Охота на Target! Через 3 с бежим.
[sim] игровое время 8.0 мин (быстрее настоящего в 1.2 раза), тиков 3200, шагов обучения 3958 (9.8/с), раундов 0, осалили всего 0 (0.0 в минуту игры); салки: ждём игроков (сейчас 0)
[sim] с прошлой сводки: поймали всех 0 раз, время вышло 0 раз; в охоте цель остановили всего 24 раз
[sim] блоки с прошлой сводки: поставила цель 83, поставили боты 276, столбов цели 5, выкопали боты 2, коробок цели 3
[sim] охота по укрытиям (всего): коробка 6 за 1.6 мин, столб 7 за 1.8 мин, бег 11 за 2.9 мин
[ai] hunt · ботов 8 · попал по цели 16 раз (0.8 в минуту охоты, в полную силу 75%), остановили цель 11 раз, в среднем в 34.6 блоках от неё · случайных действий 5% · награда +0.741/тик · обучение 10.1 шагов/с по 58.5 мс · loss legs 1.967 head 2.082 hands 2.047
[ai] Мозги сохранены (шагов: hunt 659825).
[sim] Снимок мозгов (hunt): R:\mcbot-sim-snapshots\r6\008.0m
[ai] Мозги сохранены (шагов: hunt 660065).
[ai] Охота: цель остановлена — Target was slain by AI_2.
[ai] Охота (hunt): цель Target.
[cmd] [bot#1] Охота на Target! Через 3 с бежим.
[ai] Охота: цель остановлена — Target was slain by AI_1.
[ai] Охота (hunt): цель Target.
[cmd] [bot#1] Охота на Target! Через 3 с бежим.
[ai] Охота: цель остановлена — Target was slain by AI_4.
[ai] Охота (hunt): цель Target.
[cmd] [bot#1] Охота на Target! Через 3 с бежим.
[sim] Попросили остановиться (data/sim/stop) — сохраняю и выхожу.
[sim] игровое время 9.3 мин (быстрее настоящего в 1.2 раза), тиков 3700, шагов обучения 4672 (10.1/с), раундов 0, осалили всего 0 (0.0 в минуту игры); салки: ждём игроков (сейчас 0)
[sim] с прошлой сводки: поймали всех 0 раз, время вышло 0 раз; в охоте цель остановили всего 27 раз
[sim] блоки с прошлой сводки: поставили боты 81, коробок цели 2, поставила цель 28
[sim] охота по укрытиям (всего): коробка 8 за 2.0 мин, столб 7 за 1.8 мин, бег 12 за 3.5 мин
[ai] hunt · ботов 8 · попал по цели 3 раза (0.4 в минуту охоты, в полную силу 100%), остановили цель 3 раза, в среднем в 31.6 блоках от неё · случайных действий 5% · награда +0.571/тик · обучение 11.7 шагов/с по 53.6 мс · loss legs 2.115 head 2.159 hands 2.130
[ai] Мозги сохранены (шагов: hunt 662681).
[sim] Снимок мозгов (hunt): R:\mcbot-sim-snapshots\r6\009.3m
