[ai] Устройство: cuda
[ai] Мозг задачки hunt: сети legs, head, hands; загружен (596857 шагов, epsilon 0.05), доращён (legs: входов 150 -> 152; head: входов 150 -> 152; hands: входов 150 -> 152).
[ai] Задача по умолчанию: hunt.
[sim] Охота на человека: 8 ботов (учитель ведёт 4), учу 30 мин. Мозги — C:\Users\denis\mc-bot\data\sim\brains.
[ai] Новый бот в рое: id=1, задача hunt (сессий: 1)
[ai] Новый бот в рое: id=2, задача hunt (сессий: 2)
[ai] Новый бот в рое: id=3, задача hunt (сессий: 3)
[ai] Новый бот в рое: id=4, задача hunt (сессий: 4)
[ai] Новый бот в рое: id=5, задача hunt (сессий: 5)
[ai] Новый бот в рое: id=6, задача hunt (сессий: 6)
[ai] Новый бот в рое: id=7, задача hunt (сессий: 7)
[ai] Новый бот в рое: id=8, задача hunt (сессий: 8)
[ai] Охота (hunt): цель Target.
[cmd] [bot#1] Охота на Target! Через 3 с бежим.
[ai] Охота: цель остановлена — Target was slain by AI_1.
[ai] Охота (hunt): цель Target.
[cmd] [bot#1] Охота на Target! Через 3 с бежим.
[ai] Охота: цель остановлена — Target was slain by AI_3.
[ai] Охота (hunt): цель Target.
[cmd] [bot#1] Охота на Target! Через 3 с бежим.
[ai] Мозги сохранены (шагов: hunt 601129).
[ai] Охота: цель остановлена — Target was slain by AI_2.
[ai] Охота (hunt): цель Target.
[cmd] [bot#1] Охота на Target! Через 3 с бежим.
[ai] Охота: цель остановлена — Target was slain by AI_2.
[ai] Охота (hunt): цель Target.
[cmd] [bot#1] Охота на Target! Через 3 с бежим.
[ai] Мозги сохранены (шагов: hunt 605377).
[ai] Охота: цель остановлена — Target was slain by AI_4.
[ai] Охота (hunt): цель Target.
[cmd] [bot#1] Охота на Target! Через 3 с бежим.
[ai] Мозги сохранены (шагов: hunt 610001).
[sim] игровое время 5.0 мин (быстрее настоящего в 1.1 раза), тиков 2000, шагов обучения 3352 (12.8/с), раундов 0, осалили всего 0 (0.0 в минуту игры); салки: ждём игроков (сейчас 0)
[sim] с прошлой сводки: поймали всех 0 раз, время вышло 0 раз; в охоте цель остановили всего 5 раз
[sim] блоки с прошлой сводки: поставили боты 245, столбов цели 3, поставила цель 48, выкопали боты 6
[ai] hunt · ботов 8 · попал по цели 164 раза (4.7 в минуту охоты, в полную силу 99%, критов 1%), остановили цель 5 раз, в среднем в 21.3 блоках от неё · случайных действий 5% · награда +0.272/тик · обучение 12.5 шагов/с по 50.0 мс · loss legs 1.025 head 1.086 hands 1.046
[ai] Мозги сохранены (шагов: hunt 610793).
[ai] Охота: цель остановлена — Target was slain by AI_1.
[ai] Охота (hunt): цель Target.
[cmd] [bot#1] Охота на Target! Через 3 с бежим.
[ai] Охота: цель остановлена — Target was slain by AI_1.
[ai] Охота (hunt): цель Target.
[cmd] [bot#1] Охота на Target! Через 3 с бежим.
[ai] Мозги сохранены (шагов: hunt 614249).
[ai] Охота: цель остановлена — Target was slain by AI_1.
[ai] Охота (hunt): цель Target.
[cmd] [bot#1] Охота на Target! Через 3 с бежим.
[ai] Охота: цель остановлена — Target was slain by AI_4.
[ai] Охота (hunt): цель Target.
[cmd] [bot#1] Охота на Target! Через 3 с бежим.
[ai] Мозги сохранены (шагов: hunt 618497).
[ai] Охота: цель остановлена — Target was slain by AI_1.
[ai] Охота (hunt): цель Target.
[cmd] [bot#1] Охота на Target! Через 3 с бежим.
[ai] Мозги сохранены (шагов: hunt 623113).
[ai] Охота: цель остановлена — Target was slain by AI_4.
[sim] игровое время 10.0 мин (быстрее настоящего в 1.1 раза), тиков 4000, шагов обучения 6852 (12.6/с), раундов 0, осалили всего 0 (0.0 в минуту игры); салки: ждём игроков (сейчас 0)
[sim] с прошлой сводки: поймали всех 0 раз, время вышло 0 раз; в охоте цель остановили всего 11 раз
[sim] блоки с прошлой сводки: поставили боты 265, столбов цели 2, поставила цель 32, выкопали боты 6
[ai] hunt · ботов 8 · попал по цели 151 раз (4.3 в минуту охоты, в полную силу 100%, критов 1%), остановили цель 6 раз, в среднем в 22.4 блоках от неё · случайных действий 5% · награда +0.264/тик · обучение 12.3 шагов/с по 53.9 мс · loss legs 0.964 head 1.106 hands 0.999
[ai] Мозги сохранены (шагов: hunt 624793).
[ai] Охота (hunt): цель Target.
[cmd] [bot#1] Охота на Target! Через 3 с бежим.
[ai] Мозги сохранены (шагов: hunt 627729).
[ai] Охота: цель остановлена — Target was slain by AI_2.
[ai] Охота (hunt): цель Target.
[cmd] [bot#1] Охота на Target! Через 3 с бежим.
[ai] Охота: цель остановлена — Target was slain by AI_2.
[ai] Охота (hunt): цель Target.
[cmd] [bot#1] Охота на Target! Через 3 с бежим.
[ai] Мозги сохранены (шагов: hunt 631961).
[ai] Охота: цель остановлена — Target was slain by AI_4.
[ai] Охота (hunt): цель Target.
[cmd] [bot#1] Охота на Target! Через 3 с бежим.
[ai] Мозги сохранены (шагов: hunt 636577).
[ai] Охота: цель остановлена — Target was slain by AI_2.
[ai] Охота (hunt): цель Target.
[cmd] [bot#1] Охота на Target! Через 3 с бежим.
[sim] игровое время 15.0 мин (быстрее настоящего в 1.1 раза), тиков 6001, шагов обучения 10402 (12.8/с), раундов 0, осалили всего 0 (0.0 в минуту игры); салки: ждём игроков (сейчас 0)
[sim] с прошлой сводки: поймали всех 0 раз, время вышло 0 раз; в охоте цель остановили всего 15 раз
[sim] блоки с прошлой сводки: поставили боты 294, выкопали боты 6, столбов цели 1, поставила цель 16
[ai] hunt · ботов 8 · попал по цели 140 раз (3.9 в минуту охоты, в полную силу 100%), остановили цель 4 раза, в среднем в 22.0 блоках от неё · случайных действий 5% · награда +0.234/тик · обучение 13.2 шагов/с по 52.9 мс · loss legs 0.906 head 1.035 hands 0.938
[ai] Мозги сохранены (шагов: hunt 638993).
[ai] Охота: цель остановлена — Target was slain by AI_2.
[ai] Охота (hunt): цель Target.
[cmd] [bot#1] Охота на Target! Через 3 с бежим.
[ai] Мозги сохранены (шагов: hunt 640809).
[ai] Охота: цель остановлена — Target was slain by AI_4.
[ai] Охота (hunt): цель Target.
[cmd] [bot#1] Охота на Target! Через 3 с бежим.
[ai] Охота: цель остановлена — Target was slain by AI_1.
[ai] Охота (hunt): цель Target.
[cmd] [bot#1] Охота на Target! Через 3 с бежим.
[ai] Мозги сохранены (шагов: hunt 645425).
[ai] Охота: цель остановлена — Target was slain by AI_1.
[ai] Охота (hunt): цель Target.
[cmd] [bot#1] Охота на Target! Через 3 с бежим.
[ai] Мозги сохранены (шагов: hunt 650041).
[ai] Охота: цель остановлена — Target was slain by AI_3.
[ai] Охота (hunt): цель Target.
[cmd] [bot#1] Охота на Target! Через 3 с бежим.
[ai] Охота: цель остановлена — Target was slain by AI_4.
[ai] Охота (hunt): цель Target.
[cmd] [bot#1] Охота на Target! Через 3 с бежим.
[sim] игровое время 20.0 мин (быстрее настоящего в 1.1 раза), тиков 8001, шагов обучения 13826 (12.4/с), раундов 0, осалили всего 0 (0.0 в минуту игры); салки: ждём игроков (сейчас 0)
[sim] с прошлой сводки: поймали всех 0 раз, время вышло 0 раз; в охоте цель остановили всего 21 раз
[sim] блоки с прошлой сводки: поставили боты 294, столбов цели 3, поставила цель 48, выкопали боты 16
[ai] hunt · ботов 8 · попал по цели 151 раз (4.4 в минуту охоты, в полную силу 100%, критов 3%), остановили цель 6 раз, в среднем в 21.2 блоках от неё · случайных действий 5% · награда +0.264/тик · обучение 11.3 шагов/с по 54.5 мс · loss legs 0.869 head 1.020 hands 0.906
[ai] Мозги сохранены (шагов: hunt 652689).
[ai] Мозги сохранены (шагов: hunt 654273).
[ai] Охота: цель остановлена — Target was slain by AI_3.
[ai] Охота (hunt): цель Target.
[cmd] [bot#1] Охота на Target! Через 3 с бежим.
[ai] Охота: цель остановлена — Target was slain by AI_4.
[ai] Охота (hunt): цель Target.
[cmd] [bot#1] Охота на Target! Через 3 с бежим.
[ai] Охота: цель остановлена — Target was slain by AI_1.
[ai] Охота (hunt): цель Target.
[cmd] [bot#1] Охота на Target! Через 3 с бежим.
[ai] Мозги сохранены (шагов: hunt 658401).
[ai] Охота: цель остановлена — Target was slain by AI_3.
[ai] Охота (hunt): цель Target.
[cmd] [bot#1] Охота на Target! Через 3 с бежим.
[ai] Охота: цель остановлена — Target was slain by AI_2.
[ai] Охота (hunt): цель Target.
[cmd] [bot#1] Охота на Target! Через 3 с бежим.
[ai] Мозги сохранены (шагов: hunt 663017).
[sim] игровое время 25.0 мин (быстрее настоящего в 1.1 раза), тиков 10001, шагов обучения 17346 (12.5/с), раундов 0, осалили всего 0 (0.0 в минуту игры); салки: ждём игроков (сейчас 0)
[sim] с прошлой сводки: поймали всех 0 раз, время вышло 0 раз; в охоте цель остановили всего 26 раз
[sim] блоки с прошлой сводки: поставили боты 236, выкопали боты 4, столбов цели 3, поставила цель 40
[ai] hunt · ботов 8 · попал по цели 167 раз (4.7 в минуту охоты, в полную силу 100%, критов 1%), остановили цель 5 раз, в среднем в 20.8 блоках от неё · случайных действий 5% · награда +0.239/тик · обучение 13.0 шагов/с по 53.4 мс · loss legs 0.940 head 1.106 hands 0.976
[ai] Мозги сохранены (шагов: hunt 666769).
[ai] Охота: цель остановлена — Target was slain by AI_2.
[ai] Охота (hunt): цель Target.
[cmd] [bot#1] Охота на Target! Через 3 с бежим.
[ai] Мозги сохранены (шагов: hunt 667633).
[ai] Охота: цель остановлена — Target was slain by AI_1.
[ai] Охота (hunt): цель Target.
[cmd] [bot#1] Охота на Target! Через 3 с бежим.
[ai] Охота: цель остановлена — Target was slain by AI_7.
[ai] Охота (hunt): цель Target.
[cmd] [bot#1] Охота на Target! Через 3 с бежим.
[ai] Мозги сохранены (шагов: hunt 671865).
[ai] Охота: цель остановлена — Target was slain by AI_4.
[ai] Охота (hunt): цель Target.
[cmd] [bot#1] Охота на Target! Через 3 с бежим.
[ai] Мозги сохранены (шагов: hunt 676481).
[ai] Охота: цель остановлена — Target was slain by AI_3.
[ai] Охота (hunt): цель Target.
[cmd] [bot#1] Охота на Target! Через 3 с бежим.
[sim] игровое время 30.0 мин (быстрее настоящего в 1.1 раза), тиков 12001, шагов обучения 20866 (12.6/с), раундов 0, осалили всего 0 (0.0 в минуту игры); салки: ждём игроков (сейчас 0)
[sim] с прошлой сводки: поймали всех 0 раз, время вышло 0 раз; в охоте цель остановили всего 31 раз
[sim] блоки с прошлой сводки: поставили боты 290, столбов цели 2, поставила цель 32
[ai] hunt · ботов 8 · попал по цели 145 раз (4.1 в минуту охоты, в полную силу 100%, критов 1%), остановили цель 5 раз, в среднем в 24.6 блоках от неё · случайных действий 5% · награда +0.257/тик · обучение 13.2 шагов/с по 51.5 мс · loss legs 0.933 head 1.114 hands 0.985
[ai] Мозги сохранены (шагов: hunt 680849).
[ai] Охота: цель остановлена — Target was slain by AI_3.
[ai] Охота (hunt): цель Target.
[cmd] [bot#1] Охота на Target! Через 3 с бежим.
[ai] Мозги сохранены (шагов: hunt 681065).
[ai] Охота: цель остановлена — Target was slain by AI_2.
[ai] Охота (hunt): цель Target.
[cmd] [bot#1] Охота на Target! Через 3 с бежим.
[ai] Мозги сохранены (шагов: hunt 685681).
[ai] Охота: цель остановлена — Target was slain by AI_1.
[ai] Охота (hunt): цель Target.
[cmd] [bot#1] Охота на Target! Через 3 с бежим.
[sim] игровое время 32.7 мин (быстрее настоящего в 1.1 раза), тиков 13064, шагов обучения 22704 (12.6/с), раундов 0, осалили всего 0 (0.0 в минуту игры); салки: ждём игроков (сейчас 0)
[sim] с прошлой сводки: поймали всех 0 раз, время вышло 0 раз; в охоте цель остановили всего 34 раз
[sim] блоки с прошлой сводки: поставили боты 143
[ai] hunt · ботов 8 · попал по цели 68 раз (3.7 в минуту охоты, в полную силу 100%), остановили цель 3 раза, в среднем в 21.3 блоках от неё · случайных действий 5% · награда +0.298/тик · обучение 12.6 шагов/с по 57.0 мс · loss legs 0.910 head 1.097 hands 0.970
[ai] Мозги сохранены (шагов: hunt 688201).
