[ai] Устройство: cuda
[ai] Мозг задачки bridge: сети legs, head, hands; загружен (579090 шагов, epsilon 0.01), доращён (legs: входов 182 -> 183; head: входов 182 -> 183; hands: входов 182 -> 183).
[demo] Загружено демо-переходов: 181 (задача: bridge)
[ai] Задача по умолчанию: bridge.
[sim] Мост: 12 ботов (учитель ведёт 4), учу 480 мин. Мозги — C:\Users\denis\mc-bot\data\sim\brains.
[ai] Новый бот в рое: id=1, задача bridge (сессий: 1)
[ai] Новый бот в рое: id=2, задача bridge (сессий: 2)
[ai] Новый бот в рое: id=3, задача bridge (сессий: 3)
[ai] Новый бот в рое: id=4, задача bridge (сессий: 4)
[ai] Новый бот в рое: id=5, задача bridge (сессий: 5)
[ai] Новый бот в рое: id=6, задача bridge (сессий: 6)
[ai] Новый бот в рое: id=7, задача bridge (сессий: 7)
[ai] Новый бот в рое: id=8, задача bridge (сессий: 8)
[ai] Новый бот в рое: id=9, задача bridge (сессий: 9)
[ai] Новый бот в рое: id=10, задача bridge (сессий: 10)
[ai] Новый бот в рое: id=11, задача bridge (сессий: 11)
[ai] Новый бот в рое: id=12, задача bridge (сессий: 12)
[ai] Мозги сохранены (шагов: bridge 583946).
[ai] Мозги сохранены (шагов: bridge 588824).
[ai] Мозги сохранены (шагов: bridge 593687).
[sim] игровое время 4.0 мин (быстрее настоящего в 0.6 раза), тиков 1600, шагов обучения 4579 (11.7/с), раундов 0, осалили всего 0 (0.0 в минуту игры); салки: ждём игроков (сейчас 0)
[sim] с прошлой сводки: поймали всех 0 раз, время вышло 0 раз; в охоте цель остановили всего 0 раз
[sim] блоки с прошлой сводки: поставили боты 2088
[ai] bridge · ботов 12 · перешёл пропасть 182 раза (3.90 в минуту на бота), в среднем за 9.5 с, упал 40 раз, застрял 25 раз · дошёл из попыток: прямо 78/97, вверх 35/49, вниз 39/59, Г 30/54 · случайных действий 1% · награда +0.892/тик · обучение 11.3 шагов/с по 60.1 мс · loss legs 1.493 head 1.588 hands 1.576
[ai] Мозги сохранены (шагов: bridge 597764).
[sim] Снимок мозгов (bridge): R:\mcbot-sim-snapshots\bridge9\004.0m
[ai] Мозги сохранены (шагов: bridge 598546).
[ai] Мозги сохранены (шагов: bridge 603423).
[ai] Мозги сохранены (шагов: bridge 608281).
[ai] Мозги сохранены (шагов: bridge 613140).
[sim] игровое время 8.0 мин (быстрее настоящего в 0.7 раза), тиков 3200, шагов обучения 9242 (12.5/с), раундов 0, осалили всего 0 (0.0 в минуту игры); салки: ждём игроков (сейчас 0)
[sim] с прошлой сводки: поймали всех 0 раз, время вышло 0 раз; в охоте цель остановили всего 0 раз
[sim] блоки с прошлой сводки: поставили боты 2169
[ai] bridge · ботов 12 · перешёл пропасть 186 раз (3.99 в минуту на бота), в среднем за 10.1 с, упал 37 раз, застрял 24 раза · дошёл из попыток: прямо 85/97, вверх 30/40, вниз 37/52, Г 34/58 · случайных действий 1% · награда +0.897/тик · обучение 13.5 шагов/с по 51.3 мс · loss legs 1.689 head 1.692 hands 1.701
[ai] Мозги сохранены (шагов: bridge 616416).
[sim] Снимок мозгов (bridge): R:\mcbot-sim-snapshots\bridge9\008.0m
[ai] Мозги сохранены (шагов: bridge 617996).
[ai] Мозги сохранены (шагов: bridge 622858).
[ai] Мозги сохранены (шагов: bridge 627722).
[ai] Мозги сохранены (шагов: bridge 632571).
[sim] игровое время 12.0 мин (быстрее настоящего в 0.6 раза), тиков 4801, шагов обучения 13902 (11.1/с), раундов 0, осалили всего 0 (0.0 в минуту игры); салки: ждём игроков (сейчас 0)
[sim] с прошлой сводки: поймали всех 0 раз, время вышло 0 раз; в охоте цель остановили всего 0 раз
[sim] блоки с прошлой сводки: поставили боты 2206
[ai] bridge · ботов 12 · перешёл пропасть 198 раз (4.25 в минуту на бота), в среднем за 9.8 с, упал 39 раз, застрял 21 раз · дошёл из попыток: прямо 85/105, вверх 44/55, вниз 37/43, Г 32/55 · случайных действий 1% · награда +0.978/тик · обучение 9.0 шагов/с по 78.8 мс · loss legs 1.782 head 1.784 hands 1.780
[ai] Мозги сохранены (шагов: bridge 635058).
[sim] Снимок мозгов (bridge): R:\mcbot-sim-snapshots\bridge9\012.0m
[ai] Мозги сохранены (шагов: bridge 637422).
[ai] Мозги сохранены (шагов: bridge 642276).
[ai] Мозги сохранены (шагов: bridge 647132).
[ai] Мозги сохранены (шагов: bridge 651996).
[sim] игровое время 16.0 мин (быстрее настоящего в 0.6 раза), тиков 6401, шагов обучения 18561 (11.5/с), раундов 0, осалили всего 0 (0.0 в минуту игры); салки: ждём игроков (сейчас 0)
[sim] с прошлой сводки: поймали всех 0 раз, время вышло 0 раз; в охоте цель остановили всего 0 раз
[sim] блоки с прошлой сводки: поставили боты 2177
[ai] bridge · ботов 12 · перешёл пропасть 208 раз (4.46 в минуту на бота), в среднем за 9.8 с, упал 41 раз, застрял 15 раз · дошёл из попыток: прямо 83/111, вверх 34/44, вниз 42/51, Г 49/58 · случайных действий 1% · награда +1.049/тик · обучение 13.1 шагов/с по 52.8 мс · loss legs 1.830 head 1.851 hands 1.853
[ai] Мозги сохранены (шагов: bridge 653692).
[sim] Снимок мозгов (bridge): R:\mcbot-sim-snapshots\bridge9\016.0m
[ai] Мозги сохранены (шагов: bridge 656844).
[ai] Мозги сохранены (шагов: bridge 661712).
[ai] Мозги сохранены (шагов: bridge 666575).
[ai] Мозги сохранены (шагов: bridge 671447).
[sim] игровое время 20.0 мин (быстрее настоящего в 0.6 раза), тиков 8001, шагов обучения 23227 (11.0/с), раундов 0, осалили всего 0 (0.0 в минуту игры); салки: ждём игроков (сейчас 0)
[sim] с прошлой сводки: поймали всех 0 раз, время вышло 0 раз; в охоте цель остановили всего 0 раз
[sim] блоки с прошлой сводки: поставили боты 2238
[ai] bridge · ботов 12 · перешёл пропасть 194 раза (4.16 в минуту на бота), в среднем за 10.2 с, упал 33 раза, застрял 22 раза · дошёл из попыток: прямо 75/93, вверх 45/52, вниз 43/55, Г 31/49 · случайных действий 1% · награда +0.958/тик · обучение 9.2 шагов/с по 76.5 мс · loss legs 1.844 head 1.848 hands 1.835
[ai] Мозги сохранены (шагов: bridge 672357).
[sim] Снимок мозгов (bridge): R:\mcbot-sim-snapshots\bridge9\020.0m
[ai] Мозги сохранены (шагов: bridge 676309).
[ai] Мозги сохранены (шагов: bridge 681173).
[sim] Попросили остановиться (data/sim/stop) — сохраняю и выхожу.
[sim] игровое время 22.5 мин (быстрее настоящего в 0.6 раза), тиков 9020, шагов обучения 26194 (10.8/с), раундов 0, осалили всего 0 (0.0 в минуту игры); салки: ждём игроков (сейчас 0)
[sim] с прошлой сводки: поймали всех 0 раз, время вышло 0 раз; в охоте цель остановили всего 0 раз
[sim] блоки с прошлой сводки: поставили боты 1398
[ai] bridge · ботов 12 · перешёл пропасть 137 раз (4.62 в минуту на бота), в среднем за 9.9 с, упал 27 раз, застрял 8 раз · дошёл из попыток: прямо 64/76, вверх 25/30, вниз 28/34, Г 20/32 · случайных действий 1% · награда +1.070/тик · обучение 9.4 шагов/с по 76.8 мс · loss legs 1.845 head 1.846 hands 1.823
[ai] Мозги сохранены (шагов: bridge 684225).
[sim] Снимок мозгов (bridge): R:\mcbot-sim-snapshots\bridge9\022.5m
