[ai] Устройство: cuda
[ai] Мозг задачки hunt: сети legs, head, hands; загружен (687809 шагов, epsilon 0.05).
[ai] Задача по умолчанию: hunt.
[sim] Охота на человека: 8 ботов (учитель ведёт 4), учу 60 мин. Мозги — C:\Users\denis\mc-bot\data\sim\brains.
[ai] Новый бот в рое: id=1, задача hunt (сессий: 1)
[ai] Новый бот в рое: id=2, задача hunt (сессий: 2)
[ai] Новый бот в рое: id=3, задача hunt (сессий: 3)
[ai] Новый бот в рое: id=4, задача hunt (сессий: 4)
[ai] Новый бот в рое: id=5, задача hunt (сессий: 5)
[ai] Новый бот в рое: id=6, задача hunt (сессий: 6)
[ai] Новый бот в рое: id=7, задача hunt (сессий: 7)
[ai] Новый бот в рое: id=8, задача hunt (сессий: 8)
[ai] Охота (hunt): цель Target.
[cmd] [bot#1] Охота на Target! Через 3 с бежим.
[ai] Охота: цель остановлена — Target was slain by AI_2.
[ai] Охота (hunt): цель Target.
[cmd] [bot#1] Охота на Target! Через 3 с бежим.
[ai] Охота: цель остановлена — Target was slain by AI_2.
[ai] Охота (hunt): цель Target.
[cmd] [bot#1] Охота на Target! Через 3 с бежим.
[ai] Охота: цель остановлена — Target was slain by AI_3.
[ai] Охота (hunt): цель Target.
[cmd] [bot#1] Охота на Target! Через 3 с бежим.
[ai] Охота: цель остановлена — Target was slain by AI_2.
[ai] Охота (hunt): цель Target.
[cmd] [bot#1] Охота на Target! Через 3 с бежим.
[ai] Охота: цель остановлена — Target was slain by AI_1.
[ai] Охота (hunt): цель Target.
[cmd] [bot#1] Охота на Target! Через 3 с бежим.
[ai] Охота: цель остановлена — Target was slain by AI_1.
[ai] Охота (hunt): цель Target.
[cmd] [bot#1] Охота на Target! Через 3 с бежим.
[ai] Мозги сохранены (шагов: hunt 690473).
[ai] Охота: цель остановлена — Target was slain by AI_4.
[ai] Охота (hunt): цель Target.
[cmd] [bot#1] Охота на Target! Через 3 с бежим.
[ai] Охота: цель остановлена — Target was slain by AI_4.
[ai] Охота (hunt): цель Target.
[cmd] [bot#1] Охота на Target! Через 3 с бежим.
[ai] Охота: цель остановлена — Target was slain by AI_3.
[ai] Охота (hunt): цель Target.
[cmd] [bot#1] Охота на Target! Через 3 с бежим.
[ai] Охота: цель остановлена — Target was slain by AI_2.
[ai] Охота (hunt): цель Target.
[cmd] [bot#1] Охота на Target! Через 3 с бежим.
[ai] Охота: цель остановлена — Target was slain by AI_3.
[ai] Охота (hunt): цель Target.
[cmd] [bot#1] Охота на Target! Через 3 с бежим.
[ai] Мозги сохранены (шагов: hunt 693697).
[ai] Охота: цель остановлена — Target was slain by AI_4.
[ai] Охота (hunt): цель Target.
[cmd] [bot#1] Охота на Target! Через 3 с бежим.
[ai] Охота: цель остановлена — Target was slain by AI_5.
[ai] Охота (hunt): цель Target.
[cmd] [bot#1] Охота на Target! Через 3 с бежим.
[ai] Охота: цель остановлена — Target was slain by AI_1.
[sim] игровое время 4.0 мин (быстрее настоящего в 0.9 раза), тиков 1600, шагов обучения 1774 (6.9/с), раундов 0, осалили всего 0 (0.0 в минуту игры); салки: ждём игроков (сейчас 0)
[sim] с прошлой сводки: поймали всех 0 раз, время вышло 0 раз; в охоте цель остановили всего 14 раз
[sim] блоки с прошлой сводки: столбов цели 6, поставила цель 129, поставили боты 244, выкопали боты 12, коробок цели 4
[sim] охота по укрытиям (всего): коробка 4 за 0.8 мин, столб 6 за 1.3 мин, бег 4 за 1.0 мин
[ai] hunt · ботов 8 · попал по цели 21 раз (1.1 в минуту охоты, в полную силу 100%, критов 14%), остановили цель 14 раз, в среднем в 27.4 блоках от неё · случайных действий 5% · награда +0.853/тик · обучение 6.8 шагов/с по 62.1 мс · loss legs 1.961 head 1.967 hands 1.907
[ai] Мозги сохранены (шагов: hunt 695433).
[sim] Снимок мозгов (hunt): R:\mcbot-sim-snapshots\r7b\004.0m
[ai] Охота (hunt): цель Target.
[cmd] [bot#1] Охота на Target! Через 3 с бежим.
[ai] Охота: цель остановлена — Target was slain by AI_3.
[ai] Охота (hunt): цель Target.
[cmd] [bot#1] Охота на Target! Через 3 с бежим.
[ai] Охота: цель остановлена — Target was slain by AI_2.
[ai] Охота (hunt): цель Target.
[cmd] [bot#1] Охота на Target! Через 3 с бежим.
[ai] Охота: цель остановлена — Target was slain by AI_4.
[ai] Охота (hunt): цель Target.
[cmd] [bot#1] Охота на Target! Через 3 с бежим.
[ai] Мозги сохранены (шагов: hunt 696737).
[ai] Охота: цель остановлена — Target was slain by AI_1.
[ai] Охота (hunt): цель Target.
[cmd] [bot#1] Охота на Target! Через 3 с бежим.
[ai] Охота: цель остановлена — Target was slain by AI_1.
[ai] Охота (hunt): цель Target.
[cmd] [bot#1] Охота на Target! Через 3 с бежим.
[ai] Охота: цель остановлена — Target was slain by AI_4.
[ai] Охота (hunt): цель Target.
[cmd] [bot#1] Охота на Target! Через 3 с бежим.
[ai] Охота: цель остановлена — Target was slain by AI_2.
[ai] Охота (hunt): цель Target.
[cmd] [bot#1] Охота на Target! Через 3 с бежим.
[ai] Мозги сохранены (шагов: hunt 700233).
[ai] Охота (hunt): цель Target.
[cmd] [bot#1] Охота на Target! Через 3 с бежим.
[ai] Охота: цель остановлена — Target was slain by AI_2.
[ai] Охота (hunt): цель Target.
[cmd] [bot#1] Охота на Target! Через 3 с бежим.
[ai] Охота: цель остановлена — Target was slain by AI_1.
[ai] Охота (hunt): цель Target.
[cmd] [bot#1] Охота на Target! Через 3 с бежим.
[ai] Мозги сохранены (шагов: hunt 704321).
[sim] игровое время 8.0 мин (быстрее настоящего в 0.8 раза), тиков 3200, шагов обучения 4012 (6.7/с), раундов 0, осалили всего 0 (0.0 в минуту игры); салки: ждём игроков (сейчас 0)
[sim] с прошлой сводки: поймали всех 0 раз, время вышло 0 раз; в охоте цель остановили всего 23 раз
[sim] блоки с прошлой сводки: поставила цель 86, коробок цели 2, поставили боты 465, столбов цели 5, выкопали боты 12
[sim] охота по укрытиям (всего): коробка 5 за 1.1 мин, столб 10 за 3.4 мин (не успели 1), бег 8 за 1.9 мин
[ai] hunt · ботов 8 · попал по цели 15 раз (0.7 в минуту охоты, в полную силу 93%, критов 7%), остановили цель 9 раз, в среднем в 28.4 блоках от неё, застаивались 4 раза · случайных действий 5% · награда +0.284/тик · обучение 6.6 шагов/с по 59.8 мс · loss legs 2.084 head 2.157 hands 2.052
[ai] Мозги сохранены (шагов: hunt 704385).
[sim] Снимок мозгов (hunt): R:\mcbot-sim-snapshots\r7b\008.0m
[ai] Охота: цель остановлена — Target was slain by AI_2.
[ai] Охота (hunt): цель Target.
[cmd] [bot#1] Охота на Target! Через 3 с бежим.
[ai] Охота: цель остановлена — Target was slain by AI_1.
[ai] Охота (hunt): цель Target.
[cmd] [bot#1] Охота на Target! Через 3 с бежим.
[ai] Мозги сохранены (шагов: hunt 708561).
[ai] Охота (hunt): цель Target.
[cmd] [bot#1] Охота на Target! Через 3 с бежим.
[ai] Охота: цель остановлена — Target was slain by AI_2.
[ai] Охота (hunt): цель Target.
[cmd] [bot#1] Охота на Target! Через 3 с бежим.
[ai] Охота: цель остановлена — Target was slain by AI_1.
[ai] Охота (hunt): цель Target.
[cmd] [bot#1] Охота на Target! Через 3 с бежим.
[ai] Охота: цель остановлена — Target was slain by AI_6.
[ai] Охота (hunt): цель Target.
[cmd] [bot#1] Охота на Target! Через 3 с бежим.
[ai] Охота: цель остановлена — Target was slain by AI_3.
[ai] Охота (hunt): цель Target.
[cmd] [bot#1] Охота на Target! Через 3 с бежим.
[ai] Мозги сохранены (шагов: hunt 711857).
[ai] Охота: цель остановлена — Target was slain by AI_3.
[sim] Попросили остановиться (data/sim/stop) — сохраняю и выхожу.
[sim] игровое время 11.2 мин (быстрее настоящего в 0.8 раза), тиков 4480, шагов обучения 5928 (6.7/с), раундов 0, осалили всего 0 (0.0 в минуту игры); салки: ждём игроков (сейчас 0)
[sim] с прошлой сводки: поймали всех 0 раз, время вышло 0 раз; в охоте цель остановили всего 30 раз
[sim] блоки с прошлой сводки: поставили боты 358, выкопали боты 20, столбов цели 3, поставила цель 84, коробок цели 3
[sim] охота по укрытиям (всего): коробка 9 за 1.7 мин, столб 12 за 5.1 мин (не успели 2), бег 9 за 2.3 мин
[ai] hunt · ботов 8 · попал по цели 8 раз (0.4 в минуту охоты, в полную силу 88%, критов 12%), остановили цель 7 раз, в среднем в 26.6 блоках от неё, застаивались 4 раза · случайных действий 5% · награда +0.186/тик · обучение 6.7 шагов/с по 67.7 мс · loss legs 1.811 head 1.970 hands 1.873
[ai] Мозги сохранены (шагов: hunt 712049).
[sim] Снимок мозгов (hunt): R:\mcbot-sim-snapshots\r7b\011.2m
