[ai] Устройство: cuda
[ai] Мозг задачки bridge: сети legs, head, hands; загружен (142498 шагов, epsilon 0.01).
[ai] Задача по умолчанию: bridge.
[sim] Мост: 8 ботов (учитель ведёт 4), учу 150 мин. Мозги — C:\Users\denis\mc-bot\data\sim\brains.
[ai] Новый бот в рое: id=1, задача bridge (сессий: 1)
[ai] Новый бот в рое: id=2, задача bridge (сессий: 2)
[ai] Новый бот в рое: id=3, задача bridge (сессий: 3)
[ai] Новый бот в рое: id=4, задача bridge (сессий: 4)
[ai] Новый бот в рое: id=5, задача bridge (сессий: 5)
[ai] Новый бот в рое: id=6, задача bridge (сессий: 6)
[ai] Новый бот в рое: id=7, задача bridge (сессий: 7)
[ai] Новый бот в рое: id=8, задача bridge (сессий: 8)
[ai] Мозги сохранены (шагов: bridge 147441).
[ai] Мозги сохранены (шагов: bridge 152370).
[sim] игровое время 4.0 мин (быстрее настоящего в 0.6 раза), тиков 1600, шагов обучения 3026 (7.0/с), раундов 0, осалили всего 0 (0.0 в минуту игры); салки: ждём игроков (сейчас 0)
[sim] с прошлой сводки: поймали всех 0 раз, время вышло 0 раз; в охоте цель остановили всего 0 раз
[sim] блоки с прошлой сводки: поставили боты 752
[ai] bridge · ботов 8 · перешёл пропасть 107 раз (3.39 в минуту на бота), упал 17 раз, застрял 38 раз · случайных действий 1% · награда +0.817/тик · обучение 6.9 шагов/с по 90.8 мс · loss legs 1.404 head 1.613 hands 1.459
[ai] Мозги сохранены (шагов: bridge 155136).
[sim] Снимок мозгов (bridge): R:\mcbot-sim-snapshots\bridge4\004.0m
[ai] Мозги сохранены (шагов: bridge 157310).
[ai] Мозги сохранены (шагов: bridge 162244).
[ai] Мозги сохранены (шагов: bridge 167175).
[sim] игровое время 8.0 мин (быстрее настоящего в 0.5 раза), тиков 3200, шагов обучения 6184 (6.2/с), раундов 0, осалили всего 0 (0.0 в минуту игры); салки: ждём игроков (сейчас 0)
[sim] с прошлой сводки: поймали всех 0 раз, время вышло 0 раз; в охоте цель остановили всего 0 раз
[sim] блоки с прошлой сводки: поставили боты 797
[ai] bridge · ботов 8 · перешёл пропасть 112 раз (3.55 в минуту на бота), упал 18 раз, застрял 36 раз · случайных действий 1% · награда +0.850/тик · обучение 5.5 шагов/с по 121.6 мс · loss legs 1.574 head 1.652 hands 1.599
[ai] Мозги сохранены (шагов: bridge 167770).
[sim] Снимок мозгов (bridge): R:\mcbot-sim-snapshots\bridge4\008.0m
[ai] Мозги сохранены (шагов: bridge 172113).
[ai] Мозги сохранены (шагов: bridge 177049).
[sim] игровое время 12.0 мин (быстрее настоящего в 0.4 раза), тиков 4801, шагов обучения 9345 (5.8/с), раундов 0, осалили всего 0 (0.0 в минуту игры); салки: ждём игроков (сейчас 0)
[sim] с прошлой сводки: поймали всех 0 раз, время вышло 0 раз; в охоте цель остановили всего 0 раз
[sim] блоки с прошлой сводки: поставили боты 770
[ai] bridge · ботов 8 · перешёл пропасть 112 раз (3.54 в минуту на бота), упал 15 раз, застрял 40 раз · случайных действий 1% · награда +0.857/тик · обучение 5.1 шагов/с по 130.4 мс · loss legs 1.589 head 1.695 hands 1.611
[ai] Мозги сохранены (шагов: bridge 180411).
[sim] Снимок мозгов (bridge): R:\mcbot-sim-snapshots\bridge4\012.0m
[ai] Мозги сохранены (шагов: bridge 181983).
[ai] Мозги сохранены (шагов: bridge 186920).
[ai] Мозги сохранены (шагов: bridge 191858).
[sim] игровое время 16.0 мин (быстрее настоящего в 0.4 раза), тиков 6401, шагов обучения 12505 (5.8/с), раундов 0, осалили всего 0 (0.0 в минуту игры); салки: ждём игроков (сейчас 0)
[sim] с прошлой сводки: поймали всех 0 раз, время вышло 0 раз; в охоте цель остановили всего 0 раз
[sim] блоки с прошлой сводки: поставили боты 724
[ai] bridge · ботов 8 · перешёл пропасть 107 раз (3.39 в минуту на бота), упал 8 раз, застрял 43 раза · случайных действий 1% · награда +0.845/тик · обучение 6.0 шагов/с по 106.9 мс · loss legs 1.586 head 1.693 hands 1.607
[ai] Мозги сохранены (шагов: bridge 193053).
[sim] Снимок мозгов (bridge): R:\mcbot-sim-snapshots\bridge4\016.0m
[ai] Мозги сохранены (шагов: bridge 196794).
[ai] Мозги сохранены (шагов: bridge 201731).
[sim] игровое время 20.0 мин (быстрее настоящего в 0.4 раза), тиков 8001, шагов обучения 15663 (5.8/с), раундов 0, осалили всего 0 (0.0 в минуту игры); салки: ждём игроков (сейчас 0)
[sim] с прошлой сводки: поймали всех 0 раз, время вышло 0 раз; в охоте цель остановили всего 0 раз
[sim] блоки с прошлой сводки: поставили боты 743
[ai] bridge · ботов 8 · перешёл пропасть 111 раз (3.51 в минуту на бота), упал 14 раз, застрял 42 раза · случайных действий 1% · награда +0.858/тик · обучение 5.7 шагов/с по 116.5 мс · loss legs 1.609 head 1.663 hands 1.598
[ai] Мозги сохранены (шагов: bridge 205686).
[sim] Снимок мозгов (bridge): R:\mcbot-sim-snapshots\bridge4\020.0m
[ai] Мозги сохранены (шагов: bridge 206666).
[ai] Мозги сохранены (шагов: bridge 211602).
[ai] Мозги сохранены (шагов: bridge 216540).
[sim] игровое время 24.0 мин (быстрее настоящего в 0.4 раза), тиков 9601, шагов обучения 18823 (5.8/с), раундов 0, осалили всего 0 (0.0 в минуту игры); салки: ждём игроков (сейчас 0)
[sim] с прошлой сводки: поймали всех 0 раз, время вышло 0 раз; в охоте цель остановили всего 0 раз
[sim] блоки с прошлой сводки: поставили боты 774
[ai] bridge · ботов 8 · перешёл пропасть 109 раз (3.45 в минуту на бота), упал 12 раз, застрял 41 раз · случайных действий 1% · награда +0.852/тик · обучение 6.0 шагов/с по 111.5 мс · loss legs 1.594 head 1.657 hands 1.610
[ai] Мозги сохранены (шагов: bridge 218324).
[sim] Снимок мозгов (bridge): R:\mcbot-sim-snapshots\bridge4\024.0m
[ai] Мозги сохранены (шагов: bridge 221475).
[ai] Мозги сохранены (шагов: bridge 226412).
[sim] Попросили остановиться (data/sim/stop) — сохраняю и выхожу.
[sim] игровое время 27.1 мин (быстрее настоящего в 0.4 раза), тиков 10860, шагов обучения 21308 (5.8/с), раундов 0, осалили всего 0 (0.0 в минуту игры); салки: ждём игроков (сейчас 0)
[sim] с прошлой сводки: поймали всех 0 раз, время вышло 0 раз; в охоте цель остановили всего 0 раз
[sim] блоки с прошлой сводки: поставили боты 652
[ai] bridge · ботов 8 · перешёл пропасть 95 раз (3.82 в минуту на бота), упал 7 раз, застрял 28 раз · случайных действий 1% · награда +0.964/тик · обучение 5.5 шагов/с по 120.7 мс · loss legs 1.615 head 1.669 hands 1.653
[ai] Мозги сохранены (шагов: bridge 228266).
[sim] Снимок мозгов (bridge): R:\mcbot-sim-snapshots\bridge4\027.1m
