[ai] Устройство: cuda
[ai] Мозг задачки hunt: сети legs, head, hands; загружен (688201 шагов, epsilon 0.05).
[ai] Задача по умолчанию: hunt.
[sim] Охота на ботов: 8 ботов (учитель ведёт 4), учу 15 мин. Мозги — C:\Users\denis\mc-bot\data\sim\brains.
[ai] Новый бот в рое: id=1, задача hunt (сессий: 1)
[ai] Новый бот в рое: id=2, задача hunt (сессий: 2)
[ai] Новый бот в рое: id=3, задача hunt (сессий: 3)
[ai] Новый бот в рое: id=4, задача hunt (сессий: 4)
[ai] Новый бот в рое: id=5, задача hunt (сессий: 5)
[ai] Новый бот в рое: id=6, задача hunt (сессий: 6)
[ai] Новый бот в рое: id=7, задача hunt (сессий: 7)
[ai] Новый бот в рое: id=8, задача hunt (сессий: 8)
[ai] Охота (hunt): цель AI_4.
[cmd] [bot#1] Охота на AI_4! Через 3 с бежим.
[ai] Мозг задачки flee: сети legs, head, hands; загружен (551752 шагов, epsilon 0.05).
[ai] Мозги сохранены (шагов: hunt 692422, flee 552375).
[ai] Мозги сохранены (шагов: hunt 696797, flee 553000).
[ai] Мозги сохранены (шагов: hunt 701172, flee 553625).
[sim] игровое время 5.0 мин (быстрее настоящего в 1.2 раза), тиков 2000, шагов обучения 3699 (14.5/с), раундов 0, осалили всего 0 (0.0 в минуту игры); салки: ждём игроков (сейчас 0)
[sim] с прошлой сводки: поймали всех 0 раз, время вышло 0 раз; в охоте цель остановили всего 0 раз
[sim] блоки с прошлой сводки: поставили боты 65, выкопали боты 1
[ai] hunt · ботов 7 · попал по цели 19 раз (0.5 в минуту охоты, в полную силу 100%), в среднем в 20.5 блоках от неё · случайных действий 5% · награда +0.030/тик · обучение 12.9 шагов/с по 46.1 мс · loss legs 0.427 head 0.540 hands 0.450
[ai] flee · ботов 1 · осалили 0 раз, водящий в среднем в 6.2 блоках, дразнили воду 78% времени · случайных действий 5% · награда +0.631/тик · обучение 1.4 шагов/с по 43.4 мс · loss legs 0.446 head 0.704 hands 0.411
[ai] Мозги сохранены (шагов: hunt 702047, flee 553751).
[ai] Мозги сохранены (шагов: hunt 705547, flee 554250).
[ai] Мозги сохранены (шагов: hunt 709922, flee 554875).
[ai] Мозги сохранены (шагов: hunt 714297, flee 555500).
[sim] игровое время 10.0 мин (быстрее настоящего в 1.1 раза), тиков 4000, шагов обучения 7699 (14.2/с), раундов 0, осалили всего 0 (0.0 в минуту игры); салки: ждём игроков (сейчас 0)
[sim] с прошлой сводки: поймали всех 0 раз, время вышло 0 раз; в охоте цель остановили всего 0 раз
[ai] hunt · ботов 7 · попал по цели 18 раз (0.5 в минуту охоты, в полную силу 100%), в среднем в 21.4 блоках от неё · случайных действий 5% · награда +0.011/тик · обучение 12.2 шагов/с по 45.2 мс · loss legs 0.449 head 0.532 hands 0.487
[ai] flee · ботов 1 · осалили 0 раз, водящий в среднем в 6.0 блоках, дразнили воду 84% времени · случайных действий 5% · награда +0.657/тик · обучение 1.7 шагов/с по 45.1 мс · loss legs 0.427 head 0.607 hands 0.391
[ai] Мозги сохранены (шагов: hunt 716047, flee 555751).
[ai] Мозги сохранены (шагов: hunt 718672, flee 556125).
[ai] Мозги сохранены (шагов: hunt 723047, flee 556750).
[ai] Мозги сохранены (шагов: hunt 727422, flee 557375).
[sim] игровое время 15.0 мин (быстрее настоящего в 1.1 раза), тиков 6001, шагов обучения 11701 (14.7/с), раундов 0, осалили всего 0 (0.0 в минуту игры); салки: ждём игроков (сейчас 0)
[sim] с прошлой сводки: поймали всех 0 раз, время вышло 0 раз; в охоте цель остановили всего 0 раз
[sim] блоки с прошлой сводки: выкопали боты 1, поставили боты 1
[ai] hunt · ботов 7 · попал по цели 18 раз (0.5 в минуту охоты, в полную силу 100%), в среднем в 19.7 блоках от неё · случайных действий 5% · награда +0.031/тик · обучение 13.6 шагов/с по 43.0 мс · loss legs 0.390 head 0.441 hands 0.409
[ai] flee · ботов 1 · осалили 0 раз, водящий в среднем в 4.9 блоках, дразнили воду 90% времени · случайных действий 5% · награда +0.641/тик · обучение 1.9 шагов/с по 42.7 мс · loss legs 0.329 head 0.405 hands 0.324
[ai] Мозги сохранены (шагов: hunt 730054, flee 557752).
[ai] Мозги сохранены (шагов: hunt 731797, flee 558000).
[sim] игровое время 16.9 мин (быстрее настоящего в 1.1 раза), тиков 6756, шагов обучения 13211 (14.7/с), раундов 0, осалили всего 0 (0.0 в минуту игры); салки: ждём игроков (сейчас 0)
[sim] с прошлой сводки: поймали всех 0 раз, время вышло 0 раз; в охоте цель остановили всего 0 раз
[ai] hunt · ботов 7 · попал по цели 2 раза (0.2 в минуту охоты, в полную силу 100%), в среднем в 21.0 блоках от неё · случайных действий 5% · награда +0.018/тик · обучение 12.9 шагов/с по 44.3 мс · loss legs 0.319 head 0.376 hands 0.349
[ai] flee · ботов 1 · осалили 0 раз, водящий в среднем в 5.8 блоках, дразнили воду 82% времени · случайных действий 5% · награда +0.672/тик · обучение 1.8 шагов/с по 44.0 мс · loss legs 0.222 head 0.301 hands 0.239
[ai] Мозги сохранены (шагов: hunt 735339, flee 558507).
