[ai] Устройство: cuda
[ai] Мозг задачки hunt: сети legs, head, hands; загружен (744529 шагов, epsilon 0.05).
[ai] Задача по умолчанию: hunt.
[sim] Охота на человека: 8 ботов (учитель ведёт 4), учу 75 мин. Мозги — C:\Users\denis\mc-bot\data\sim\brains.
[ai] Новый бот в рое: id=1, задача hunt (сессий: 1)
[ai] Новый бот в рое: id=2, задача hunt (сессий: 2)
[ai] Новый бот в рое: id=3, задача hunt (сессий: 3)
[ai] Новый бот в рое: id=4, задача hunt (сессий: 4)
[ai] Новый бот в рое: id=5, задача hunt (сессий: 5)
[ai] Новый бот в рое: id=6, задача hunt (сессий: 6)
[ai] Новый бот в рое: id=7, задача hunt (сессий: 7)
[ai] Новый бот в рое: id=8, задача hunt (сессий: 8)
[ai] Охота (hunt): цель Target.
[cmd] [bot#1] Охота на Target! Через 3 с бежим.
[ai] Охота: цель остановлена — Target was slain by AI_8.
[ai] Охота (hunt): цель Target.
[cmd] [bot#1] Охота на Target! Через 3 с бежим.
[ai] Охота: цель остановлена — Target was slain by AI_1.
[ai] Охота (hunt): цель Target.
[cmd] [bot#1] Охота на Target! Через 3 с бежим.
[ai] Охота: цель остановлена — Target was slain by AI_2.
[ai] Охота (hunt): цель Target.
[cmd] [bot#1] Охота на Target! Через 3 с бежим.
[ai] Охота: цель остановлена — Target was slain by AI_4.
[ai] Охота (hunt): цель Target.
[cmd] [bot#1] Охота на Target! Через 3 с бежим.
[ai] Охота: цель остановлена — Target was slain by AI_3.
[ai] Охота (hunt): цель Target.
[cmd] [bot#1] Охота на Target! Через 3 с бежим.
[ai] Мозги сохранены (шагов: hunt 747761).
[ai] Охота: цель остановлена — Target was slain by AI_1.
[ai] Охота (hunt): цель Target.
[cmd] [bot#1] Охота на Target! Через 3 с бежим.
[ai] Охота: цель остановлена — Target was slain by AI_2.
[ai] Охота (hunt): цель Target.
[cmd] [bot#1] Охота на Target! Через 3 с бежим.
[ai] Охота: цель остановлена — Target was slain by AI_7.
[ai] Охота (hunt): цель Target.
[cmd] [bot#1] Охота на Target! Через 3 с бежим.
[ai] Охота: цель остановлена — Target was slain by AI_1.
[ai] Охота (hunt): цель Target.
[cmd] [bot#1] Охота на Target! Через 3 с бежим.
[ai] Мозги сохранены (шагов: hunt 751249).
[ai] Охота: цель остановлена — Target was slain by AI_5.
[ai] Охота (hunt): цель Target.
[cmd] [bot#1] Охота на Target! Через 3 с бежим.
[ai] Охота: цель остановлена — Target was slain by AI_4.
[ai] Охота (hunt): цель Target.
[cmd] [bot#1] Охота на Target! Через 3 с бежим.
[ai] Охота: цель остановлена — Target was slain by AI_4.
[sim] игровое время 4.0 мин (быстрее настоящего в 0.7 раза), тиков 1600, шагов обучения 1942 (5.6/с), раундов 0, осалили всего 0 (0.0 в минуту игры); салки: ждём игроков (сейчас 0)
[sim] с прошлой сводки: поймали всех 0 раз, время вышло 0 раз; в охоте цель остановили всего 12 раз
[sim] блоки с прошлой сводки: поставили боты 164, столбов цели 4, поставила цель 125, коробок цели 4, выкопали боты 13
[sim] охота по укрытиям (всего): коробка 4 за 1.0 мин, столб 4 за 1.2 мин, бег 4 за 1.0 мин
[ai] hunt · ботов 8 · попал по цели 21 раз (1.0 в минуту охоты, в полную силу 95%), остановили цель 12 раз, в среднем в 27.9 блоках от неё · случайных действий 5% · награда +0.777/тик · обучение 5.6 шагов/с по 104.4 мс · loss legs 1.461 head 1.748 hands 1.508
[ai] Мозги сохранены (шагов: hunt 752825).
[sim] Снимок мозгов (hunt): R:\mcbot-sim-snapshots\r10\004.0m
[ai] Охота (hunt): цель Target.
[cmd] [bot#1] Охота на Target! Через 3 с бежим.
[ai] Охота: цель остановлена — Target was slain by AI_6.
[ai] Охота (hunt): цель Target.
[cmd] [bot#1] Охота на Target! Через 3 с бежим.
[ai] Охота: цель остановлена — Target was slain by AI_3.
[ai] Охота (hunt): цель Target.
[cmd] [bot#1] Охота на Target! Через 3 с бежим.
[ai] Мозги сохранены (шагов: hunt 754369).
[ai] Охота: цель остановлена — Target was slain by AI_2.
[ai] Охота (hunt): цель Target.
[cmd] [bot#1] Охота на Target! Через 3 с бежим.
[ai] Охота: цель остановлена — Target was slain by AI_7.
[ai] Охота (hunt): цель Target.
[cmd] [bot#1] Охота на Target! Через 3 с бежим.
[ai] Охота: цель остановлена — Target was slain by AI_2.
[ai] Охота (hunt): цель Target.
[cmd] [bot#1] Охота на Target! Через 3 с бежим.
[ai] Охота: цель остановлена — Target was slain by AI_6.
[ai] Охота (hunt): цель Target.
[cmd] [bot#1] Охота на Target! Через 3 с бежим.
[ai] Мозги сохранены (шагов: hunt 757865).
[ai] Охота: цель остановлена — Target was slain by AI_4.
[ai] Охота (hunt): цель Target.
[cmd] [bot#1] Охота на Target! Через 3 с бежим.
[ai] Охота: цель остановлена — Target was slain by AI_4.
[ai] Охота (hunt): цель Target.
[cmd] [bot#1] Охота на Target! Через 3 с бежим.
[sim] Попросили остановиться (data/sim/stop) — сохраняю и выхожу.
[sim] игровое время 7.2 мин (быстрее настоящего в 0.7 раза), тиков 2880, шагов обучения 3694 (5.9/с), раундов 0, осалили всего 0 (0.0 в минуту игры); салки: ждём игроков (сейчас 0)
[sim] с прошлой сводки: поймали всех 0 раз, время вышло 0 раз; в охоте цель остановили всего 20 раз
[sim] блоки с прошлой сводки: поставили боты 232, коробок цели 4, поставила цель 75, выкопали боты 11, столбов цели 2
[sim] охота по укрытиям (всего): коробка 8 за 2.0 мин, столб 6 за 2.0 мин, бег 6 за 1.7 мин
[ai] hunt · ботов 8 · попал по цели 27 раз (1.5 в минуту охоты, в полную силу 96%, критов 15%), остановили цель 8 раз, в среднем в 34.4 блоках от неё · случайных действий 5% · награда +0.712/тик · обучение 6.3 шагов/с по 101.2 мс · loss legs 1.703 head 2.053 hands 1.762
[ai] Мозги сохранены (шагов: hunt 759833).
[sim] Снимок мозгов (hunt): R:\mcbot-sim-snapshots\r10\007.2m
