[ai] Устройство: cuda
[ai] Мозг задачки chase: сети legs, head, hands; загружен (40300 шагов, epsilon 0.05).
[ai] Мозг задачки flee: сети legs, head, hands; загружен (155908 шагов, epsilon 0.05).
[ai] Задача по умолчанию: tag.
[sim] Салки: 12 ботов, учу 30 мин. Мозги — C:\Users\denis\mc-bot\data\sim\brains.
[ai] Новый бот в рое: id=1, задача tag (сессий: 1)
[ai] Новый бот в рое: id=2, задача tag (сессий: 2)
[ai] Салки: раунд 1 — водит AI_2, игроков 2.
[ai] Новый бот в рое: id=3, задача tag (сессий: 3)
[ai] Новый бот в рое: id=4, задача tag (сессий: 4)
[ai] Новый бот в рое: id=5, задача tag (сессий: 5)
[ai] Новый бот в рое: id=6, задача tag (сессий: 6)
[ai] Новый бот в рое: id=7, задача tag (сессий: 7)
[ai] Новый бот в рое: id=8, задача tag (сессий: 8)
[ai] Новый бот в рое: id=9, задача tag (сессий: 9)
[ai] Новый бот в рое: id=10, задача tag (сессий: 10)
[ai] Новый бот в рое: id=11, задача tag (сессий: 11)
[ai] Новый бот в рое: id=12, задача tag (сессий: 12)
[ai] Салки: AI_2 осалил AI_3 — убегающих осталось 10.
[ai] Салки: AI_2 осалил AI_5 — убегающих осталось 9.
[ai] Салки: AI_3 осалил AI_10 — убегающих осталось 8.
[ai] Мозги сохранены (шагов: chase 42915, flee 168153).
[ai] Мозги сохранены (шагов: chase 42915, flee 168153).
[ai] Мозги сохранены (шагов: chase 42915, flee 168153).
[ai] Мозги сохранены (шагов: chase 42915, flee 168153).
[ai] Мозги сохранены (шагов: chase 42915, flee 168153).
[ai] Мозги сохранены (шагов: chase 42915, flee 168153).
[ai] Мозги сохранены (шагов: chase 42915, flee 168153).
[ai] Мозги сохранены (шагов: chase 42915, flee 168153).
[ai] Мозги сохранены (шагов: chase 42919, flee 168153).
[ai] Мозги сохранены (шагов: chase 42919, flee 168153).
[ai] Мозги сохранены (шагов: chase 42919, flee 168153).
[ai] Мозги сохранены (шагов: chase 42919, flee 168153).
[ai] Салки: AI_10 осалил AI_11 — убегающих осталось 7.
[ai] Салки: AI_11 осалил AI_8 — убегающих осталось 6.
[ai] Салки: AI_11 осалил AI_12 — убегающих осталось 5.
